MPLINK 4.49, Linker
Linker Map File - Created Sun May 09 20:05:27 2021

                                 Section Info
                  Section       Type    Address   Location Size(Bytes)
                ---------  ---------  ---------  ---------  ---------
                   .org_0       code   0x000000    program   0x000000
                   .org_1       code   0x000000    program   0x0000c4
.config_2007_MATRIZ_CARA_FELIZ.O       code   0x002007    program   0x000002
.config_2008_MATRIZ_CARA_FELIZ.O       code   0x002008    program   0x000002



                              Program Memory Usage 
                               Start         End      
                           ---------   ---------      
                            0x000000    0x000061      
                            0x002007    0x002008      
            100 out of 8455 program addresses used, program memory utilization is 1%



                              Symbols - Sorted by Name
                     Name    Address   Location    Storage File                     
                ---------  ---------  ---------  --------- ---------                
              ANIMACION_1   0x000038    program     static D:\Archivos\Programacion\Microcontroladores\PIC\ASSEMBLER\MPASM\PIC16F887\29_MATRIZ_CARITA_FELIZ\MATRIZ_CARA_FELIZ.asm
            CONFIGURACION   0x000001    program     static D:\Archivos\Programacion\Microcontroladores\PIC\ASSEMBLER\MPASM\PIC16F887\LIBRERIAS\PLANTILLA.ASM
                  DECRE2V   0x00004a    program     static D:\Archivos\Programacion\Microcontroladores\PIC\ASSEMBLER\MPASM\PIC16F887\LIBRERIAS\RETARDOS.asm
                  DECRE3V   0x000057    program     static D:\Archivos\Programacion\Microcontroladores\PIC\ASSEMBLER\MPASM\PIC16F887\LIBRERIAS\RETARDOS.asm
                RECARGA3V   0x000055    program     static D:\Archivos\Programacion\Microcontroladores\PIC\ASSEMBLER\MPASM\PIC16F887\LIBRERIAS\RETARDOS.asm
                 REINICIA   0x000019    program     static D:\Archivos\Programacion\Microcontroladores\PIC\ASSEMBLER\MPASM\PIC16F887\29_MATRIZ_CARITA_FELIZ\MATRIZ_CARA_FELIZ.asm
                RENGLONES   0x00002f    program     static D:\Archivos\Programacion\Microcontroladores\PIC\ASSEMBLER\MPASM\PIC16F887\29_MATRIZ_CARITA_FELIZ\MATRIZ_CARA_FELIZ.asm
               SACA_DATOS   0x00001a    program     static D:\Archivos\Programacion\Microcontroladores\PIC\ASSEMBLER\MPASM\PIC16F887\29_MATRIZ_CARITA_FELIZ\MATRIZ_CARA_FELIZ.asm
                     ST1V   0x000041    program     static D:\Archivos\Programacion\Microcontroladores\PIC\ASSEMBLER\MPASM\PIC16F887\LIBRERIAS\RETARDOS.asm
                     ST2V   0x000048    program     static D:\Archivos\Programacion\Microcontroladores\PIC\ASSEMBLER\MPASM\PIC16F887\LIBRERIAS\RETARDOS.asm
                     ST3V   0x000053    program     static D:\Archivos\Programacion\Microcontroladores\PIC\ASSEMBLER\MPASM\PIC16F887\LIBRERIAS\RETARDOS.asm
                 SUBT25MS   0x000062    program     static D:\Archivos\Programacion\Microcontroladores\PIC\ASSEMBLER\MPASM\PIC16F887\LIBRERIAS\RETARDOS.asm



                              Symbols - Sorted by Address
                     Name    Address   Location    Storage File                     
                ---------  ---------  ---------  --------- ---------                
            CONFIGURACION   0x000001    program     static D:\Archivos\Programacion\Microcontroladores\PIC\ASSEMBLER\MPASM\PIC16F887\LIBRERIAS\PLANTILLA.ASM
                 REINICIA   0x000019    program     static D:\Archivos\Programacion\Microcontroladores\PIC\ASSEMBLER\MPASM\PIC16F887\29_MATRIZ_CARITA_FELIZ\MATRIZ_CARA_FELIZ.asm
               SACA_DATOS   0x00001a    program     static D:\Archivos\Programacion\Microcontroladores\PIC\ASSEMBLER\MPASM\PIC16F887\29_MATRIZ_CARITA_FELIZ\MATRIZ_CARA_FELIZ.asm
                RENGLONES   0x00002f    program     static D:\Archivos\Programacion\Microcontroladores\PIC\ASSEMBLER\MPASM\PIC16F887\29_MATRIZ_CARITA_FELIZ\MATRIZ_CARA_FELIZ.asm
              ANIMACION_1   0x000038    program     static D:\Archivos\Programacion\Microcontroladores\PIC\ASSEMBLER\MPASM\PIC16F887\29_MATRIZ_CARITA_FELIZ\MATRIZ_CARA_FELIZ.asm
                     ST1V   0x000041    program     static D:\Archivos\Programacion\Microcontroladores\PIC\ASSEMBLER\MPASM\PIC16F887\LIBRERIAS\RETARDOS.asm
                     ST2V   0x000048    program     static D:\Archivos\Programacion\Microcontroladores\PIC\ASSEMBLER\MPASM\PIC16F887\LIBRERIAS\RETARDOS.asm
                  DECRE2V   0x00004a    program     static D:\Archivos\Programacion\Microcontroladores\PIC\ASSEMBLER\MPASM\PIC16F887\LIBRERIAS\RETARDOS.asm
                     ST3V   0x000053    program     static D:\Archivos\Programacion\Microcontroladores\PIC\ASSEMBLER\MPASM\PIC16F887\LIBRERIAS\RETARDOS.asm
                RECARGA3V   0x000055    program     static D:\Archivos\Programacion\Microcontroladores\PIC\ASSEMBLER\MPASM\PIC16F887\LIBRERIAS\RETARDOS.asm
                  DECRE3V   0x000057    program     static D:\Archivos\Programacion\Microcontroladores\PIC\ASSEMBLER\MPASM\PIC16F887\LIBRERIAS\RETARDOS.asm
                 SUBT25MS   0x000062    program     static D:\Archivos\Programacion\Microcontroladores\PIC\ASSEMBLER\MPASM\PIC16F887\LIBRERIAS\RETARDOS.asm


