MPLINK 4.49, Linker
Linker Map File - Created Mon May 31 20:56:24 2021

                                 Section Info
                  Section       Type    Address   Location Size(Bytes)
                ---------  ---------  ---------  ---------  ---------
                   .org_0       code   0x000000    program   0x000000
                   .org_1       code   0x000000    program   0x000002
                   .org_2       code   0x000004    program   0x00027a
 .config_2007_TMR0_TEMP.O       code   0x002007    program   0x000002
 .config_2008_TMR0_TEMP.O       code   0x002008    program   0x000002



                              Program Memory Usage 
                               Start         End      
                           ---------   ---------      
                            0x000000    0x000000      
                            0x000004    0x000140      
                            0x002007    0x002008      
            320 out of 8455 program addresses used, program memory utilization is 3%



                              Symbols - Sorted by Name
                     Name    Address   Location    Storage File                     
                ---------  ---------  ---------  --------- ---------                
                 ACTIVA_E   0x000134    program     static D:\Archivos\Programacion\Microcontroladores\PIC\ASSEMBLER\MPASM\PIC16F887\LIBRERIAS\LIBRERIA_LCD.asm
              BIN_A_ASCII   0x00008b    program     static D:\Archivos\Programacion\Microcontroladores\PIC\ASSEMBLER\MPASM\PIC16F887\37_TMR0_TEMPORIZADOR\TMR0_TEMP.asm
                 CLR_FLAG   0x00006f    program     static D:\Archivos\Programacion\Microcontroladores\PIC\ASSEMBLER\MPASM\PIC16F887\37_TMR0_TEMPORIZADOR\TMR0_TEMP.asm
                  DECRE2V   0x0000d2    program     static D:\Archivos\Programacion\Microcontroladores\PIC\ASSEMBLER\MPASM\PIC16F887\LIBRERIAS\LIBRERIA_RETARDOS.asm
                  DECRE3V   0x0000df    program     static D:\Archivos\Programacion\Microcontroladores\PIC\ASSEMBLER\MPASM\PIC16F887\LIBRERIAS\LIBRERIA_RETARDOS.asm
          DIRECCION_DDRAM   0x000113    program     static D:\Archivos\Programacion\Microcontroladores\PIC\ASSEMBLER\MPASM\PIC16F887\LIBRERIAS\LIBRERIA_LCD.asm
               ENTRY_MODE   0x000101    program     static D:\Archivos\Programacion\Microcontroladores\PIC\ASSEMBLER\MPASM\PIC16F887\LIBRERIAS\LIBRERIA_LCD.asm
         ESCRIBE_CARACTER   0x000115    program     static D:\Archivos\Programacion\Microcontroladores\PIC\ASSEMBLER\MPASM\PIC16F887\LIBRERIAS\LIBRERIA_LCD.asm
             ESCRIBE_DATO   0x000121    program     static D:\Archivos\Programacion\Microcontroladores\PIC\ASSEMBLER\MPASM\PIC16F887\LIBRERIAS\LIBRERIA_LCD.asm
                  FIN_INT   0x000072    program     static D:\Archivos\Programacion\Microcontroladores\PIC\ASSEMBLER\MPASM\PIC16F887\37_TMR0_TEMPORIZADOR\TMR0_TEMP.asm
             FUNCTION_SET   0x0000fb    program     static D:\Archivos\Programacion\Microcontroladores\PIC\ASSEMBLER\MPASM\PIC16F887\LIBRERIAS\LIBRERIA_LCD.asm
                     HOME   0x000109    program     static D:\Archivos\Programacion\Microcontroladores\PIC\ASSEMBLER\MPASM\PIC16F887\LIBRERIAS\LIBRERIA_LCD.asm
               INICIALIZA   0x00001f    program     static D:\Archivos\Programacion\Microcontroladores\PIC\ASSEMBLER\MPASM\PIC16F887\37_TMR0_TEMPORIZADOR\TMR0_TEMP.asm
                 INIT_LCD   0x0000ea    program     static D:\Archivos\Programacion\Microcontroladores\PIC\ASSEMBLER\MPASM\PIC16F887\LIBRERIAS\LIBRERIA_LCD.asm
                      ISR   0x00005d    program     static D:\Archivos\Programacion\Microcontroladores\PIC\ASSEMBLER\MPASM\PIC16F887\37_TMR0_TEMPORIZADOR\TMR0_TEMP.asm
                  LCD_OFF   0x0000fd    program     static D:\Archivos\Programacion\Microcontroladores\PIC\ASSEMBLER\MPASM\PIC16F887\LIBRERIAS\LIBRERIA_LCD.asm
                   LCD_ON   0x000103    program     static D:\Archivos\Programacion\Microcontroladores\PIC\ASSEMBLER\MPASM\PIC16F887\LIBRERIAS\LIBRERIA_LCD.asm
            LCD_ON_CURSOR   0x000105    program     static D:\Archivos\Programacion\Microcontroladores\PIC\ASSEMBLER\MPASM\PIC16F887\LIBRERIAS\LIBRERIA_LCD.asm
        LCD_ON_CURS_BLINK   0x000107    program     static D:\Archivos\Programacion\Microcontroladores\PIC\ASSEMBLER\MPASM\PIC16F887\LIBRERIAS\LIBRERIA_LCD.asm
               LIMPIA_LCD   0x0000ff    program     static D:\Archivos\Programacion\Microcontroladores\PIC\ASSEMBLER\MPASM\PIC16F887\LIBRERIAS\LIBRERIA_LCD.asm
               MINISALUDO   0x00012b    program     static D:\Archivos\Programacion\Microcontroladores\PIC\ASSEMBLER\MPASM\PIC16F887\LIBRERIAS\LIBRERIA_LCD.asm
                RECARGA3V   0x0000dd    program     static D:\Archivos\Programacion\Microcontroladores\PIC\ASSEMBLER\MPASM\PIC16F887\LIBRERIAS\LIBRERIA_RETARDOS.asm
          RECORRE_DER_CUR   0x00010f    program     static D:\Archivos\Programacion\Microcontroladores\PIC\ASSEMBLER\MPASM\PIC16F887\LIBRERIAS\LIBRERIA_LCD.asm
          RECORRE_DER_LCD   0x00010b    program     static D:\Archivos\Programacion\Microcontroladores\PIC\ASSEMBLER\MPASM\PIC16F887\LIBRERIAS\LIBRERIA_LCD.asm
          RECORRE_IZQ_CUR   0x000111    program     static D:\Archivos\Programacion\Microcontroladores\PIC\ASSEMBLER\MPASM\PIC16F887\LIBRERIAS\LIBRERIA_LCD.asm
          RECORRE_IZQ_LCD   0x00010d    program     static D:\Archivos\Programacion\Microcontroladores\PIC\ASSEMBLER\MPASM\PIC16F887\LIBRERIAS\LIBRERIA_LCD.asm
                  RESTA10   0x000096    program     static D:\Archivos\Programacion\Microcontroladores\PIC\ASSEMBLER\MPASM\PIC16F887\37_TMR0_TEMPORIZADOR\TMR0_TEMP.asm
                 RESTA100   0x00008e    program     static D:\Archivos\Programacion\Microcontroladores\PIC\ASSEMBLER\MPASM\PIC16F887\37_TMR0_TEMPORIZADOR\TMR0_TEMP.asm
                     ST1V   0x0000c9    program     static D:\Archivos\Programacion\Microcontroladores\PIC\ASSEMBLER\MPASM\PIC16F887\LIBRERIAS\LIBRERIA_RETARDOS.asm
                     ST2V   0x0000d0    program     static D:\Archivos\Programacion\Microcontroladores\PIC\ASSEMBLER\MPASM\PIC16F887\LIBRERIAS\LIBRERIA_RETARDOS.asm
                     ST3V   0x0000db    program     static D:\Archivos\Programacion\Microcontroladores\PIC\ASSEMBLER\MPASM\PIC16F887\LIBRERIAS\LIBRERIA_RETARDOS.asm
                   SUMA10   0x00009c    program     static D:\Archivos\Programacion\Microcontroladores\PIC\ASSEMBLER\MPASM\PIC16F887\37_TMR0_TEMPORIZADOR\TMR0_TEMP.asm
                  SUMA100   0x000094    program     static D:\Archivos\Programacion\Microcontroladores\PIC\ASSEMBLER\MPASM\PIC16F887\37_TMR0_TEMPORIZADOR\TMR0_TEMP.asm
                   TABLA1   0x000047    program     static D:\Archivos\Programacion\Microcontroladores\PIC\ASSEMBLER\MPASM\PIC16F887\37_TMR0_TEMPORIZADOR\TMR0_TEMP.asm
                   TABLA2   0x000054    program     static D:\Archivos\Programacion\Microcontroladores\PIC\ASSEMBLER\MPASM\PIC16F887\37_TMR0_TEMPORIZADOR\TMR0_TEMP.asm
                TABLA_LCD   0x0000a8    program     static D:\Archivos\Programacion\Microcontroladores\PIC\ASSEMBLER\MPASM\PIC16F887\37_TMR0_TEMPORIZADOR\TMR0_TEMP.asm



                              Symbols - Sorted by Address
                     Name    Address   Location    Storage File                     
                ---------  ---------  ---------  --------- ---------                
               INICIALIZA   0x00001f    program     static D:\Archivos\Programacion\Microcontroladores\PIC\ASSEMBLER\MPASM\PIC16F887\37_TMR0_TEMPORIZADOR\TMR0_TEMP.asm
                   TABLA1   0x000047    program     static D:\Archivos\Programacion\Microcontroladores\PIC\ASSEMBLER\MPASM\PIC16F887\37_TMR0_TEMPORIZADOR\TMR0_TEMP.asm
                   TABLA2   0x000054    program     static D:\Archivos\Programacion\Microcontroladores\PIC\ASSEMBLER\MPASM\PIC16F887\37_TMR0_TEMPORIZADOR\TMR0_TEMP.asm
                      ISR   0x00005d    program     static D:\Archivos\Programacion\Microcontroladores\PIC\ASSEMBLER\MPASM\PIC16F887\37_TMR0_TEMPORIZADOR\TMR0_TEMP.asm
                 CLR_FLAG   0x00006f    program     static D:\Archivos\Programacion\Microcontroladores\PIC\ASSEMBLER\MPASM\PIC16F887\37_TMR0_TEMPORIZADOR\TMR0_TEMP.asm
                  FIN_INT   0x000072    program     static D:\Archivos\Programacion\Microcontroladores\PIC\ASSEMBLER\MPASM\PIC16F887\37_TMR0_TEMPORIZADOR\TMR0_TEMP.asm
              BIN_A_ASCII   0x00008b    program     static D:\Archivos\Programacion\Microcontroladores\PIC\ASSEMBLER\MPASM\PIC16F887\37_TMR0_TEMPORIZADOR\TMR0_TEMP.asm
                 RESTA100   0x00008e    program     static D:\Archivos\Programacion\Microcontroladores\PIC\ASSEMBLER\MPASM\PIC16F887\37_TMR0_TEMPORIZADOR\TMR0_TEMP.asm
                  SUMA100   0x000094    program     static D:\Archivos\Programacion\Microcontroladores\PIC\ASSEMBLER\MPASM\PIC16F887\37_TMR0_TEMPORIZADOR\TMR0_TEMP.asm
                  RESTA10   0x000096    program     static D:\Archivos\Programacion\Microcontroladores\PIC\ASSEMBLER\MPASM\PIC16F887\37_TMR0_TEMPORIZADOR\TMR0_TEMP.asm
                   SUMA10   0x00009c    program     static D:\Archivos\Programacion\Microcontroladores\PIC\ASSEMBLER\MPASM\PIC16F887\37_TMR0_TEMPORIZADOR\TMR0_TEMP.asm
                TABLA_LCD   0x0000a8    program     static D:\Archivos\Programacion\Microcontroladores\PIC\ASSEMBLER\MPASM\PIC16F887\37_TMR0_TEMPORIZADOR\TMR0_TEMP.asm
                     ST1V   0x0000c9    program     static D:\Archivos\Programacion\Microcontroladores\PIC\ASSEMBLER\MPASM\PIC16F887\LIBRERIAS\LIBRERIA_RETARDOS.asm
                     ST2V   0x0000d0    program     static D:\Archivos\Programacion\Microcontroladores\PIC\ASSEMBLER\MPASM\PIC16F887\LIBRERIAS\LIBRERIA_RETARDOS.asm
                  DECRE2V   0x0000d2    program     static D:\Archivos\Programacion\Microcontroladores\PIC\ASSEMBLER\MPASM\PIC16F887\LIBRERIAS\LIBRERIA_RETARDOS.asm
                     ST3V   0x0000db    program     static D:\Archivos\Programacion\Microcontroladores\PIC\ASSEMBLER\MPASM\PIC16F887\LIBRERIAS\LIBRERIA_RETARDOS.asm
                RECARGA3V   0x0000dd    program     static D:\Archivos\Programacion\Microcontroladores\PIC\ASSEMBLER\MPASM\PIC16F887\LIBRERIAS\LIBRERIA_RETARDOS.asm
                  DECRE3V   0x0000df    program     static D:\Archivos\Programacion\Microcontroladores\PIC\ASSEMBLER\MPASM\PIC16F887\LIBRERIAS\LIBRERIA_RETARDOS.asm
                 INIT_LCD   0x0000ea    program     static D:\Archivos\Programacion\Microcontroladores\PIC\ASSEMBLER\MPASM\PIC16F887\LIBRERIAS\LIBRERIA_LCD.asm
             FUNCTION_SET   0x0000fb    program     static D:\Archivos\Programacion\Microcontroladores\PIC\ASSEMBLER\MPASM\PIC16F887\LIBRERIAS\LIBRERIA_LCD.asm
                  LCD_OFF   0x0000fd    program     static D:\Archivos\Programacion\Microcontroladores\PIC\ASSEMBLER\MPASM\PIC16F887\LIBRERIAS\LIBRERIA_LCD.asm
               LIMPIA_LCD   0x0000ff    program     static D:\Archivos\Programacion\Microcontroladores\PIC\ASSEMBLER\MPASM\PIC16F887\LIBRERIAS\LIBRERIA_LCD.asm
               ENTRY_MODE   0x000101    program     static D:\Archivos\Programacion\Microcontroladores\PIC\ASSEMBLER\MPASM\PIC16F887\LIBRERIAS\LIBRERIA_LCD.asm
                   LCD_ON   0x000103    program     static D:\Archivos\Programacion\Microcontroladores\PIC\ASSEMBLER\MPASM\PIC16F887\LIBRERIAS\LIBRERIA_LCD.asm
            LCD_ON_CURSOR   0x000105    program     static D:\Archivos\Programacion\Microcontroladores\PIC\ASSEMBLER\MPASM\PIC16F887\LIBRERIAS\LIBRERIA_LCD.asm
        LCD_ON_CURS_BLINK   0x000107    program     static D:\Archivos\Programacion\Microcontroladores\PIC\ASSEMBLER\MPASM\PIC16F887\LIBRERIAS\LIBRERIA_LCD.asm
                     HOME   0x000109    program     static D:\Archivos\Programacion\Microcontroladores\PIC\ASSEMBLER\MPASM\PIC16F887\LIBRERIAS\LIBRERIA_LCD.asm
          RECORRE_DER_LCD   0x00010b    program     static D:\Archivos\Programacion\Microcontroladores\PIC\ASSEMBLER\MPASM\PIC16F887\LIBRERIAS\LIBRERIA_LCD.asm
          RECORRE_IZQ_LCD   0x00010d    program     static D:\Archivos\Programacion\Microcontroladores\PIC\ASSEMBLER\MPASM\PIC16F887\LIBRERIAS\LIBRERIA_LCD.asm
          RECORRE_DER_CUR   0x00010f    program     static D:\Archivos\Programacion\Microcontroladores\PIC\ASSEMBLER\MPASM\PIC16F887\LIBRERIAS\LIBRERIA_LCD.asm
          RECORRE_IZQ_CUR   0x000111    program     static D:\Archivos\Programacion\Microcontroladores\PIC\ASSEMBLER\MPASM\PIC16F887\LIBRERIAS\LIBRERIA_LCD.asm
          DIRECCION_DDRAM   0x000113    program     static D:\Archivos\Programacion\Microcontroladores\PIC\ASSEMBLER\MPASM\PIC16F887\LIBRERIAS\LIBRERIA_LCD.asm
         ESCRIBE_CARACTER   0x000115    program     static D:\Archivos\Programacion\Microcontroladores\PIC\ASSEMBLER\MPASM\PIC16F887\LIBRERIAS\LIBRERIA_LCD.asm
             ESCRIBE_DATO   0x000121    program     static D:\Archivos\Programacion\Microcontroladores\PIC\ASSEMBLER\MPASM\PIC16F887\LIBRERIAS\LIBRERIA_LCD.asm
               MINISALUDO   0x00012b    program     static D:\Archivos\Programacion\Microcontroladores\PIC\ASSEMBLER\MPASM\PIC16F887\LIBRERIAS\LIBRERIA_LCD.asm
                 ACTIVA_E   0x000134    program     static D:\Archivos\Programacion\Microcontroladores\PIC\ASSEMBLER\MPASM\PIC16F887\LIBRERIAS\LIBRERIA_LCD.asm


