MPLINK 4.49, Linker
Linker Map File - Created Thu Apr 15 17:19:48 2021

                                 Section Info
                  Section       Type    Address   Location Size(Bytes)
                ---------  ---------  ---------  ---------  ---------
                   .org_0       code   0x000000    program   0x000000
                   .org_1       code   0x000000    program   0x000052
.config_2007_COMP_MENOR.O       code   0x002007    program   0x000002
.config_2008_COMP_MENOR.O       code   0x002008    program   0x000002



                              Program Memory Usage 
                               Start         End      
                           ---------   ---------      
                            0x000000    0x000028      
                            0x002007    0x002008      
            43 out of 8455 program addresses used, program memory utilization is 0%



                              Symbols - Sorted by Name
                     Name    Address   Location    Storage File                     
                ---------  ---------  ---------  --------- ---------                
            CONFIGURACION   0x000001    program     static D:\Archivos\Programacion\Microcontroladores\PIC\ASSEMBLER\MPASM\PIC16F887\00_PLANTILLA\PLANTILLA.ASM
                     LOOP   0x00001b    program     static D:\Archivos\Programacion\Microcontroladores\PIC\ASSEMBLER\MPASM\PIC16F887\8_COMPARAR_MENOR\COMP_MENOR.asm
              MENOR_IGUAL   0x000024    program     static D:\Archivos\Programacion\Microcontroladores\PIC\ASSEMBLER\MPASM\PIC16F887\8_COMPARAR_MENOR\COMP_MENOR.asm



                              Symbols - Sorted by Address
                     Name    Address   Location    Storage File                     
                ---------  ---------  ---------  --------- ---------                
            CONFIGURACION   0x000001    program     static D:\Archivos\Programacion\Microcontroladores\PIC\ASSEMBLER\MPASM\PIC16F887\00_PLANTILLA\PLANTILLA.ASM
                     LOOP   0x00001b    program     static D:\Archivos\Programacion\Microcontroladores\PIC\ASSEMBLER\MPASM\PIC16F887\8_COMPARAR_MENOR\COMP_MENOR.asm
              MENOR_IGUAL   0x000024    program     static D:\Archivos\Programacion\Microcontroladores\PIC\ASSEMBLER\MPASM\PIC16F887\8_COMPARAR_MENOR\COMP_MENOR.asm


