MPASM  5.51                      LCD_INIT.ASM   5-18-2021  16:23:29         PAGE  1


LOC  OBJECT CODE     LINE SOURCE TEXT
  VALUE

                      00001 ;DESCRIPCION:
                      00002 ;INICIALIZAR LA PANTALLA LCD
                      00003 ;(PB0-PB3 SE CONECTAN A D4-D7 DE LA LCD
                      00004 ;RS SE CONECTA A PB4 Y E  A PB5
                      00005 ;IMPRIME USANDO 4BITS DE BUS DE DATOS
                      00006 ;LAS CADENAS (EN LA LCD):
                      00007 ;"ENSAMBLADOR PARA"
                      00008 ;"PIC16F887       :)"
                      00009 ;---------------------------MACROS-----------------------------------
                      00010 
                      00011 ;---------------------------DEFINE-----------------------------------
                      00012 #DEFINE         RS_0    BCF             PORTB,4
                      00013 #DEFINE         RS_1    BSF             PORTB,4
                      00014 #DEFINE         E_0             BCF             PORTB,5
                      00015 #DEFINE         E_1             BSF             PORTB,5
                      00016 ;----------------------------EQU--------------------------------------
  0000002A            00017 DATO            EQU             0X2A
                      00018 ;---------------------------HEADER--------------------------------------
                      00019                                         
                      00020                         INCLUDE         <D:\Archivos\Programacion\Microcontroladores\PIC\ASSEMBLER\MPASM
                            \PIC16F887\LIBRERIAS\RETARDOS_MACROS.ASM> ;MACRO DE RETARDO
                      00001 ;---------RETARDO 1 VARIABLE-----------------
                      00002 
                      00003 RETARDO_1V      MACRO           VAR1
                      00004                 MOVLW           VAR1
                      00005                 MOVWF           0X60
                      00006                 CALL            ST1V
                      00007                 ENDM
                      00008 
                      00009 ;---------RETARDO 2 VARIABLES-----------------
                      00010 RETARDO_2V      MACRO           VAR1,VAR2
                      00011                 MOVLW           VAR1
                      00012                 MOVWF           0X61
                      00013                 MOVLW           VAR2
                      00014                 MOVWF           0X62
                      00015                 CALL            ST2V
                      00016                 ENDM
                      00017 
                      00018 ;---------RETARDO 3 VARIABLES-----------------
                      00019 RETARDO_3V      MACRO           VAR1,VAR2,VAR3
                      00020                 MOVLW           VAR1                            ;VAR1
                      00021                 MOVWF           0X64
                      00022                 MOVLW           VAR2                            ;VAR2
                      00023                 MOVWF           0X65                    
                      00024                 MOVLW           VAR3                            ;VAR3
                      00025                 MOVWF           VAR3
                      00026                 CALL            ST3V
                      00027                 ENDM
                      00028 ;---------------------------------------------------
                      00021                         INCLUDE         <D:\Archivos\Programacion\Microcontroladores\PIC\ASSEMBLER\MPASM
                            \PIC16F887\LIBRERIAS\PLANTILLA.ASM>     ;CONFIGURACION BASICA
                      00001 ;PLANTILLA PARA CONFIGURACION BASICA
                      00002 
MPASM  5.51                      LCD_INIT.ASM   5-18-2021  16:23:29         PAGE  2


LOC  OBJECT CODE     LINE SOURCE TEXT
  VALUE

                      00003 ;DIRECTIVAS
                      00004                         
                      00005                          PROCESSOR      16F887
2007   23E4           00006                         __CONFIG        0X2007,23E4
2008   3FFF           00007                         __CONFIG        0X2008,3FFF
                      00008                         INCLUDE         <P16F887.INC>
                      00001         LIST
                      00002 
                      00003 ;==========================================================================
                      00004 ;  MPASM PIC16F887 processor include
                      00005 ; 
                      00006 ;  (c) Copyright 1999-2013 Microchip Technology, All rights reserved
                      00007 ;==========================================================================
                      00008 
                      00809         LIST
                      00009 
0000                  00010                         ORG                     0X0000                  ;EMPEZAR EN LA DIRECCION 0 DE LA
                             MEMORIA DE PROGRAMA
0000   2801           00011                         GOTO            CONFIGURACION
                      00012 ;ETIQUETAS | NEMONICOS | OPERANDOS              | COMENTARIOS   
                      00013 
0001                  00014 CONFIGURACION   
                      00015                 
0001   1683           00016                 BSF                     STATUS,RP0
0002   1703           00017                         BSF                     STATUS,RP1              ;ACCEDIENDO AL BANCO 3
Message[302]: Register in operand not in bank 0.  Ensure that bank bits are correct.
0003   0188           00018                         CLRF            ANSEL
Message[302]: Register in operand not in bank 0.  Ensure that bank bits are correct.
0004   0189           00019                         CLRF            ANSELH                  ;TODOS LOS PINES DIGITALES
                      00020                         
0005   1303           00021                         BCF                     STATUS,RP1
0006   1683           00022                         BSF                     STATUS,RP0              ;ACCEDIENDO AL BANCO 1
Message[302]: Register in operand not in bank 0.  Ensure that bank bits are correct.
0007   0185           00023                         CLRF            TRISA                   ;PUERTO A COMO ENTRADA
Message[302]: Register in operand not in bank 0.  Ensure that bank bits are correct.
0008   0186           00024                         CLRF            TRISB                   ;PUERTO B COMO SALIDA
Message[302]: Register in operand not in bank 0.  Ensure that bank bits are correct.
0009   0187           00025                         CLRF            TRISC                   ;PUERTO C COMO ENTRADA
Message[302]: Register in operand not in bank 0.  Ensure that bank bits are correct.
000A   0188           00026                         CLRF            TRISD                   ;PUERTO D COMO SALIDA
Message[302]: Register in operand not in bank 0.  Ensure that bank bits are correct.
000B   0189           00027                         CLRF            TRISE                   ;PUERTO E COMO ENTRADA
                      00028                         
                      00029 
000C   1283           00030                         BCF                     STATUS,RP0              
000D   1303           00031                         BCF                     STATUS,RP1              ;ACCEDIENDO AL BANCO 0
000E   0185           00032                         CLRF            PORTA                   ;LIMPIAR EL PUERTO A
000F   0186           00033                         CLRF            PORTB                   ;LIMPIAR EL PUERTO B
0010   0187           00034                         CLRF            PORTC                   ;LIMPIAR EL PUERTO C
0011   0188           00035                         CLRF            PORTD                   ;LIMPIAR EL PUERTO D
0012   0189           00036                         CLRF            PORTE                   ;LIMPIAR EL PUERTO E
                      00037                 
0013   1303           00038                         BCF                     STATUS,RP1
MPASM  5.51                      LCD_INIT.ASM   5-18-2021  16:23:29         PAGE  3


LOC  OBJECT CODE     LINE SOURCE TEXT
  VALUE

0014   1683           00039                         BSF                     STATUS,RP0              ;ACCEDIENDO AL BANCO 1
                      00040                         
                      00022 
                      00023                         ;NOS DEJA EN EL BANCO 1 
                      00024 
                      00025 ;-----------------------CODIGO PRINCIPAL------------------------------
                      00026 ;ETIQUETAS                      |NEMONICOS              | OPERANDOS             | COMENTARIOS   
Message[302]: Register in operand not in bank 0.  Ensure that bank bits are correct.
0015   0186           00027                                         CLRF                    TRISB
0016   1283           00028                                         BCF                             STATUS,RP0
0017   202F           00029                                         CALL                    INIT_LCD
                      00030                                         
0018   01A0           00031                                         CLRF                    0X20
0019   0820           00032 TABLA_1                         MOVF                    0X20,W
001A   2085           00033                                         CALL                    TABLA_LCD
001B   2059           00034                                         CALL                    ESCRIBE_CARACTER
001C   0AA0           00035                                         INCF                    0X20,F
001D   3010           00036                                         MOVLW                   .16
001E   0620           00037                                         XORWF                   0X20,W
001F   1D03           00038                                         BTFSS                   STATUS,Z
0020   2819           00039                                         GOTO                    TABLA_1
                      00040                                         
0021   3040           00041                                         MOVLW                   0X40                                    
                            ;POSICIONARSE EN LA SEGUNDA FILA
0022   2057           00042                                         CALL                    DIRECCION_DDRAM
                      00043 
                      00044 
0023   3010           00045                                         MOVLW                   .16
0024   00A0           00046                                         MOVWF                   0X20
0025   0820           00047 TABLA_2                         MOVF                    0X20,W
0026   2085           00048                                         CALL                    TABLA_LCD
0027   2059           00049                                         CALL                    ESCRIBE_CARACTER
0028   0AA0           00050                                         INCF                    0X20,F
0029   3020           00051                                         MOVLW                   .32
002A   0620           00052                                         XORWF                   0X20,W
002B   1D03           00053                                         BTFSS                   STATUS,Z
002C   2825           00054                                         GOTO                    TABLA_2
002D   2047           00055                                         CALL                    LCD_ON                  
002E   2819           00056                                         GOTO                    TABLA_1
                      00057                                         
                      00058 
                      00059                                         
                      00060 ;--------------------------SUBRUTINAS--------------------------------
                      00061 INIT_LCD:                       RETARDO_2V              .61,.232                        ;100mS
002F   303D               M                 MOVLW           .61
0030   00E1               M                 MOVWF           0X61
0031   30E8               M                 MOVLW           .232
0032   00E2               M                 MOVWF           0X62
0033   20AD               M                 CALL            ST2V
0034   206F           00062                                         CALL                    MINISALUDO
0035   206F           00063                                         CALL                    MINISALUDO
0036   206F           00064                                         CALL                    MINISALUDO
0037   3002           00065                                         MOVLW                   B'00000010'
MPASM  5.51                      LCD_INIT.ASM   5-18-2021  16:23:29         PAGE  4


LOC  OBJECT CODE     LINE SOURCE TEXT
  VALUE

0038   0086           00066                                         MOVWF                   PORTB
0039   2078           00067                                         CALL                    ACTIVA_E
003A   203F           00068                                         CALL                    FUNCTION_SET
003B   2041           00069                                         CALL                    LCD_OFF
003C   2043           00070                                         CALL                    LIMPIA_LCD
003D   2045           00071                                         CALL                    ENTRY_MODE
003E   0008           00072                                         RETURN                                                          
                      00073 
003F   3028           00074 FUNCTION_SET:           MOVLW                   B'00101000'                     ;4BITS, 2FILAS, 5X7 PIXE
                            LS      
0040   2865           00075                                         GOTO                    ESCRIBE_DATO
                      00076 
0041   3008           00077 LCD_OFF:                        MOVLW                   B'00001000'                     
0042   2865           00078                                         GOTO                    ESCRIBE_DATO
                      00079 
0043   3001           00080 LIMPIA_LCD:                     MOVLW                   B'00000001'
0044   2865           00081                                         GOTO                    ESCRIBE_DATO
                      00082 
0045   3006           00083 ENTRY_MODE:                     MOVLW                   B'00000110'                     ;NO RECORRE INFO
                            RMACION AL ESCRIBIR,APUNTADOR CON INCREMENTE
0046   2865           00084                                         GOTO                    ESCRIBE_DATO
                      00085 
0047   300C           00086 LCD_ON:                         MOVLW                   B'00001100'
0048   2865           00087                                         GOTO                    ESCRIBE_DATO
                      00088 
0049   300E           00089 LCD_ON_CURSOR:          MOVLW                   B'00001110'
004A   2865           00090                                         GOTO                    ESCRIBE_DATO    
                      00091 
004B   300F           00092 LCD_ON_CURS_BLINK:  MOVLW                       B'00001111'
004C   2865           00093                                         GOTO                    ESCRIBE_DATO
                      00094 
004D   3002           00095 HOME:                           MOVLW                   B'00000010'
004E   2865           00096                                         GOTO                    ESCRIBE_DATO    
                      00097 
004F   301C           00098 RECORRE_DER_LCD:        MOVLW                   B'00011100'
0050   2865           00099                                         GOTO                    ESCRIBE_DATO    
                      00100 
0051   3018           00101 RECORRE_IZQ_LCD:        MOVLW                   B'00011000'
0052   2865           00102                                         GOTO                    ESCRIBE_DATO    
                      00103 
0053   3014           00104 RECORRE_DER_CUR:        MOVLW                   B'00010100'
0054   2865           00105                                         GOTO                    ESCRIBE_DATO    
                      00106 
0055   3010           00107 RECORRE_IZQ_CUR:        MOVLW                   B'00010000'
0056   2865           00108                                         GOTO                    ESCRIBE_DATO
                      00109 
0057   3880           00110 DIRECCION_DDRAM:        IORLW                   B'10000000'
0058   2865           00111                                         GOTO                    ESCRIBE_DATO
                      00112         
0059   00AA           00113 ESCRIBE_CARACTER:       MOVWF                   DATO
005A   0E2A           00114                                         SWAPF                   DATO,W
005B   390F           00115                                         ANDLW                   B'00001111'
005C   0086           00116                                         MOVWF                   PORTB
MPASM  5.51                      LCD_INIT.ASM   5-18-2021  16:23:29         PAGE  5


LOC  OBJECT CODE     LINE SOURCE TEXT
  VALUE

005D   1606           00117                                         RS_1
005E   2078           00118                                         CALL                    ACTIVA_E                        ;ENVIAR 
                            LOS 4BITS MSB
005F   082A           00119                                         MOVF                    DATO,W
0060   390F           00120                                         ANDLW                   B'00001111'
0061   0086           00121                                         MOVWF                   PORTB
0062   1606           00122                                         RS_1
0063   2078           00123                                         CALL                    ACTIVA_E                        ;ENVIAR 
                            LOS 4BITS LSB
0064   0008           00124                                         RETURN 
                      00125 
0065   00AA           00126 ESCRIBE_DATO:           MOVWF                   DATO
0066   0E2A           00127                                         SWAPF                   DATO,W
0067   390F           00128                                         ANDLW                   B'00001111'
0068   0086           00129                                         MOVWF                   PORTB
0069   2078           00130                                         CALL                    ACTIVA_E                        ;ENVIAR 
                            LOS 4BITS MSB
006A   082A           00131                                         MOVF                    DATO,W
006B   390F           00132                                         ANDLW                   B'00001111'
006C   0086           00133                                         MOVWF                   PORTB
006D   2078           00134                                         CALL                    ACTIVA_E                        ;ENVIAR 
                            LOS 4BITS LSB
006E   0008           00135                                         RETURN 
                      00136 
                      00137                                         
006F   3003           00138 MINISALUDO:                     MOVLW                   B'00000011'
0070   0086           00139                                         MOVWF                   PORTB
0071   2078           00140                                         CALL                    ACTIVA_E
                      00141                                         RETARDO_2V              .4,.156                         ;5mS
0072   3004               M                 MOVLW           .4
0073   00E1               M                 MOVWF           0X61
0074   309C               M                 MOVLW           .156
0075   00E2               M                 MOVWF           0X62
0076   20AD               M                 CALL            ST2V
0077   0008           00142                                         RETURN
                      00143 
0078   1686           00144 ACTIVA_E:                       E_1
0079   0000           00145                                         NOP
007A   0000           00146                                         NOP
007B   0000           00147                                         NOP
007C   0000           00148                                         NOP
007D   0000           00149                                         NOP
007E   1286           00150                                         E_0
                      00151                                         RETARDO_2V              .35,.8
007F   3023               M                 MOVLW           .35
0080   00E1               M                 MOVWF           0X61
0081   3008               M                 MOVLW           .8
0082   00E2               M                 MOVWF           0X62
0083   20AD               M                 CALL            ST2V
0084   0008           00152                                         RETURN
                      00153 ;----------------------------TABLAS----------------------------------
0085   0782           00154 TABLA_LCD                       ADDWF                   PCL,F
0086   3445 344E 3453 00155                                         DT                              "ENSAMBLADOR PARA"
MPASM  5.51                      LCD_INIT.ASM   5-18-2021  16:23:29         PAGE  6


LOC  OBJECT CODE     LINE SOURCE TEXT
  VALUE

       3441 344D 3442 
       344C 3441 3444 
       344F 3452 3420 
       3450 3441 3452 
       3441 
0096   3450 3449 3443 00156                                         DT                              "PIC16F887     :)"
       3431 3436 3446 
       3438 3438 3437 
       3420 3420 3420 
       3420 3420 343A 
       3429 
                      00157 ;---------------------------LIBRERIAS--------------------------------
                      00158                         INCLUDE         <D:\Archivos\Programacion\Microcontroladores\PIC\ASSEMBLER\MPASM
                            \PIC16F887\LIBRERIAS\RETARDOS.asm>
                      00001 ;                       MOVLW           .                       ;VAR2
                      00002 ;                       MOVWF           0X61
                      00003 ;                       MOVLW           .                       ;VAR1
                      00004 ;                       MOVWF           0X62
                      00005 ;                       CALL            ST2V
                      00006 ;                       RETURN
                      00007 ;;---------------------------------------------------------
                      00008 ;                       MOVLW           .                       ;VAR1
                      00009 ;                       MOVWF           0X64
                      00010 ;                       MOVLW           .                       ;VAR2
                      00011 ;                       MOVWF           0X65            
                      00012 ;                       MOVLW           .                       ;VAR3
                      00013 ;                       MOVWF           0X66
                      00014 ;                       CALL            ST3V
                      00015 
                      00016 ;--------------------RUTINA DE TIEMPO 1 VAR---------------
                      00017 
00A6   0000           00018 ST1V:                   NOP
00A7   0000           00019                         NOP
00A8   0000           00020                         NOP 
00A9   0000           00021                         NOP
00AA   0BE0           00022                         DECFSZ          0X60,F
00AB   28A6           00023                         GOTO            ST1V
00AC   0008           00024                         RETURN
                      00025 
                      00026                         
                      00027 ;SUBRUTINA DE TIEMPO DE 2 VARIABLES
00AD   0862           00028 ST2V:                   MOVF            0X62,W
00AE   00E3           00029                         MOVWF           0X63
00AF   0000           00030 DECRE2V:                NOP
00B0   0000           00031                         NOP
00B1   0000           00032                         NOP
00B2   0000           00033                         NOP
00B3   0BE3           00034                         DECFSZ          0X63,F
00B4   28AF           00035                         GOTO            DECRE2V
00B5   0BE1           00036                         DECFSZ          0X61,F
00B6   28AD           00037                         GOTO            ST2V
00B7   0008           00038                         RETURN
                      00039 
MPASM  5.51                      LCD_INIT.ASM   5-18-2021  16:23:29         PAGE  7


LOC  OBJECT CODE     LINE SOURCE TEXT
  VALUE

                      00040                         
                      00041 ;SUBRUTINA DE TIEMPO DE 3 VARIABLES
00B8   0866           00042 ST3V:                   MOVF            0X66,W
00B9   00E7           00043                         MOVWF           0X67
00BA   0865           00044 RECARGA3V:              MOVF            0X65,W
00BB   00E8           00045                         MOVWF           0X68
00BC   0000           00046 DECRE3V:                NOP
00BD   0000           00047                         NOP
00BE   0000           00048                         NOP
00BF   0000           00049                         NOP
00C0   0BE8           00050                         DECFSZ          0X68,F
00C1   28BC           00051                         GOTO            DECRE3V
00C2   0BE7           00052                         DECFSZ          0X67,F
00C3   28BA           00053                         GOTO            RECARGA3V
00C4   0BE4           00054                         DECFSZ          0X64,F
00C5   28B8           00055                         GOTO            ST3V
00C6   0008           00056                         RETURN
                      00057 
00C7                  00058 SUBT25MS                ;RETARDO DE 25mS PARA EL USO DE LA FUNCION ANTIREBOTES                          
                      00159                                         
                      00160                         END
MPASM  5.51                      LCD_INIT.ASM   5-18-2021  16:23:29         PAGE  8


SYMBOL TABLE
  LABEL                             VALUE 

ABDEN                             00000000
ABDOVF                            00000007
ACKDT                             00000005
ACKEN                             00000004
ACKSTAT                           00000006
ACTIVA_E                          00000078
ADCON0                            0000001F
ADCON1                            0000009F
ADCS0                             00000006
ADCS1                             00000007
ADDEN                             00000003
ADFM                              00000007
ADIE                              00000006
ADIF                              00000006
ADON                              00000000
ADRESH                            0000001E
ADRESL                            0000009E
ANS0                              00000000
ANS1                              00000001
ANS10                             00000002
ANS11                             00000003
ANS12                             00000004
ANS13                             00000005
ANS2                              00000002
ANS3                              00000003
ANS4                              00000004
ANS5                              00000005
ANS6                              00000006
ANS7                              00000007
ANS8                              00000000
ANS9                              00000001
ANSEL                             00000188
ANSELH                            00000189
BAUDCTL                           00000187
BCLIE                             00000003
BCLIF                             00000003
BF                                00000000
BRG0                              00000000
BRG1                              00000001
BRG10                             00000002
BRG11                             00000003
BRG12                             00000004
BRG13                             00000005
BRG14                             00000006
BRG15                             00000007
BRG16                             00000003
BRG2                              00000002
BRG3                              00000003
BRG4                              00000004
BRG5                              00000005
BRG6                              00000006
BRG7                              00000007
BRG8                              00000000
MPASM  5.51                      LCD_INIT.ASM   5-18-2021  16:23:29         PAGE  9


SYMBOL TABLE
  LABEL                             VALUE 

BRG9                              00000001
BRGH                              00000002
C                                 00000000
C1CH0                             00000000
C1CH1                             00000001
C1IE                              00000005
C1IF                              00000005
C1OE                              00000005
C1ON                              00000007
C1OUT                             00000006
C1POL                             00000004
C1R                               00000002
C1RSEL                            00000005
C1SEN                             00000005
C2CH0                             00000000
C2CH1                             00000001
C2IE                              00000006
C2IF                              00000006
C2OE                              00000005
C2ON                              00000007
C2OUT                             00000006
C2POL                             00000004
C2R                               00000002
C2REN                             00000004
C2RSEL                            00000004
C2SYNC                            00000000
CCP1CON                           00000017
CCP1IE                            00000002
CCP1IF                            00000002
CCP1M0                            00000000
CCP1M1                            00000001
CCP1M2                            00000002
CCP1M3                            00000003
CCP1X                             00000005
CCP1Y                             00000004
CCP2CON                           0000001D
CCP2IE                            00000000
CCP2IF                            00000000
CCP2M0                            00000000
CCP2M1                            00000001
CCP2M2                            00000002
CCP2M3                            00000003
CCP2X                             00000005
CCP2Y                             00000004
CCPR1                             00000015
CCPR1H                            00000016
CCPR1L                            00000015
CCPR2                             0000001B
CCPR2H                            0000001C
CCPR2L                            0000001B
CHS0                              00000002
CHS1                              00000003
CHS2                              00000004
MPASM  5.51                      LCD_INIT.ASM   5-18-2021  16:23:29         PAGE 10


SYMBOL TABLE
  LABEL                             VALUE 

CHS3                              00000005
CKE                               00000006
CKP                               00000004
CM1CON0                           00000107
CM2CON0                           00000108
CM2CON1                           00000109
CONFIGURACION                     00000001
CREN                              00000004
CSRC                              00000007
D                                 00000005
DATA_ADDRESS                      00000005
DATO                              0000002A
DC                                00000001
DC1B0                             00000004
DC1B1                             00000005
DC2B0                             00000004
DC2B1                             00000005
DECRE2V                           000000AF
DECRE3V                           000000BC
DIRECCION_DDRAM                   00000057
D_A                               00000005
D_NOT_A                           00000005
ECCPAS                            0000009C
ECCPAS0                           00000004
ECCPAS1                           00000005
ECCPAS2                           00000006
ECCPASE                           00000007
EEADR                             0000010D
EEADRH                            0000010F
EECON1                            0000018C
EECON2                            0000018D
EEDAT                             0000010C
EEDATA                            0000010C
EEDATH                            0000010E
EEIE                              00000004
EEIF                              00000004
EEPGD                             00000007
ENTRY_MODE                        00000045
ESCRIBE_CARACTER                  00000059
ESCRIBE_DATO                      00000065
E_0                               BCF             PORTB,5
E_1                               BSF             PORTB,5
F                                 00000001
FERR                              00000002
FSR                               00000004
FUNCTION_SET                      0000003F
FVREN                             00000000
GCEN                              00000007
GIE                               00000007
GO                                00000001
GO_DONE                           00000001
GO_NOT_DONE                       00000001
HOME                              0000004D
MPASM  5.51                      LCD_INIT.ASM   5-18-2021  16:23:29         PAGE 11


SYMBOL TABLE
  LABEL                             VALUE 

HTS                               00000002
I2C_DATA                          00000005
I2C_READ                          00000002
I2C_START                         00000003
I2C_STOP                          00000004
INDF                              00000000
INIT_LCD                          0000002F
INTCON                            0000000B
INTE                              00000004
INTEDG                            00000006
INTF                              00000001
IOCB                              00000096
IOCB0                             00000000
IOCB1                             00000001
IOCB2                             00000002
IOCB3                             00000003
IOCB4                             00000004
IOCB5                             00000005
IOCB6                             00000006
IOCB7                             00000007
IRCF0                             00000004
IRCF1                             00000005
IRCF2                             00000006
IRP                               00000007
LCD_OFF                           00000041
LCD_ON                            00000047
LCD_ON_CURSOR                     00000049
LCD_ON_CURS_BLINK                 0000004B
LIMPIA_LCD                        00000043
LTS                               00000001
MC1OUT                            00000007
MC2OUT                            00000006
MINISALUDO                        0000006F
MSK                               00000093
MSK0                              00000000
MSK1                              00000001
MSK2                              00000002
MSK3                              00000003
MSK4                              00000004
MSK5                              00000005
MSK6                              00000006
MSK7                              00000007
NOT_A                             00000005
NOT_ADDRESS                       00000005
NOT_BO                            00000000
NOT_BOR                           00000000
NOT_DONE                          00000001
NOT_PD                            00000003
NOT_POR                           00000001
NOT_RBPU                          00000007
NOT_RC8                           00000006
NOT_T1SYNC                        00000002
NOT_TO                            00000004
MPASM  5.51                      LCD_INIT.ASM   5-18-2021  16:23:29         PAGE 12


SYMBOL TABLE
  LABEL                             VALUE 

NOT_TX8                           00000006
NOT_W                             00000002
NOT_WRITE                         00000002
OERR                              00000001
OPTION_REG                        00000081
OSCCON                            0000008F
OSCTUNE                           00000090
OSFIE                             00000007
OSFIF                             00000007
OSTS                              00000003
P                                 00000004
P1M0                              00000006
P1M1                              00000007
PCL                               00000002
PCLATH                            0000000A
PCON                              0000008E
PDC0                              00000000
PDC1                              00000001
PDC2                              00000002
PDC3                              00000003
PDC4                              00000004
PDC5                              00000005
PDC6                              00000006
PEIE                              00000006
PEN                               00000002
PIE1                              0000008C
PIE2                              0000008D
PIR1                              0000000C
PIR2                              0000000D
PORTA                             00000005
PORTB                             00000006
PORTC                             00000007
PORTD                             00000008
PORTE                             00000009
PR2                               00000092
PRSEN                             00000007
PS0                               00000000
PS1                               00000001
PS2                               00000002
PSA                               00000003
PSSAC0                            00000002
PSSAC1                            00000003
PSSBD0                            00000000
PSSBD1                            00000001
PSTRCON                           0000009D
PULSR                             00000002
PULSS                             00000003
PWM1CON                           0000009B
R                                 00000002
RA0                               00000000
RA1                               00000001
RA2                               00000002
RA3                               00000003
MPASM  5.51                      LCD_INIT.ASM   5-18-2021  16:23:29         PAGE 13


SYMBOL TABLE
  LABEL                             VALUE 

RA4                               00000004
RA5                               00000005
RA6                               00000006
RA7                               00000007
RB0                               00000000
RB1                               00000001
RB2                               00000002
RB3                               00000003
RB4                               00000004
RB5                               00000005
RB6                               00000006
RB7                               00000007
RBIE                              00000003
RBIF                              00000000
RC0                               00000000
RC1                               00000001
RC2                               00000002
RC3                               00000003
RC4                               00000004
RC5                               00000005
RC6                               00000006
RC7                               00000007
RC8_9                             00000006
RC9                               00000006
RCD8                              00000000
RCEN                              00000003
RCIDL                             00000006
RCIE                              00000005
RCIF                              00000005
RCREG                             0000001A
RCSTA                             00000018
RD                                00000000
RD0                               00000000
RD1                               00000001
RD2                               00000002
RD3                               00000003
RD4                               00000004
RD5                               00000005
RD6                               00000006
RD7                               00000007
RE0                               00000000
RE1                               00000001
RE2                               00000002
RE3                               00000003
READ_WRITE                        00000002
RECARGA3V                         000000BA
RECORRE_DER_CUR                   00000053
RECORRE_DER_LCD                   0000004F
RECORRE_IZQ_CUR                   00000055
RECORRE_IZQ_LCD                   00000051
RETARDO_1V                        
RETARDO_2V                        
RETARDO_3V                        
MPASM  5.51                      LCD_INIT.ASM   5-18-2021  16:23:29         PAGE 14


SYMBOL TABLE
  LABEL                             VALUE 

RP0                               00000005
RP1                               00000006
RSEN                              00000001
RS_0                              BCF             PORTB,4
RS_1                              BSF             PORTB,4
RX9                               00000006
RX9D                              00000000
R_NOT_W                           00000002
R_W                               00000002
S                                 00000003
SBOREN                            00000004
SCKP                              00000004
SCS                               00000000
SEN                               00000000
SENDB                             00000003
SMP                               00000007
SPBRG                             00000099
SPBRGH                            0000009A
SPEN                              00000007
SR0                               00000006
SR1                               00000007
SRCON                             00000185
SREN                              00000005
SSPADD                            00000093
SSPBUF                            00000013
SSPCON                            00000014
SSPCON2                           00000091
SSPEN                             00000005
SSPIE                             00000003
SSPIF                             00000003
SSPM0                             00000000
SSPM1                             00000001
SSPM2                             00000002
SSPM3                             00000003
SSPMSK                            00000093
SSPOV                             00000006
SSPSTAT                           00000094
ST1V                              000000A6
ST2V                              000000AD
ST3V                              000000B8
STATUS                            00000003
STRA                              00000000
STRB                              00000001
STRC                              00000002
STRD                              00000003
STRSYNC                           00000004
SUBT25MS                          000000C7
SWDTEN                            00000000
SYNC                              00000004
T0CS                              00000005
T0IE                              00000005
T0IF                              00000002
T0SE                              00000004
MPASM  5.51                      LCD_INIT.ASM   5-18-2021  16:23:29         PAGE 15


SYMBOL TABLE
  LABEL                             VALUE 

T1CKPS0                           00000004
T1CKPS1                           00000005
T1CON                             00000010
T1GINV                            00000007
T1GIV                             00000007
T1GSS                             00000001
T1INSYNC                          00000002
T1OSCEN                           00000003
T1SYNC                            00000002
T2CKPS0                           00000000
T2CKPS1                           00000001
T2CON                             00000012
TABLA_1                           00000019
TABLA_2                           00000025
TABLA_LCD                         00000085
TMR0                              00000001
TMR0IE                            00000005
TMR0IF                            00000002
TMR1                              0000000E
TMR1CS                            00000001
TMR1GE                            00000006
TMR1H                             0000000F
TMR1IE                            00000000
TMR1IF                            00000000
TMR1L                             0000000E
TMR1ON                            00000000
TMR2                              00000011
TMR2IE                            00000001
TMR2IF                            00000001
TMR2ON                            00000002
TOUTPS0                           00000003
TOUTPS1                           00000004
TOUTPS2                           00000005
TOUTPS3                           00000006
TRISA                             00000085
TRISA0                            00000000
TRISA1                            00000001
TRISA2                            00000002
TRISA3                            00000003
TRISA4                            00000004
TRISA5                            00000005
TRISA6                            00000006
TRISA7                            00000007
TRISB                             00000086
TRISB0                            00000000
TRISB1                            00000001
TRISB2                            00000002
TRISB3                            00000003
TRISB4                            00000004
TRISB5                            00000005
TRISB6                            00000006
TRISB7                            00000007
TRISC                             00000087
MPASM  5.51                      LCD_INIT.ASM   5-18-2021  16:23:29         PAGE 16


SYMBOL TABLE
  LABEL                             VALUE 

TRISC0                            00000000
TRISC1                            00000001
TRISC2                            00000002
TRISC3                            00000003
TRISC4                            00000004
TRISC5                            00000005
TRISC6                            00000006
TRISC7                            00000007
TRISD                             00000088
TRISD0                            00000000
TRISD1                            00000001
TRISD2                            00000002
TRISD3                            00000003
TRISD4                            00000004
TRISD5                            00000005
TRISD6                            00000006
TRISD7                            00000007
TRISE                             00000089
TRISE0                            00000000
TRISE1                            00000001
TRISE2                            00000002
TRISE3                            00000003
TRMT                              00000001
TUN0                              00000000
TUN1                              00000001
TUN2                              00000002
TUN3                              00000003
TUN4                              00000004
TX8_9                             00000006
TX9                               00000006
TX9D                              00000000
TXD8                              00000000
TXEN                              00000005
TXIE                              00000004
TXIF                              00000004
TXREG                             00000019
TXSTA                             00000098
UA                                00000001
ULPWUE                            00000005
ULPWUIE                           00000002
ULPWUIF                           00000002
VCFG0                             00000004
VCFG1                             00000005
VR0                               00000000
VR1                               00000001
VR2                               00000002
VR3                               00000003
VRCON                             00000097
VREN                              00000007
VROE                              00000006
VRR                               00000005
VRSS                              00000004
W                                 00000000
MPASM  5.51                      LCD_INIT.ASM   5-18-2021  16:23:29         PAGE 17


SYMBOL TABLE
  LABEL                             VALUE 

WCOL                              00000007
WDTCON                            00000105
WDTPS0                            00000001
WDTPS1                            00000002
WDTPS2                            00000003
WDTPS3                            00000004
WPUB                              00000095
WPUB0                             00000000
WPUB1                             00000001
WPUB2                             00000002
WPUB3                             00000003
WPUB4                             00000004
WPUB5                             00000005
WPUB6                             00000006
WPUB7                             00000007
WR                                00000001
WREN                              00000002
WRERR                             00000003
WUE                               00000001
Z                                 00000002
_BOR21V                           00003EFF
_BOR40V                           00003FFF
_BOR4V_BOR21V                     00003EFF
_BOR4V_BOR40V                     00003FFF
_BOREN_NSLEEP                     00003EFF
_BOREN_OFF                        00003CFF
_BOREN_ON                         00003FFF
_BOREN_SBODEN                     00003DFF
_BOR_NSLEEP                       00003EFF
_BOR_OFF                          00003CFF
_BOR_ON                           00003FFF
_BOR_SBODEN                       00003DFF
_CONFIG1                          00002007
_CONFIG2                          00002008
_CPD_OFF                          00003FFF
_CPD_ON                           00003F7F
_CP_OFF                           00003FFF
_CP_ON                            00003FBF
_DEBUG_OFF                        00003FFF
_DEBUG_ON                         00001FFF
_DEVID1                           00002006
_EC_OSC                           00003FFB
_EXTRC                            00003FFF
_EXTRCIO                          00003FFE
_EXTRC_OSC_CLKOUT                 00003FFF
_EXTRC_OSC_NOCLKOUT               00003FFE
_FCMEN_OFF                        000037FF
_FCMEN_ON                         00003FFF
_FOSC_EC                          00003FFB
_FOSC_EXTRC_CLKOUT                00003FFF
_FOSC_EXTRC_NOCLKOUT              00003FFE
_FOSC_HS                          00003FFA
_FOSC_INTRC_CLKOUT                00003FFD
MPASM  5.51                      LCD_INIT.ASM   5-18-2021  16:23:29         PAGE 18


SYMBOL TABLE
  LABEL                             VALUE 

_FOSC_INTRC_NOCLKOUT              00003FFC
_FOSC_LP                          00003FF8
_FOSC_XT                          00003FF9
_HS_OSC                           00003FFA
_IDLOC0                           00002000
_IDLOC1                           00002001
_IDLOC2                           00002002
_IDLOC3                           00002003
_IESO_OFF                         00003BFF
_IESO_ON                          00003FFF
_INTOSC                           00003FFD
_INTOSCIO                         00003FFC
_INTRC_OSC_CLKOUT                 00003FFD
_INTRC_OSC_NOCLKOUT               00003FFC
_LP_OSC                           00003FF8
_LVP_OFF                          00002FFF
_LVP_ON                           00003FFF
_MCLRE_OFF                        00003FDF
_MCLRE_ON                         00003FFF
_PWRTE_OFF                        00003FFF
_PWRTE_ON                         00003FEF
_WDTE_OFF                         00003FF7
_WDTE_ON                          00003FFF
_WDT_OFF                          00003FF7
_WDT_ON                           00003FFF
_WRT_1FOURTH                      00003BFF
_WRT_256                          00003DFF
_WRT_HALF                         000039FF
_WRT_OFF                          00003FFF
_XT_OSC                           00003FF9
__16F887                          00000001
__DEBUG                           1


MEMORY USAGE MAP ('X' = Used,  '-' = Unused)

0000 : XXXXXXXXXXXXXXXX XXXXXXXXXXXXXXXX XXXXXXXXXXXXXXXX XXXXXXXXXXXXXXXX
0040 : XXXXXXXXXXXXXXXX XXXXXXXXXXXXXXXX XXXXXXXXXXXXXXXX XXXXXXXXXXXXXXXX
0080 : XXXXXXXXXXXXXXXX XXXXXXXXXXXXXXXX XXXXXXXXXXXXXXXX XXXXXXXXXXXXXXXX
00C0 : XXXXXXX--------- ---------------- ---------------- ----------------
2000 : -------XX------- ---------------- ---------------- ----------------

All other memory blocks unused.

Program Memory Words Used:   199
Program Memory Words Free:  7993


MPASM  5.51                      LCD_INIT.ASM   5-18-2021  16:23:29         PAGE 19





Errors   :     0
Warnings :     0 reported,     0 suppressed
Messages :     8 reported,     0 suppressed

