MPLINK 4.49, Linker
Linker Map File - Created Thu Apr 29 11:58:13 2021

                                 Section Info
                  Section       Type    Address   Location Size(Bytes)
                ---------  ---------  ---------  ---------  ---------
                   .org_0       code   0x000000    program   0x000000
                   .org_1       code   0x000000    program   0x000030
                   .org_2       code   0x000800    program   0x000006
                   .org_3       code   0x001000    program   0x000008
                   .org_4       code   0x001f30    program   0x000006
.config_2007_SALTO LARGO.O       code   0x002007    program   0x000002
.config_2008_SALTO LARGO.O       code   0x002008    program   0x000002



                              Program Memory Usage 
                               Start         End      
                           ---------   ---------      
                            0x000000    0x000017      
                            0x000800    0x000802      
                            0x001000    0x001003      
                            0x001f30    0x001f32      
                            0x002007    0x002008      
            36 out of 8455 program addresses used, program memory utilization is 0%



                              Symbols - Sorted by Name
                     Name    Address   Location    Storage File                     
                ---------  ---------  ---------  --------- ---------                
            CONFIGURACION   0x000001    program     static D:\Archivos\Programacion\Microcontroladores\PIC\ASSEMBLER\MPASM\PIC16F887\LIBRERIAS\PLANTILLA.ASM
              DESCRIPCION   0x000000    program     static D:\Archivos\Programacion\Microcontroladores\PIC\ASSEMBLER\MPASM\PIC16F887\25_DIRECCIONAMIENTO_RELATIVO_2\SALTO LARGO.asm



                              Symbols - Sorted by Address
                     Name    Address   Location    Storage File                     
                ---------  ---------  ---------  --------- ---------                
              DESCRIPCION   0x000000    program     static D:\Archivos\Programacion\Microcontroladores\PIC\ASSEMBLER\MPASM\PIC16F887\25_DIRECCIONAMIENTO_RELATIVO_2\SALTO LARGO.asm
            CONFIGURACION   0x000001    program     static D:\Archivos\Programacion\Microcontroladores\PIC\ASSEMBLER\MPASM\PIC16F887\LIBRERIAS\PLANTILLA.ASM


