MPASM  5.51                      TMR0_INT.ASM   5-31-2021  11:53:37         PAGE  1


LOC  OBJECT CODE     LINE SOURCE TEXT
  VALUE

                      00001 ;DESCRIPCION:
                      00002 ;USANDO EL TIMER 0 COMO FUENTE DE INTERRUPCION,
                      00003 ;DEBE CONTAR EVENTOS POR LA TERMINAL RA4,
                      00004 ;AL LLEGAR A 2500 DEBE EMITIR UN TONO DE 1KHZ(RC2) DURANTE 500ms
                      00005 ;EN EL PROGRAMA PRINCIPAL ESTARÁ DE FORMA PERMANENTE EL CONTADOR DE 
                      00006 ;00 A 99 POR LOS DISPLAYS DE 7 SEGMENTOS, PERO ESTA SECUENCIA TAMBIÉN
                      00007 ;PUEDE SER INTERRUPIDA POR RB0/INT, AL ENTRAR A LA INTERRUPCION 
                      00008 ;GENERARÁ EL NUMERO ALEATORIO Y LO IMPRIMIRÁ EN LA LCD
                      00009 ;---------------------------MACROS-----------------------------------
                      00010 SIETE_SG_KC     MACRO
                      00011 SIETE_SEG:                                              
                      00012                         ADDWF           PCL,F
                      00013 
                      00014                         DT                      0X3F,0X06,0X5B,0X4F,0X66,0X7D,0X07,0X7F,0X6F,0X77,0X7C,0
                            X39,0X5E,0X79,0X71
                      00015                         ENDM
                      00016 
                      00017 ;---------------------------DEFINE-----------------------------------
                      00018 ;DEFINICIONES PARA DISPLAY 7 SEGMENTOS
                      00019                         #DEFINE UNIDAD_ENA      BSF     PORTA,0
                      00020                         #DEFINE UNIDAD_DIS      BCF     PORTA,0
                      00021                         #DEFINE DECENA_ENA      BSF     PORTA,1
                      00022                         #DEFINE DECENA_DIS      BCF     PORTA,1
                      00023                         
                      00024 ;----------------------------EQU--------------------------------------
  00000020            00025 UNIDAD          EQU     0X20
  00000021            00026 DECENA          EQU 0X21        
  00000022            00027 CONT60          EQU     0X22
                      00028 
  00000023            00029 CONT5           EQU 0X23
  00000024            00030 ALEATORIO       EQU     0X24
                      00031 ;--------------------------CBLOCK-------------------------------------
                      00032                                         CBLOCK          0X25
  00000025            00033                                                                 UNIDADES,DECENAS,CENTENAS
                      00034                                         ENDC
                      00035 ;---------------------------HEADER------------------------------------
                      00036 
                      00037                                         INCLUDE         <D:\Archivos\Programacion\Microcontroladores\PIC
                            \ASSEMBLER\MPASM\PIC16F887\LIBRERIAS\MACROS_INTERRUPT.ASM>
                      00001 ;GUARDAR VARIABLES STATUS,PC,W,VARIABLE DE RETARDO
Warning[205]: Found directive in column 1. (CBLOCK)
                      00002 CBLOCK          0X70
  00000070            00003                                                                 SAVE_W,SAVE_STATUS,SAVE_PC
Warning[205]: Found directive in column 1. (ENDC)
                      00004 ENDC
                      00005 
                      00006 
                      00007 SAVE_REG        MACRO
                      00008                         MOVWF           SAVE_W
                      00009                         SWAPF           STATUS,W
                      00010                         MOVWF           SAVE_STATUS
                      00011                         CLRF            STATUS
                      00012                         MOVF            PCLATH,W
MPASM  5.51                      TMR0_INT.ASM   5-31-2021  11:53:37         PAGE  2


LOC  OBJECT CODE     LINE SOURCE TEXT
  VALUE

                      00013                         MOVWF           SAVE_PC
                      00014                         MOVF            0X60,W
                      00015                         MOVWF           0X75
                      00016                         MOVF            0X61,W
                      00017                         MOVWF           0X76 
                      00018                         MOVF            0X61,W
                      00019                         MOVWF           0X76
                      00020                         MOVF            0X62,W
                      00021                         MOVWF           0X77
                      00022                         MOVF            0X63,W
                      00023                         MOVWF           0X78
                      00024                         MOVF            0X64,W
                      00025                         MOVWF           0X79
                      00026                         MOVF            0X65,W
                      00027                         MOVWF           0X7A
                      00028                         MOVF            0X66,W
                      00029                         MOVWF           0X7B
                      00030                         MOVF            0X67,W
                      00031                         MOVWF           0X7C
                      00032                         MOVF            0X68,W
                      00033                         MOVWF           0X7D
                      00034                         ENDM
                      00035 
                      00036 RESTORE_REG MACRO
                      00037                         MOVF                    0X75,W
                      00038                         MOVWF                   0X60
                      00039                         MOVF                    0X76,W
                      00040                         MOVWF                   0X61
                      00041                         MOVF                    0X77,W
                      00042                         MOVWF                   0X62
                      00043                         MOVF                    0X78,W
                      00044                         MOVWF                   0X63
                      00045                         MOVF                    0X78,W
                      00046                         MOVWF                   0X64
                      00047                         MOVF                    0X7A,W
                      00048                         MOVWF                   0X65
                      00049                         MOVF                    0X7B,W
                      00050                         MOVWF                   0X66
                      00051                         MOVF                    0X7C,W
                      00052                         MOVWF                   0X67
                      00053                         MOVF                    0X7D,W
                      00054                         MOVWF                   0X68
                      00055                         MOVF                    SAVE_PC,W
                      00056                         MOVWF                   PCLATH
                      00057                         SWAPF                   SAVE_STATUS,W
                      00058                         MOVWF                   STATUS
                      00059                         SWAPF                   SAVE_W,F
                      00060                         SWAPF                   SAVE_W,W
                      00061                         ENDM
                      00038                                         INCLUDE         <D:\Archivos\Programacion\Microcontroladores\PIC
                            \ASSEMBLER\MPASM\PIC16F887\LIBRERIAS\MACROS_LCD.ASM>            
                      00001 ;---------------------------DEFINE-----------------------------------
                      00002 #DEFINE         RS_0    BCF             PORTB,4
MPASM  5.51                      TMR0_INT.ASM   5-31-2021  11:53:37         PAGE  3


LOC  OBJECT CODE     LINE SOURCE TEXT
  VALUE

                      00003 #DEFINE         RS_1    BSF             PORTB,4
                      00004 #DEFINE         E_0             BCF             PORTB,5
                      00005 #DEFINE         E_1             BSF             PORTB,5
                      00006 
                      00007 ;----------------------------EQU--------------------------------------
  0000002A            00008 DATO            EQU             0X2A
                      00009 
                      00010 ;---------------------------MACROS-----------------------------------
                      00011 
                      00012 MENSAJE_F1                      MACRO                   FILA1
                      00013 TABLA_LCD                       ADDWF                   PCL,F
                      00014                                         DT                              FILA1
                      00015                                         ENDM
                      00016 
                      00017 MENSAJE_F2                      MACRO                   FILA2
                      00018                                         DT                              FILA2
                      00019                                         ENDM
                      00020 
                      00021 
                      00022 MENSAJE_FILA1           MACRO                   
                      00023                                         CLRF                    0X20
                      00024 TABLA1:                         MOVF                    0X20,W
                      00025                                         CALL                    TABLA_LCD
                      00026                                         CALL                    ESCRIBE_CARACTER
                      00027                                         INCF                    0X20,F
                      00028                                         MOVLW                   .16
                      00029                                         XORWF                   0X20,W
                      00030                                         BTFSS                   STATUS,Z
                      00031                                         GOTO                    TABLA1
                      00032                                         ENDM
                      00033 
                      00034 MENSAJE_FILA2           MACRO
                      00035                                         MOVLW                   .16
                      00036                                         MOVWF                   0X20
                      00037 TABLA2:                         MOVF                    0X20,W
                      00038                                         CALL                    TABLA_LCD
                      00039                                         CALL                    ESCRIBE_CARACTER
                      00040                                         INCF                    0X20,F
                      00041                                         MOVLW                   .32
                      00042                                         XORWF                   0X20,W
                      00043                                         BTFSS                   STATUS,Z
                      00044                                         GOTO                    TABLA2
                      00045                                         ENDM
                      00046 
                      00047 FILA1_COLUMNA           MACRO                   POSICION1
                      00048                                         MOVLW                   POSICION1                               
                                    ;POSICIONARSE EN LA SEGUNDA FILA
                      00049                                         CALL                    DIRECCION_DDRAM
                      00050                                         ENDM
                      00051 
                      00052 FILA2_COLUMNA           MACRO                   POSICION2
                      00053                                         MOVLW                   0X40+POSICION2                          
                                    ;POSICIONARSE EN LA SEGUNDA FILA
MPASM  5.51                      TMR0_INT.ASM   5-31-2021  11:53:37         PAGE  4


LOC  OBJECT CODE     LINE SOURCE TEXT
  VALUE

                      00054                                         CALL                    DIRECCION_DDRAM
                      00055                                         ENDM
                      00039                                         ;INCLUDE                <D:\Archivos\Programacion\Microcontrolad
                            ores\PIC\ASSEMBLER\MPASM\PIC16F887\LIBRERIAS\MACROS_7SEG.ASM>   ;MACRO PARA EL USO DISPLAY 7 SEG
                      00040                                         INCLUDE         <D:\Archivos\Programacion\Microcontroladores\PIC
                            \ASSEMBLER\MPASM\PIC16F887\LIBRERIAS\RETARDOS_MACROS.ASM> ;MACRO DE RETARDO
                      00001 ;---------RETARDO 1 VARIABLE-----------------
                      00002 
                      00003 RETARDO_1V      MACRO           VAR1
                      00004                 MOVLW           VAR1
                      00005                 MOVWF           0X60
                      00006                 CALL            ST1V
                      00007                 ENDM
                      00008 
                      00009 ;---------RETARDO 2 VARIABLES-----------------
                      00010 RETARDO_2V      MACRO           VAR1,VAR2
                      00011                 MOVLW           VAR1
                      00012                 MOVWF           0X61
                      00013                 MOVLW           VAR2
                      00014                 MOVWF           0X62
                      00015                 CALL            ST2V
                      00016                 ENDM
                      00017 
                      00018 ;---------RETARDO 3 VARIABLES-----------------
                      00019 RETARDO_3V      MACRO           VAR1,VAR2,VAR3
                      00020                 MOVLW           VAR1                            ;VAR1
                      00021                 MOVWF           0X64
                      00022                 MOVLW           VAR2                            ;VAR2
                      00023                 MOVWF           0X65                    
                      00024                 MOVLW           VAR3                            ;VAR3
                      00025                 MOVWF           VAR3
                      00026                 CALL            ST3V
                      00027                 ENDM
                      00028 ;---------------------------------------------------
                      00041                                         INCLUDE         <D:\Archivos\Programacion\Microcontroladores\PIC
                            \ASSEMBLER\MPASM\PIC16F887\LIBRERIAS\MACROS_CONFIGURACION_INT.ASM> ;MACRO DE CONFIGURACION BASIC
                      00001 ;PLANTILLA PARA CONFIGURACION BASICA
                      00002 VECTOR_INTERRUPCION             MACRO           
                      00003                                         ORG                     0X0004                  ;VECTOR DE INTER
                            RUPCION
                      00004                                         SAVE_REG                                        ;GUARDAR REGISTR
                            OS DE INTERES
                      00005                                         GOTO            ISR                             ;IR A RUTINA DE 
                            SERVICIO DE INTERRUPCION
                      00006                                 ENDM
                      00007 
                      00008 
                      00009 
                      00010 ;ETIQUETAS | NEMONICOS | OPERANDOS              | COMENTARIOS   
                      00011 
                      00012 CONFIGURACION           MACRO
                      00013                 
                      00014 INICIALIZA:                     BSF                     STATUS,RP0
MPASM  5.51                      TMR0_INT.ASM   5-31-2021  11:53:37         PAGE  5


LOC  OBJECT CODE     LINE SOURCE TEXT
  VALUE

                      00015                                         BSF                     STATUS,RP1              ;ACCEDIENDO AL B
                            ANCO 3
                      00016                                         CLRF            ANSEL
                      00017                                         CLRF            ANSELH                  ;TODOS LOS PINES DIGITAL
                            ES
                      00018                         
                      00019                                         BCF                     STATUS,RP1
                      00020                                         BSF                     STATUS,RP0              ;ACCEDIENDO AL B
                            ANCO 1
                      00021                                         CLRF            TRISA                   ;PUERTO A COMO ENTRADA
                      00022                                         CLRF            TRISB                   ;PUERTO B COMO SALIDA
                      00023                                         CLRF            TRISC                   ;PUERTO C COMO ENTRADA
                      00024                                         CLRF            TRISD                   ;PUERTO D COMO SALIDA
                      00025                                         CLRF            TRISE                   ;PUERTO E COMO ENTRADA
                      00026                         
                      00027 
                      00028                                         BCF                     STATUS,RP0              
                      00029                                         BCF                     STATUS,RP1              ;ACCEDIENDO AL B
                            ANCO 0
                      00030                                         CLRF            PORTA                   ;LIMPIAR EL PUERTO A
                      00031                                         CLRF            PORTB                   ;LIMPIAR EL PUERTO B
                      00032                                         CLRF            PORTC                   ;LIMPIAR EL PUERTO C
                      00033                                         CLRF            PORTD                   ;LIMPIAR EL PUERTO D
                      00034                                         CLRF            PORTE                   ;LIMPIAR EL PUERTO E
                      00035                 
                      00036                                         BCF                     STATUS,RP1
                      00037                                         BSF                     STATUS,RP0              ;ACCEDIENDO AL B
                            ANCO 1
                      00038                                         ENDM    
                      00039 
                      00040         PROCESSOR       16F887
2007   23E4           00041                                         __CONFIG        0X2007,23E4
2008   3FFF           00042                                         __CONFIG        0X2008,3FFF
                      00043                                         INCLUDE         <P16F887.INC>   
                      00001         LIST
                      00002 
                      00003 ;==========================================================================
                      00004 ;  MPASM PIC16F887 processor include
                      00005 ; 
                      00006 ;  (c) Copyright 1999-2013 Microchip Technology, All rights reserved
                      00007 ;==========================================================================
                      00008 
                      00809         LIST
                      00042         
0000                  00043                                         ORG                     0X0000                  ;EMPEZAR EN LA D
                            IRECCION 0 DE LA MEMORIA DE PROGRAMA
0000   282F           00044                                         GOTO            INICIALIZA
0004                  00045                                         ORG                     0X0004                  ;VECTOR DE INTER
                            RUPCION
                      00046                                         SAVE_REG                                        ;GUARDAR REGISTR
                            OS DE INTERES
0004   00F0               M                         MOVWF           SAVE_W
0005   0E03               M                         SWAPF           STATUS,W
MPASM  5.51                      TMR0_INT.ASM   5-31-2021  11:53:37         PAGE  6


LOC  OBJECT CODE     LINE SOURCE TEXT
  VALUE

0006   00F1               M                         MOVWF           SAVE_STATUS
0007   0183               M                         CLRF            STATUS
0008   080A               M                         MOVF            PCLATH,W
0009   00F2               M                         MOVWF           SAVE_PC
000A   0860               M                         MOVF            0X60,W
000B   00F5               M                         MOVWF           0X75
000C   0861               M                         MOVF            0X61,W
000D   00F6               M                         MOVWF           0X76 
000E   0861               M                         MOVF            0X61,W
000F   00F6               M                         MOVWF           0X76
0010   0862               M                         MOVF            0X62,W
0011   00F7               M                         MOVWF           0X77
0012   0863               M                         MOVF            0X63,W
0013   00F8               M                         MOVWF           0X78
0014   0864               M                         MOVF            0X64,W
0015   00F9               M                         MOVWF           0X79
0016   0865               M                         MOVF            0X65,W
0017   00FA               M                         MOVWF           0X7A
0018   0866               M                         MOVF            0X66,W
0019   00FB               M                         MOVWF           0X7B
001A   0867               M                         MOVF            0X67,W
001B   00FC               M                         MOVWF           0X7C
001C   0868               M                         MOVF            0X68,W
001D   00FD               M                         MOVWF           0X7D
001E   2885           00047                                         GOTO            ISR
                      00048                                         ;VECTOR_INTERRUPCION                    ;SI SE USA INTERRUPCIONE
                            S DESCOMENTAR
                      00049                                         SIETE_SG_KC                                     ;SI SE USA DISPL
                            AY 7 SEG DESCOMENTAR
001F                      M SIETE_SEG:                                              
001F   0782               M                         ADDWF           PCL,F
                          M 
0020   343F 3406 345B     M                         DT                      0X3F,0X06,0X5B,0X4F,0X66,0X7D,0X07,0X7F,0X6F,0X77,0X7C,0
                            X39,0X5E,0X79,0X71
       344F 3466 347D 
       3407 347F 346F 
       3477 347C 3439 
       345E 3479 3471 
                      00050                                         CONFIGURACION                           ;NOS DEJA EN EL BANCO 1
                          M                 
002F   1683               M INICIALIZA:                     BSF                     STATUS,RP0
0030   1703               M                                         BSF                     STATUS,RP1              ;ACCEDIENDO AL B
                            ANCO 3
Message[302]: Register in operand not in bank 0.  Ensure that bank bits are correct.
0031   0188               M                                         CLRF            ANSEL
Message[302]: Register in operand not in bank 0.  Ensure that bank bits are correct.
0032   0189               M                                         CLRF            ANSELH                  ;TODOS LOS PINES DIGITAL
                            ES
                          M                         
0033   1303               M                                         BCF                     STATUS,RP1
0034   1683               M                                         BSF                     STATUS,RP0              ;ACCEDIENDO AL B
                            ANCO 1
Message[302]: Register in operand not in bank 0.  Ensure that bank bits are correct.
MPASM  5.51                      TMR0_INT.ASM   5-31-2021  11:53:37         PAGE  7


LOC  OBJECT CODE     LINE SOURCE TEXT
  VALUE

0035   0185               M                                         CLRF            TRISA                   ;PUERTO A COMO ENTRADA
Message[302]: Register in operand not in bank 0.  Ensure that bank bits are correct.
0036   0186               M                                         CLRF            TRISB                   ;PUERTO B COMO SALIDA
Message[302]: Register in operand not in bank 0.  Ensure that bank bits are correct.
0037   0187               M                                         CLRF            TRISC                   ;PUERTO C COMO ENTRADA
Message[302]: Register in operand not in bank 0.  Ensure that bank bits are correct.
0038   0188               M                                         CLRF            TRISD                   ;PUERTO D COMO SALIDA
Message[302]: Register in operand not in bank 0.  Ensure that bank bits are correct.
0039   0189               M                                         CLRF            TRISE                   ;PUERTO E COMO ENTRADA
                          M                         
                          M 
003A   1283               M                                         BCF                     STATUS,RP0              
003B   1303               M                                         BCF                     STATUS,RP1              ;ACCEDIENDO AL B
                            ANCO 0
003C   0185               M                                         CLRF            PORTA                   ;LIMPIAR EL PUERTO A
003D   0186               M                                         CLRF            PORTB                   ;LIMPIAR EL PUERTO B
003E   0187               M                                         CLRF            PORTC                   ;LIMPIAR EL PUERTO C
003F   0188               M                                         CLRF            PORTD                   ;LIMPIAR EL PUERTO D
0040   0189               M                                         CLRF            PORTE                   ;LIMPIAR EL PUERTO E
                          M                 
0041   1303               M                                         BCF                     STATUS,RP1
0042   1683               M                                         BSF                     STATUS,RP0              ;ACCEDIENDO AL B
                            ANCO 1
                      00051                                         
                      00052 ;-----------------------CODIGO PRINCIPAL------------------------------
                      00053 ;ETIQUETAS                      |NEMONICOS              | OPERANDOS             | COMENTARIOS   
Message[302]: Register in operand not in bank 0.  Ensure that bank bits are correct.
0043   0186           00054                                         CLRF                    TRISB
Message[302]: Register in operand not in bank 0.  Ensure that bank bits are correct.
0044   0188           00055                                         CLRF                    TRISD
Message[302]: Register in operand not in bank 0.  Ensure that bank bits are correct.
0045   1005           00056                                         BCF                             TRISA,0                         
                            ;RA0 COMO SALIDA
Message[302]: Register in operand not in bank 0.  Ensure that bank bits are correct.
0046   1085           00057                                         BCF                             TRISA,1                         
                            ;RA1 COMO SALIDA
Message[302]: Register in operand not in bank 0.  Ensure that bank bits are correct.
0047   1107           00058                                         BCF                             TRISC,2
                      00059 ;************CONFIGURACION TMR0 *****************************************************
                      00060                                         
                      00061                         
                      00062 ;************CONFIGURACION INTERRUPCION EXTERNA***************************************
Message[302]: Register in operand not in bank 0.  Ensure that bank bits are correct.
0048   1301           00063                                         BCF                             OPTION_REG,INTEDG       ;DETECCI
                            ON DE FLANCO DE BAJADA
0049   108B           00064                                         BCF                             INTCON,INTF                     
                            ;LIMPIAR BANDERA DE INTERRUPCION
004A   160B           00065                                         BSF                             INTCON,INTE                     
                            ;HABILITAR INTERRUPCION EXTERNA
004B   178B           00066                                         BSF                             INTCON,GIE                      
                            ;HABILITAR INTERRUPCIONES GLOBALES
                      00067                                         
                      00068                                         
MPASM  5.51                      TMR0_INT.ASM   5-31-2021  11:53:37         PAGE  8


LOC  OBJECT CODE     LINE SOURCE TEXT
  VALUE

004C   1283           00069                                         BCF                             STATUS,RP0                      
                            ;BANCO 0
                      00070                         
                      00071                                 
004D   2123           00072                                         CALL                    INIT_LCD                        ;INICIAL
                            IZAR PANTALLA LCD
                      00073                                         FILA1_COLUMNA   .0                                      ;POSICIO
                            NAR CURSOR EN LA FILA 1 COLUMNA 0
004E   3000               M                                         MOVLW                   .0                                      
                                    ;POSICIONARSE EN LA SEGUNDA FILA
004F   214C               M                                         CALL                    DIRECCION_DDRAM
                      00074                                         MENSAJE_FILA1                                           ;MOSTRAR
                             EL MENSAJE EN LA FILA 1
0050   01A0               M                                         CLRF                    0X20
0051   0820               M TABLA1:                         MOVF                    0X20,W
0052   20E1               M                                         CALL                    TABLA_LCD
0053   214E               M                                         CALL                    ESCRIBE_CARACTER
0054   0AA0               M                                         INCF                    0X20,F
0055   3010               M                                         MOVLW                   .16
0056   0620               M                                         XORWF                   0X20,W
0057   1D03               M                                         BTFSS                   STATUS,Z
0058   2851               M                                         GOTO                    TABLA1
                      00075                                         FILA2_COLUMNA   .0                                      ;POSICIO
                            NAR CURSOR EN LA FILA 2 COLUMNA 0
0059   3040               M                                         MOVLW                   0X40+.0                                 
                                    ;POSICIONARSE EN LA SEGUNDA FILA
005A   214C               M                                         CALL                    DIRECCION_DDRAM
                      00076                                         MENSAJE_FILA2                                           ;MOSTRAR
                             EL MENSAJE EN LA FILA 2
005B   3010               M                                         MOVLW                   .16
005C   00A0               M                                         MOVWF                   0X20
005D   0820               M TABLA2:                         MOVF                    0X20,W
005E   20E1               M                                         CALL                    TABLA_LCD
005F   214E               M                                         CALL                    ESCRIBE_CARACTER
0060   0AA0               M                                         INCF                    0X20,F
0061   3020               M                                         MOVLW                   .32
0062   0620               M                                         XORWF                   0X20,W
0063   1D03               M                                         BTFSS                   STATUS,Z
0064   285D               M                                         GOTO                    TABLA2
                      00077 
0065   1683           00078                                         BSF                             STATUS,RP0                      
                            ;BANCO 1
Message[302]: Register in operand not in bank 0.  Ensure that bank bits are correct.
0066   0986           00079                                         COMF                    TRISB,F                         ;PUERTO 
                            B COMO ENTRADA
0067   1283           00080                                         BCF                             STATUS,RP0                      
                            ;BANCO 0
                      00081 
                      00082 ;-------------------------------------------------LOOP--------------------------------------            
                                                    
                      00083 
0068   01A1           00084 LIMPIA_DEC:             CLRF            DECENA                  ;LIMPIAMOS LA VARIABLE DECENA (0X21)    
                                            
MPASM  5.51                      TMR0_INT.ASM   5-31-2021  11:53:37         PAGE  9


LOC  OBJECT CODE     LINE SOURCE TEXT
  VALUE

0069   01A0           00085 LIMPIA_UNI:                     CLRF            UNIDAD                  ;LIMPIAMOS LA VARIABLE UNIDAD (0
                            X20)
                      00086 
                      00087                         
006A   303C           00088 RECARGA60:                      MOVLW           .60
006B   00A2           00089                                         MOVWF           CONT60                  ;CARGARMOS LA VARIABLE C
                            ONT60 CON .60
                      00090 
006C   0820           00091 VISUALIZAR:                     MOVF            UNIDAD,W                ;LEEMOS LA VARIABLE UNIDAD Y LO 
                            ALMACENAMOS EN W
006D   201F           00092                                         CALL            SIETE_SEG               ;LLAMAMOS A LA RUTINA 7 
                            SEG
006E   0088           00093                                         MOVWF           PORTD                   ;VISUALIZAMOS LA UNIDAD 
                            POR EL PUERTO D
                      00094 
006F   1405           00095                                         UNIDAD_ENA                                      ;ENCENDER UNIDAD
                            ES DISPLAY(ENCENDER TRANSITOR RA0)
0070   20D3           00096                                         CALL            RETARDO_8mS
0071   1005           00097                                         UNIDAD_DIS                                      ;ENCENDER UNIDAD
                            ES DISPLAY(APAGAR TRANSITOR RA0)
                      00098 
0072   0821           00099                                         MOVF            DECENA,W                ;LEEMOS LA VARIABLE UNID
                            AD Y LO ALMACENAMOS EN W
0073   201F           00100                                         CALL            SIETE_SEG               ;LLAMAMOS A LA RUTINA 7 
                            SEG
0074   0088           00101                                         MOVWF           PORTD                   ;VISUALIZAMOS LA DECENA 
                            POR EL PUERTO D
                      00102 
0075   1485           00103                                         DECENA_ENA                                      ;ENCENDER DECENA
                            S DISPLAY(ENCENDER TRANSITOR RA1)
0076   20D3           00104                                         CALL            RETARDO_8mS
0077   1085           00105                                         DECENA_DIS                                      ;APAGAR DECENAS 
                            DISPLAY(APAGAR TRANSITOR RA1)
                      00106                         
0078   0BA2           00107                                         DECFSZ          CONT60,F                ;BUCLE PARA REPETIR 60 V
                            ECES LA VISUALIZACION DE LOS DIGITOS
0079   286C           00108                                         GOTO            VISUALIZAR                      
                      00109                 
007A   0AA0           00110                                         INCF            UNIDAD,F                ;INCREMENTAR LA VARIABLE
                             UNIDAD
007B   3009           00111                                         MOVLW           0X09                    
007C   0620           00112                                         XORWF           UNIDAD,W                
007D   1D03           00113                                         BTFSS           STATUS,Z                ;UNIDAD == 9?
007E   286A           00114                                         GOTO            RECARGA60               ;NO, VE A REPETIR HASTA 
                            QUE SE CUMPLAN LOS 60 SIGLOS
007F   0AA1           00115                                         INCF            DECENA,F                ;SI, INCREMENTA DECENA E
                            N UNA UNIDAD, Y LIMPIA UNIDADES
0080   3009           00116                                         MOVLW           0X09
0081   0621           00117                                         XORWF           DECENA,W
0082   1D03           00118                                         BTFSS           STATUS,Z                ;DECENA == 9?
0083   2869           00119                                         GOTO            LIMPIA_UNI              ;NO, VE A LIMPIAR UNIDAD
                            ES, PERO MANTENER LAS DECENAS 
0084   2868           00120                                         GOTO            LIMPIA_DEC              ;SI, VE Y LIMPIA UNIDADE
MPASM  5.51                      TMR0_INT.ASM   5-31-2021  11:53:37         PAGE 10


LOC  OBJECT CODE     LINE SOURCE TEXT
  VALUE

                            S Y DECENAS             
                      00121                                 
                      00122                                 
                      00123 ;------------------SERVICIO DE RUTINA DE INTERRUPCION-------------------------
                      00124 
0085                  00125 ISR:                            ;CLRF                   PORTA
0085   20CB           00126                                         CALL                    SUBT25MS
0086   0AA4           00127                                         INCF                    ALEATORIO,F
0087   1C06           00128                                         BTFSS                   PORTB,0
0088   2886           00129                                         GOTO                    $-2
0089   20CB           00130                                         CALL                    SUBT25MS
                      00131 
008A   01A5           00132                                         CLRF                    UNIDADES
008B   01A6           00133                                         CLRF                    DECENAS
008C   01A7           00134                                         CLRF                    CENTENAS
                      00135 
                      00136 ;******************EXTRAER CENTENAS*********************************
008D   3064           00137 RESTA100:                       MOVLW                   .100
008E   02A4           00138                                         SUBWF                   ALEATORIO,F
008F   1C03           00139                                         BTFSS                   STATUS,C
0090   2893           00140                                         GOTO                    SUMA100
0091   0AA7           00141                                         INCF                    CENTENAS,F
0092   288D           00142                                         GOTO                    RESTA100
0093   3064           00143 SUMA100:                        MOVLW                   .100
0094   07A4           00144                                         ADDWF                   ALEATORIO,F
                      00145 
                      00146 ;******************EXTRAER DECENAS*********************************
0095   300A           00147 RESTA10:                        MOVLW                   .10
0096   02A4           00148                                         SUBWF                   ALEATORIO,F
0097   1C03           00149                                         BTFSS                   STATUS,C
0098   289B           00150                                         GOTO                    SUMA10
0099   0AA6           00151                                         INCF                    DECENAS,F
009A   2895           00152                                         GOTO                    RESTA10
009B   300A           00153 SUMA10:                         MOVLW                   .10
009C   07A4           00154                                         ADDWF                   ALEATORIO,F
                      00155 
                      00156 ;******************EXTRAER UNIDADES*********************************
009D   0824           00157                                         MOVF                    ALEATORIO,W
009E   00A5           00158                                         MOVWF                   UNIDADES
                      00159 
009F   1683           00160                                         BSF                             STATUS,RP0
Message[302]: Register in operand not in bank 0.  Ensure that bank bits are correct.
00A0   0986           00161                                         COMF                    TRISB,F                         ;PUERTO 
                            B COMO ENTRADA PARA ENVIAR COMANDOS LCD
00A1   1283           00162                                         BCF                             STATUS,RP0
                      00163                         
                      00164 ;***************DE BCD A DECIMAL USANDO CAR ASCII*****************              
00A2   3030           00165                                         MOVLW                   0X30                            ;EN CODI
                            GO ASCII LOS NUMERO EMPIEZAN DESDE LA POSICION 0X30
00A3   07A5           00166                                         ADDWF                   UNIDADES,F
00A4   07A6           00167                                         ADDWF                   DECENAS,F
00A5   07A7           00168                                         ADDWF                   CENTENAS,F
                      00169                                 
MPASM  5.51                      TMR0_INT.ASM   5-31-2021  11:53:37         PAGE 11


LOC  OBJECT CODE     LINE SOURCE TEXT
  VALUE

                      00170                                         FILA2_COLUMNA   .13                                     ;UBICAMO
                            S EL CURSOR EN LA FILA 2 COLUMNA 14
00A6   304D               M                                         MOVLW                   0X40+.13                                
                                    ;POSICIONARSE EN LA SEGUNDA FILA
00A7   214C               M                                         CALL                    DIRECCION_DDRAM
00A8   0827           00171                                         MOVF                    CENTENAS,W
00A9   214E           00172                                         CALL                    ESCRIBE_CARACTER        ;ESCRIBE CARACTE
                            R DE CENTENAS EN LA POSICION 14
00AA   0826           00173                                         MOVF                    DECENAS,W                               
                                            
00AB   214E           00174                                         CALL                    ESCRIBE_CARACTER        ;ESCRIBE CARACTE
                            R DE DECENAS EN LA POSICION 15
00AC   0825           00175                                         MOVF                    UNIDADES,W
00AD   214E           00176                                         CALL                    ESCRIBE_CARACTER        ;ESCRIBE CARACTE
                            R DE UNIDADES EN LA POSICION 16
                      00177 
                      00178                                 
00AE   1683           00179                                         BSF                             STATUS,RP0                      
                            ;BANCO 1
Message[302]: Register in operand not in bank 0.  Ensure that bank bits are correct.
00AF   0986           00180                                         COMF                    TRISB,F                         ;PUERTO 
                            B COMO ENTRADA
00B0   1283           00181                                         BCF                             STATUS,RP0                      
                            ;BANCO 0
                      00182                                         
00B1   108B           00183                                         BCF                             INTCON,INTF                     
                            ;LIMPIAMOS LA BANDERA DE INTERRUPCION
                      00184                                         
                      00185 FIN_INT:                        RESTORE_REG                                                     ;RESTAUR
                            AMOS LOS REGISTROS DE INTERES
00B2   0875               M                         MOVF                    0X75,W
00B3   00E0               M                         MOVWF                   0X60
00B4   0876               M                         MOVF                    0X76,W
00B5   00E1               M                         MOVWF                   0X61
00B6   0877               M                         MOVF                    0X77,W
00B7   00E2               M                         MOVWF                   0X62
00B8   0878               M                         MOVF                    0X78,W
00B9   00E3               M                         MOVWF                   0X63
00BA   0878               M                         MOVF                    0X78,W
00BB   00E4               M                         MOVWF                   0X64
00BC   087A               M                         MOVF                    0X7A,W
00BD   00E5               M                         MOVWF                   0X65
00BE   087B               M                         MOVF                    0X7B,W
00BF   00E6               M                         MOVWF                   0X66
00C0   087C               M                         MOVF                    0X7C,W
00C1   00E7               M                         MOVWF                   0X67
00C2   087D               M                         MOVF                    0X7D,W
00C3   00E8               M                         MOVWF                   0X68
00C4   0872               M                         MOVF                    SAVE_PC,W
00C5   008A               M                         MOVWF                   PCLATH
00C6   0E71               M                         SWAPF                   SAVE_STATUS,W
00C7   0083               M                         MOVWF                   STATUS
00C8   0EF0               M                         SWAPF                   SAVE_W,F
MPASM  5.51                      TMR0_INT.ASM   5-31-2021  11:53:37         PAGE 12


LOC  OBJECT CODE     LINE SOURCE TEXT
  VALUE

00C9   0E70               M                         SWAPF                   SAVE_W,W
00CA   0009           00186                                         RETFIE                  
                      00187                                         
                      00188 ;-------------------------SUBRUTINAS----------------------------------
                      00189 SUBT25MS:                       RETARDO_3V              .3,.47,.25
00CB   3003               M                 MOVLW           .3                              ;VAR1
00CC   00E4               M                 MOVWF           0X64
00CD   302F               M                 MOVLW           .47                             ;VAR2
00CE   00E5               M                 MOVWF           0X65                    
00CF   3019               M                 MOVLW           .25                             ;VAR3
00D0   0099               M                 MOVWF           .25
00D1   2114               M                 CALL            ST3V
00D2   0008           00190                                         RETURN
                      00191 RETARDO_8mS:            RETARDO_2V              .6,.181                 ;RETARDO DE 8mS PARA LA PERSISTE
                            NCIA DE LA VISION
00D3   3006               M                 MOVLW           .6
00D4   00E1               M                 MOVWF           0X61
00D5   30B5               M                 MOVLW           .181
00D6   00E2               M                 MOVWF           0X62
00D7   2109               M                 CALL            ST2V
00D8   0008           00192                                         RETURN
                      00193 T500US:                         RETARDO_3V      .1,.69,.1
00D9   3001               M                 MOVLW           .1                              ;VAR1
00DA   00E4               M                 MOVWF           0X64
00DB   3045               M                 MOVLW           .69                             ;VAR2
00DC   00E5               M                 MOVWF           0X65                    
00DD   3001               M                 MOVLW           .1                              ;VAR3
00DE   0081               M                 MOVWF           .1
00DF   2114               M                 CALL            ST3V
00E0   0008           00194                                         RETURN
                      00195 
                      00196 ;---------------------------TABLAS------------------------------------
                      00197 
                      00198 ;----------------------------TABLAS_LCD-------------------------------
                      00199 ;************************************                *****************
                      00200                                         MENSAJE_F1              "EL NUMERO       "              
00E1   0782               M TABLA_LCD                       ADDWF                   PCL,F
00E2   3445 344C 3420     M                                         DT                              "EL NUMERO       "
       344E 3455 344D 
       3445 3452 344F 
       3420 3420 3420 
       3420 3420 3420 
       3420 
                      00201                                         MENSAJE_F2              "ALEATORIO ES:   "      
00F2   3441 344C 3445     M                                         DT                              "ALEATORIO ES:   "
       3441 3454 344F 
       3452 3449 344F 
       3420 3445 3453 
       343A 3420 3420 
       3420 
                      00202 
                      00203 ;---------------------------LIBRERIAS--------------------------------
                      00204                                         INCLUDE         <D:\Archivos\Programacion\Microcontroladores\PIC
MPASM  5.51                      TMR0_INT.ASM   5-31-2021  11:53:37         PAGE 13


LOC  OBJECT CODE     LINE SOURCE TEXT
  VALUE

                            \ASSEMBLER\MPASM\PIC16F887\LIBRERIAS\LIBRERIA_RETARDOS.asm>
                      00001 ;                       MOVLW           .                       ;VAR2
                      00002 ;                       MOVWF           0X61
                      00003 ;                       MOVLW           .                       ;VAR1
                      00004 ;                       MOVWF           0X62
                      00005 ;                       CALL            ST2V
                      00006 ;                       RETURN
                      00007 ;;---------------------------------------------------------
                      00008 ;                       MOVLW           .                       ;VAR1
                      00009 ;                       MOVWF           0X64
                      00010 ;                       MOVLW           .                       ;VAR2
                      00011 ;                       MOVWF           0X65            
                      00012 ;                       MOVLW           .                       ;VAR3
                      00013 ;                       MOVWF           0X66
                      00014 ;                       CALL            ST3V
                      00015 
                      00016 ;SUBT25MS:              SUBT3V          .3,.47,.25   ;RETARDO DE 25mS PARA EL USO DE LA FUNCION ANTIREBO
                            TES     
                      00017 
                      00018 ;--------------------RUTINA DE TIEMPO 1 VAR---------------
                      00019 
0102   0000           00020 ST1V:                   NOP
0103   0000           00021                         NOP
0104   0000           00022                         NOP 
0105   0000           00023                         NOP
0106   0BE0           00024                         DECFSZ          0X60,F
0107   2902           00025                         GOTO            ST1V
0108   0008           00026                         RETURN
                      00027 
                      00028                         
                      00029 ;SUBRUTINA DE TIEMPO DE 2 VARIABLES
0109   0862           00030 ST2V:                   MOVF            0X62,W
010A   00E3           00031                         MOVWF           0X63
010B   0000           00032 DECRE2V:                NOP
010C   0000           00033                         NOP
010D   0000           00034                         NOP
010E   0000           00035                         NOP
010F   0BE3           00036                         DECFSZ          0X63,F
0110   290B           00037                         GOTO            DECRE2V
0111   0BE1           00038                         DECFSZ          0X61,F
0112   2909           00039                         GOTO            ST2V
0113   0008           00040                         RETURN
                      00041 
                      00042                         
                      00043 ;SUBRUTINA DE TIEMPO DE 3 VARIABLES
0114   0866           00044 ST3V:                   MOVF            0X66,W
0115   00E7           00045                         MOVWF           0X67
0116   0865           00046 RECARGA3V:              MOVF            0X65,W
0117   00E8           00047                         MOVWF           0X68
0118   0000           00048 DECRE3V:                NOP
0119   0000           00049                         NOP
011A   0000           00050                         NOP
011B   0000           00051                         NOP
MPASM  5.51                      TMR0_INT.ASM   5-31-2021  11:53:37         PAGE 14


LOC  OBJECT CODE     LINE SOURCE TEXT
  VALUE

011C   0BE8           00052                         DECFSZ          0X68,F
011D   2918           00053                         GOTO            DECRE3V
011E   0BE7           00054                         DECFSZ          0X67,F
011F   2916           00055                         GOTO            RECARGA3V
0120   0BE4           00056                         DECFSZ          0X64,F
0121   2914           00057                         GOTO            ST3V
0122   0008           00058                         RETURN
                      00059 
                      00205                                         INCLUDE         <D:\Archivos\Programacion\Microcontroladores\PIC
                            \ASSEMBLER\MPASM\PIC16F887\LIBRERIAS\LIBRERIA_LCD.asm>          
                      00001 ;--------------------------SUBRUTINAS--------------------------------
                      00002 INIT_LCD:                       RETARDO_2V              .61,.232                        ;100mS
0123   303D               M                 MOVLW           .61
0124   00E1               M                 MOVWF           0X61
0125   30E8               M                 MOVLW           .232
0126   00E2               M                 MOVWF           0X62
0127   2109               M                 CALL            ST2V
0128   2164           00003                                         CALL                    MINISALUDO
0129   2164           00004                                         CALL                    MINISALUDO
012A   2164           00005                                         CALL                    MINISALUDO
012B   3002           00006                                         MOVLW                   B'00000010'
012C   0086           00007                                         MOVWF                   PORTB
012D   216D           00008                                         CALL                    ACTIVA_E
012E   2134           00009                                         CALL                    FUNCTION_SET
012F   2136           00010                                         CALL                    LCD_OFF
0130   2138           00011                                         CALL                    LIMPIA_LCD
0131   213A           00012                                         CALL                    ENTRY_MODE
0132   213C           00013                                         CALL                    LCD_ON  
0133   0008           00014                                         RETURN                                                          
                      00015 
0134   3028           00016 FUNCTION_SET:           MOVLW                   B'00101000'                     ;4BITS, 2FILAS, 5X7 PIXE
                            LS      
0135   295A           00017                                         GOTO                    ESCRIBE_DATO
                      00018 
0136   3008           00019 LCD_OFF:                        MOVLW                   B'00001000'                     
0137   295A           00020                                         GOTO                    ESCRIBE_DATO
                      00021 
0138   3001           00022 LIMPIA_LCD:                     MOVLW                   B'00000001'
0139   295A           00023                                         GOTO                    ESCRIBE_DATO
                      00024 
013A   3006           00025 ENTRY_MODE:                     MOVLW                   B'00000110'                     ;NO RECORRE INFO
                            RMACION AL ESCRIBIR,APUNTADOR CON INCREMENTE
013B   295A           00026                                         GOTO                    ESCRIBE_DATO
                      00027 
013C   300C           00028 LCD_ON:                         MOVLW                   B'00001100'
013D   295A           00029                                         GOTO                    ESCRIBE_DATO
                      00030 
013E   300E           00031 LCD_ON_CURSOR:          MOVLW                   B'00001110'
013F   295A           00032                                         GOTO                    ESCRIBE_DATO    
                      00033 
0140   300F           00034 LCD_ON_CURS_BLINK:  MOVLW                       B'00001111'
0141   295A           00035                                         GOTO                    ESCRIBE_DATO
                      00036 
MPASM  5.51                      TMR0_INT.ASM   5-31-2021  11:53:37         PAGE 15


LOC  OBJECT CODE     LINE SOURCE TEXT
  VALUE

0142   3002           00037 HOME:                           MOVLW                   B'00000010'
0143   295A           00038                                         GOTO                    ESCRIBE_DATO    
                      00039 
0144   301C           00040 RECORRE_DER_LCD:        MOVLW                   B'00011100'
0145   295A           00041                                         GOTO                    ESCRIBE_DATO    
                      00042 
0146   3018           00043 RECORRE_IZQ_LCD:        MOVLW                   B'00011000'
0147   295A           00044                                         GOTO                    ESCRIBE_DATO    
                      00045 
0148   3014           00046 RECORRE_DER_CUR:        MOVLW                   B'00010100'
0149   295A           00047                                         GOTO                    ESCRIBE_DATO    
                      00048 
014A   3010           00049 RECORRE_IZQ_CUR:        MOVLW                   B'00010000'
014B   295A           00050                                         GOTO                    ESCRIBE_DATO
                      00051 
014C   3880           00052 DIRECCION_DDRAM:        IORLW                   B'10000000'
014D   295A           00053                                         GOTO                    ESCRIBE_DATO
                      00054         
014E   00AA           00055 ESCRIBE_CARACTER:       MOVWF                   DATO
014F   0E2A           00056                                         SWAPF                   DATO,W
0150   390F           00057                                         ANDLW                   B'00001111'
0151   0086           00058                                         MOVWF                   PORTB
0152   1606           00059                                         RS_1
0153   216D           00060                                         CALL                    ACTIVA_E                        ;ENVIAR 
                            LOS 4BITS MSB
0154   082A           00061                                         MOVF                    DATO,W
0155   390F           00062                                         ANDLW                   B'00001111'
0156   0086           00063                                         MOVWF                   PORTB
0157   1606           00064                                         RS_1
0158   216D           00065                                         CALL                    ACTIVA_E                        ;ENVIAR 
                            LOS 4BITS LSB
0159   0008           00066                                         RETURN 
                      00067 
015A   00AA           00068 ESCRIBE_DATO:           MOVWF                   DATO
015B   0E2A           00069                                         SWAPF                   DATO,W
015C   390F           00070                                         ANDLW                   B'00001111'
015D   0086           00071                                         MOVWF                   PORTB
015E   216D           00072                                         CALL                    ACTIVA_E                        ;ENVIAR 
                            LOS 4BITS MSB
015F   082A           00073                                         MOVF                    DATO,W
0160   390F           00074                                         ANDLW                   B'00001111'
0161   0086           00075                                         MOVWF                   PORTB
0162   216D           00076                                         CALL                    ACTIVA_E                        ;ENVIAR 
                            LOS 4BITS LSB
0163   0008           00077                                         RETURN 
                      00078 
                      00079                                         
0164   3003           00080 MINISALUDO:                     MOVLW                   B'00000011'
0165   0086           00081                                         MOVWF                   PORTB
0166   216D           00082                                         CALL                    ACTIVA_E
                      00083                                         RETARDO_2V              .4,.156                         ;5mS
0167   3004               M                 MOVLW           .4
0168   00E1               M                 MOVWF           0X61
MPASM  5.51                      TMR0_INT.ASM   5-31-2021  11:53:37         PAGE 16


LOC  OBJECT CODE     LINE SOURCE TEXT
  VALUE

0169   309C               M                 MOVLW           .156
016A   00E2               M                 MOVWF           0X62
016B   2109               M                 CALL            ST2V
016C   0008           00084                                         RETURN
                      00085 
016D   1686           00086 ACTIVA_E:                       E_1
016E   0000           00087                                         NOP
016F   0000           00088                                         NOP
0170   0000           00089                                         NOP
0171   0000           00090                                         NOP
0172   0000           00091                                         NOP
0173   1286           00092                                         E_0
                      00093                                         RETARDO_2V              .35,.8
0174   3023               M                 MOVLW           .35
0175   00E1               M                 MOVWF           0X61
0176   3008               M                 MOVLW           .8
0177   00E2               M                 MOVWF           0X62
0178   2109               M                 CALL            ST2V
0179   0008           00094                                         RETURN
                      00095 
                      00096 
                      00097 
                      00098                         
                      00206                                         END
MPASM  5.51                      TMR0_INT.ASM   5-31-2021  11:53:37         PAGE 17


SYMBOL TABLE
  LABEL                             VALUE 

ABDEN                             00000000
ABDOVF                            00000007
ACKDT                             00000005
ACKEN                             00000004
ACKSTAT                           00000006
ACTIVA_E                          0000016D
ADCON0                            0000001F
ADCON1                            0000009F
ADCS0                             00000006
ADCS1                             00000007
ADDEN                             00000003
ADFM                              00000007
ADIE                              00000006
ADIF                              00000006
ADON                              00000000
ADRESH                            0000001E
ADRESL                            0000009E
ALEATORIO                         00000024
ANS0                              00000000
ANS1                              00000001
ANS10                             00000002
ANS11                             00000003
ANS12                             00000004
ANS13                             00000005
ANS2                              00000002
ANS3                              00000003
ANS4                              00000004
ANS5                              00000005
ANS6                              00000006
ANS7                              00000007
ANS8                              00000000
ANS9                              00000001
ANSEL                             00000188
ANSELH                            00000189
BAUDCTL                           00000187
BCLIE                             00000003
BCLIF                             00000003
BF                                00000000
BRG0                              00000000
BRG1                              00000001
BRG10                             00000002
BRG11                             00000003
BRG12                             00000004
BRG13                             00000005
BRG14                             00000006
BRG15                             00000007
BRG16                             00000003
BRG2                              00000002
BRG3                              00000003
BRG4                              00000004
BRG5                              00000005
BRG6                              00000006
BRG7                              00000007
MPASM  5.51                      TMR0_INT.ASM   5-31-2021  11:53:37         PAGE 18


SYMBOL TABLE
  LABEL                             VALUE 

BRG8                              00000000
BRG9                              00000001
BRGH                              00000002
C                                 00000000
C1CH0                             00000000
C1CH1                             00000001
C1IE                              00000005
C1IF                              00000005
C1OE                              00000005
C1ON                              00000007
C1OUT                             00000006
C1POL                             00000004
C1R                               00000002
C1RSEL                            00000005
C1SEN                             00000005
C2CH0                             00000000
C2CH1                             00000001
C2IE                              00000006
C2IF                              00000006
C2OE                              00000005
C2ON                              00000007
C2OUT                             00000006
C2POL                             00000004
C2R                               00000002
C2REN                             00000004
C2RSEL                            00000004
C2SYNC                            00000000
CCP1CON                           00000017
CCP1IE                            00000002
CCP1IF                            00000002
CCP1M0                            00000000
CCP1M1                            00000001
CCP1M2                            00000002
CCP1M3                            00000003
CCP1X                             00000005
CCP1Y                             00000004
CCP2CON                           0000001D
CCP2IE                            00000000
CCP2IF                            00000000
CCP2M0                            00000000
CCP2M1                            00000001
CCP2M2                            00000002
CCP2M3                            00000003
CCP2X                             00000005
CCP2Y                             00000004
CCPR1                             00000015
CCPR1H                            00000016
CCPR1L                            00000015
CCPR2                             0000001B
CCPR2H                            0000001C
CCPR2L                            0000001B
CENTENAS                          00000027
CHS0                              00000002
MPASM  5.51                      TMR0_INT.ASM   5-31-2021  11:53:37         PAGE 19


SYMBOL TABLE
  LABEL                             VALUE 

CHS1                              00000003
CHS2                              00000004
CHS3                              00000005
CKE                               00000006
CKP                               00000004
CM1CON0                           00000107
CM2CON0                           00000108
CM2CON1                           00000109
CONFIGURACION                     
CONT5                             00000023
CONT60                            00000022
CREN                              00000004
CSRC                              00000007
D                                 00000005
DATA_ADDRESS                      00000005
DATO                              0000002A
DC                                00000001
DC1B0                             00000004
DC1B1                             00000005
DC2B0                             00000004
DC2B1                             00000005
DECENA                            00000021
DECENAS                           00000026
DECENA_DIS                        BCF     PORTA,1
DECENA_ENA                        BSF     PORTA,1
DECRE2V                           0000010B
DECRE3V                           00000118
DIRECCION_DDRAM                   0000014C
D_A                               00000005
D_NOT_A                           00000005
ECCPAS                            0000009C
ECCPAS0                           00000004
ECCPAS1                           00000005
ECCPAS2                           00000006
ECCPASE                           00000007
EEADR                             0000010D
EEADRH                            0000010F
EECON1                            0000018C
EECON2                            0000018D
EEDAT                             0000010C
EEDATA                            0000010C
EEDATH                            0000010E
EEIE                              00000004
EEIF                              00000004
EEPGD                             00000007
ENTRY_MODE                        0000013A
ESCRIBE_CARACTER                  0000014E
ESCRIBE_DATO                      0000015A
E_0                               BCF             PORTB,5
E_1                               BSF             PORTB,5
F                                 00000001
FERR                              00000002
FILA1_COLUMNA                     
MPASM  5.51                      TMR0_INT.ASM   5-31-2021  11:53:37         PAGE 20


SYMBOL TABLE
  LABEL                             VALUE 

FILA2_COLUMNA                     
FIN_INT                           000000B2
FSR                               00000004
FUNCTION_SET                      00000134
FVREN                             00000000
GCEN                              00000007
GIE                               00000007
GO                                00000001
GO_DONE                           00000001
GO_NOT_DONE                       00000001
HOME                              00000142
HTS                               00000002
I2C_DATA                          00000005
I2C_READ                          00000002
I2C_START                         00000003
I2C_STOP                          00000004
INDF                              00000000
INICIALIZA                        0000002F
INIT_LCD                          00000123
INTCON                            0000000B
INTE                              00000004
INTEDG                            00000006
INTF                              00000001
IOCB                              00000096
IOCB0                             00000000
IOCB1                             00000001
IOCB2                             00000002
IOCB3                             00000003
IOCB4                             00000004
IOCB5                             00000005
IOCB6                             00000006
IOCB7                             00000007
IRCF0                             00000004
IRCF1                             00000005
IRCF2                             00000006
IRP                               00000007
ISR                               00000085
LCD_OFF                           00000136
LCD_ON                            0000013C
LCD_ON_CURSOR                     0000013E
LCD_ON_CURS_BLINK                 00000140
LIMPIA_DEC                        00000068
LIMPIA_LCD                        00000138
LIMPIA_UNI                        00000069
LTS                               00000001
MC1OUT                            00000007
MC2OUT                            00000006
MENSAJE_F1                        
MENSAJE_F2                        
MENSAJE_FILA1                     
MENSAJE_FILA2                     
MINISALUDO                        00000164
MSK                               00000093
MPASM  5.51                      TMR0_INT.ASM   5-31-2021  11:53:37         PAGE 21


SYMBOL TABLE
  LABEL                             VALUE 

MSK0                              00000000
MSK1                              00000001
MSK2                              00000002
MSK3                              00000003
MSK4                              00000004
MSK5                              00000005
MSK6                              00000006
MSK7                              00000007
NOT_A                             00000005
NOT_ADDRESS                       00000005
NOT_BO                            00000000
NOT_BOR                           00000000
NOT_DONE                          00000001
NOT_PD                            00000003
NOT_POR                           00000001
NOT_RBPU                          00000007
NOT_RC8                           00000006
NOT_T1SYNC                        00000002
NOT_TO                            00000004
NOT_TX8                           00000006
NOT_W                             00000002
NOT_WRITE                         00000002
OERR                              00000001
OPTION_REG                        00000081
OSCCON                            0000008F
OSCTUNE                           00000090
OSFIE                             00000007
OSFIF                             00000007
OSTS                              00000003
P                                 00000004
P1M0                              00000006
P1M1                              00000007
PCL                               00000002
PCLATH                            0000000A
PCON                              0000008E
PDC0                              00000000
PDC1                              00000001
PDC2                              00000002
PDC3                              00000003
PDC4                              00000004
PDC5                              00000005
PDC6                              00000006
PEIE                              00000006
PEN                               00000002
PIE1                              0000008C
PIE2                              0000008D
PIR1                              0000000C
PIR2                              0000000D
PORTA                             00000005
PORTB                             00000006
PORTC                             00000007
PORTD                             00000008
PORTE                             00000009
MPASM  5.51                      TMR0_INT.ASM   5-31-2021  11:53:37         PAGE 22


SYMBOL TABLE
  LABEL                             VALUE 

PR2                               00000092
PRSEN                             00000007
PS0                               00000000
PS1                               00000001
PS2                               00000002
PSA                               00000003
PSSAC0                            00000002
PSSAC1                            00000003
PSSBD0                            00000000
PSSBD1                            00000001
PSTRCON                           0000009D
PULSR                             00000002
PULSS                             00000003
PWM1CON                           0000009B
R                                 00000002
RA0                               00000000
RA1                               00000001
RA2                               00000002
RA3                               00000003
RA4                               00000004
RA5                               00000005
RA6                               00000006
RA7                               00000007
RB0                               00000000
RB1                               00000001
RB2                               00000002
RB3                               00000003
RB4                               00000004
RB5                               00000005
RB6                               00000006
RB7                               00000007
RBIE                              00000003
RBIF                              00000000
RC0                               00000000
RC1                               00000001
RC2                               00000002
RC3                               00000003
RC4                               00000004
RC5                               00000005
RC6                               00000006
RC7                               00000007
RC8_9                             00000006
RC9                               00000006
RCD8                              00000000
RCEN                              00000003
RCIDL                             00000006
RCIE                              00000005
RCIF                              00000005
RCREG                             0000001A
RCSTA                             00000018
RD                                00000000
RD0                               00000000
RD1                               00000001
MPASM  5.51                      TMR0_INT.ASM   5-31-2021  11:53:37         PAGE 23


SYMBOL TABLE
  LABEL                             VALUE 

RD2                               00000002
RD3                               00000003
RD4                               00000004
RD5                               00000005
RD6                               00000006
RD7                               00000007
RE0                               00000000
RE1                               00000001
RE2                               00000002
RE3                               00000003
READ_WRITE                        00000002
RECARGA3V                         00000116
RECARGA60                         0000006A
RECORRE_DER_CUR                   00000148
RECORRE_DER_LCD                   00000144
RECORRE_IZQ_CUR                   0000014A
RECORRE_IZQ_LCD                   00000146
RESTA10                           00000095
RESTA100                          0000008D
RESTORE_REG                       
RETARDO_1V                        
RETARDO_2V                        
RETARDO_3V                        
RETARDO_8mS                       000000D3
RP0                               00000005
RP1                               00000006
RSEN                              00000001
RS_0                              BCF             PORTB,4
RS_1                              BSF             PORTB,4
RX9                               00000006
RX9D                              00000000
R_NOT_W                           00000002
R_W                               00000002
S                                 00000003
SAVE_PC                           00000072
SAVE_REG                          
SAVE_STATUS                       00000071
SAVE_W                            00000070
SBOREN                            00000004
SCKP                              00000004
SCS                               00000000
SEN                               00000000
SENDB                             00000003
SIETE_SEG                         0000001F
SIETE_SG_KC                       
SMP                               00000007
SPBRG                             00000099
SPBRGH                            0000009A
SPEN                              00000007
SR0                               00000006
SR1                               00000007
SRCON                             00000185
SREN                              00000005
MPASM  5.51                      TMR0_INT.ASM   5-31-2021  11:53:37         PAGE 24


SYMBOL TABLE
  LABEL                             VALUE 

SSPADD                            00000093
SSPBUF                            00000013
SSPCON                            00000014
SSPCON2                           00000091
SSPEN                             00000005
SSPIE                             00000003
SSPIF                             00000003
SSPM0                             00000000
SSPM1                             00000001
SSPM2                             00000002
SSPM3                             00000003
SSPMSK                            00000093
SSPOV                             00000006
SSPSTAT                           00000094
ST1V                              00000102
ST2V                              00000109
ST3V                              00000114
STATUS                            00000003
STRA                              00000000
STRB                              00000001
STRC                              00000002
STRD                              00000003
STRSYNC                           00000004
SUBT25MS                          000000CB
SUMA10                            0000009B
SUMA100                           00000093
SWDTEN                            00000000
SYNC                              00000004
T0CS                              00000005
T0IE                              00000005
T0IF                              00000002
T0SE                              00000004
T1CKPS0                           00000004
T1CKPS1                           00000005
T1CON                             00000010
T1GINV                            00000007
T1GIV                             00000007
T1GSS                             00000001
T1INSYNC                          00000002
T1OSCEN                           00000003
T1SYNC                            00000002
T2CKPS0                           00000000
T2CKPS1                           00000001
T2CON                             00000012
T500US                            000000D9
TABLA1                            00000051
TABLA2                            0000005D
TABLA_LCD                         000000E1
TMR0                              00000001
TMR0IE                            00000005
TMR0IF                            00000002
TMR1                              0000000E
TMR1CS                            00000001
MPASM  5.51                      TMR0_INT.ASM   5-31-2021  11:53:37         PAGE 25


SYMBOL TABLE
  LABEL                             VALUE 

TMR1GE                            00000006
TMR1H                             0000000F
TMR1IE                            00000000
TMR1IF                            00000000
TMR1L                             0000000E
TMR1ON                            00000000
TMR2                              00000011
TMR2IE                            00000001
TMR2IF                            00000001
TMR2ON                            00000002
TOUTPS0                           00000003
TOUTPS1                           00000004
TOUTPS2                           00000005
TOUTPS3                           00000006
TRISA                             00000085
TRISA0                            00000000
TRISA1                            00000001
TRISA2                            00000002
TRISA3                            00000003
TRISA4                            00000004
TRISA5                            00000005
TRISA6                            00000006
TRISA7                            00000007
TRISB                             00000086
TRISB0                            00000000
TRISB1                            00000001
TRISB2                            00000002
TRISB3                            00000003
TRISB4                            00000004
TRISB5                            00000005
TRISB6                            00000006
TRISB7                            00000007
TRISC                             00000087
TRISC0                            00000000
TRISC1                            00000001
TRISC2                            00000002
TRISC3                            00000003
TRISC4                            00000004
TRISC5                            00000005
TRISC6                            00000006
TRISC7                            00000007
TRISD                             00000088
TRISD0                            00000000
TRISD1                            00000001
TRISD2                            00000002
TRISD3                            00000003
TRISD4                            00000004
TRISD5                            00000005
TRISD6                            00000006
TRISD7                            00000007
TRISE                             00000089
TRISE0                            00000000
TRISE1                            00000001
MPASM  5.51                      TMR0_INT.ASM   5-31-2021  11:53:37         PAGE 26


SYMBOL TABLE
  LABEL                             VALUE 

TRISE2                            00000002
TRISE3                            00000003
TRMT                              00000001
TUN0                              00000000
TUN1                              00000001
TUN2                              00000002
TUN3                              00000003
TUN4                              00000004
TX8_9                             00000006
TX9                               00000006
TX9D                              00000000
TXD8                              00000000
TXEN                              00000005
TXIE                              00000004
TXIF                              00000004
TXREG                             00000019
TXSTA                             00000098
UA                                00000001
ULPWUE                            00000005
ULPWUIE                           00000002
ULPWUIF                           00000002
UNIDAD                            00000020
UNIDADES                          00000025
UNIDAD_DIS                        BCF     PORTA,0
UNIDAD_ENA                        BSF     PORTA,0
VCFG0                             00000004
VCFG1                             00000005
VECTOR_INTERRUPCION               
VISUALIZAR                        0000006C
VR0                               00000000
VR1                               00000001
VR2                               00000002
VR3                               00000003
VRCON                             00000097
VREN                              00000007
VROE                              00000006
VRR                               00000005
VRSS                              00000004
W                                 00000000
WCOL                              00000007
WDTCON                            00000105
WDTPS0                            00000001
WDTPS1                            00000002
WDTPS2                            00000003
WDTPS3                            00000004
WPUB                              00000095
WPUB0                             00000000
WPUB1                             00000001
WPUB2                             00000002
WPUB3                             00000003
WPUB4                             00000004
WPUB5                             00000005
WPUB6                             00000006
MPASM  5.51                      TMR0_INT.ASM   5-31-2021  11:53:37         PAGE 27


SYMBOL TABLE
  LABEL                             VALUE 

WPUB7                             00000007
WR                                00000001
WREN                              00000002
WRERR                             00000003
WUE                               00000001
Z                                 00000002
_BOR21V                           00003EFF
_BOR40V                           00003FFF
_BOR4V_BOR21V                     00003EFF
_BOR4V_BOR40V                     00003FFF
_BOREN_NSLEEP                     00003EFF
_BOREN_OFF                        00003CFF
_BOREN_ON                         00003FFF
_BOREN_SBODEN                     00003DFF
_BOR_NSLEEP                       00003EFF
_BOR_OFF                          00003CFF
_BOR_ON                           00003FFF
_BOR_SBODEN                       00003DFF
_CONFIG1                          00002007
_CONFIG2                          00002008
_CPD_OFF                          00003FFF
_CPD_ON                           00003F7F
_CP_OFF                           00003FFF
_CP_ON                            00003FBF
_DEBUG_OFF                        00003FFF
_DEBUG_ON                         00001FFF
_DEVID1                           00002006
_EC_OSC                           00003FFB
_EXTRC                            00003FFF
_EXTRCIO                          00003FFE
_EXTRC_OSC_CLKOUT                 00003FFF
_EXTRC_OSC_NOCLKOUT               00003FFE
_FCMEN_OFF                        000037FF
_FCMEN_ON                         00003FFF
_FOSC_EC                          00003FFB
_FOSC_EXTRC_CLKOUT                00003FFF
_FOSC_EXTRC_NOCLKOUT              00003FFE
_FOSC_HS                          00003FFA
_FOSC_INTRC_CLKOUT                00003FFD
_FOSC_INTRC_NOCLKOUT              00003FFC
_FOSC_LP                          00003FF8
_FOSC_XT                          00003FF9
_HS_OSC                           00003FFA
_IDLOC0                           00002000
_IDLOC1                           00002001
_IDLOC2                           00002002
_IDLOC3                           00002003
_IESO_OFF                         00003BFF
_IESO_ON                          00003FFF
_INTOSC                           00003FFD
_INTOSCIO                         00003FFC
_INTRC_OSC_CLKOUT                 00003FFD
_INTRC_OSC_NOCLKOUT               00003FFC
MPASM  5.51                      TMR0_INT.ASM   5-31-2021  11:53:37         PAGE 28


SYMBOL TABLE
  LABEL                             VALUE 

_LP_OSC                           00003FF8
_LVP_OFF                          00002FFF
_LVP_ON                           00003FFF
_MCLRE_OFF                        00003FDF
_MCLRE_ON                         00003FFF
_PWRTE_OFF                        00003FFF
_PWRTE_ON                         00003FEF
_WDTE_OFF                         00003FF7
_WDTE_ON                          00003FFF
_WDT_OFF                          00003FF7
_WDT_ON                           00003FFF
_WRT_1FOURTH                      00003BFF
_WRT_256                          00003DFF
_WRT_HALF                         000039FF
_WRT_OFF                          00003FFF
_XT_OSC                           00003FF9
__16F887                          00000001
__DEBUG                           1


MEMORY USAGE MAP ('X' = Used,  '-' = Unused)

0000 : X---XXXXXXXXXXXX XXXXXXXXXXXXXXXX XXXXXXXXXXXXXXXX XXXXXXXXXXXXXXXX
0040 : XXXXXXXXXXXXXXXX XXXXXXXXXXXXXXXX XXXXXXXXXXXXXXXX XXXXXXXXXXXXXXXX
0080 : XXXXXXXXXXXXXXXX XXXXXXXXXXXXXXXX XXXXXXXXXXXXXXXX XXXXXXXXXXXXXXXX
00C0 : XXXXXXXXXXXXXXXX XXXXXXXXXXXXXXXX XXXXXXXXXXXXXXXX XXXXXXXXXXXXXXXX
0100 : XXXXXXXXXXXXXXXX XXXXXXXXXXXXXXXX XXXXXXXXXXXXXXXX XXXXXXXXXXXXXXXX
0140 : XXXXXXXXXXXXXXXX XXXXXXXXXXXXXXXX XXXXXXXXXXXXXXXX XXXXXXXXXX------
2000 : -------XX------- ---------------- ---------------- ----------------

All other memory blocks unused.

Program Memory Words Used:   375
Program Memory Words Free:  7817


Errors   :     0
Warnings :     2 reported,     0 suppressed
Messages :    16 reported,     0 suppressed

