MPLINK 4.49, Linker
Linker Map File - Created Mon May 31 11:53:39 2021

                                 Section Info
                  Section       Type    Address   Location Size(Bytes)
                ---------  ---------  ---------  ---------  ---------
                   .org_0       code   0x000000    program   0x000000
                   .org_1       code   0x000000    program   0x000002
                   .org_2       code   0x000004    program   0x0002ec
  .config_2007_TMR0_INT.O       code   0x002007    program   0x000002
  .config_2008_TMR0_INT.O       code   0x002008    program   0x000002



                              Program Memory Usage 
                               Start         End      
                           ---------   ---------      
                            0x000000    0x000000      
                            0x000004    0x000179      
                            0x002007    0x002008      
            377 out of 8455 program addresses used, program memory utilization is 4%



                              Symbols - Sorted by Name
                     Name    Address   Location    Storage File                     
                ---------  ---------  ---------  --------- ---------                
                 ACTIVA_E   0x00016d    program     static D:\Archivos\Programacion\Microcontroladores\PIC\ASSEMBLER\MPASM\PIC16F887\LIBRERIAS\LIBRERIA_LCD.asm
                  DECRE2V   0x00010b    program     static D:\Archivos\Programacion\Microcontroladores\PIC\ASSEMBLER\MPASM\PIC16F887\LIBRERIAS\LIBRERIA_RETARDOS.asm
                  DECRE3V   0x000118    program     static D:\Archivos\Programacion\Microcontroladores\PIC\ASSEMBLER\MPASM\PIC16F887\LIBRERIAS\LIBRERIA_RETARDOS.asm
          DIRECCION_DDRAM   0x00014c    program     static D:\Archivos\Programacion\Microcontroladores\PIC\ASSEMBLER\MPASM\PIC16F887\LIBRERIAS\LIBRERIA_LCD.asm
               ENTRY_MODE   0x00013a    program     static D:\Archivos\Programacion\Microcontroladores\PIC\ASSEMBLER\MPASM\PIC16F887\LIBRERIAS\LIBRERIA_LCD.asm
         ESCRIBE_CARACTER   0x00014e    program     static D:\Archivos\Programacion\Microcontroladores\PIC\ASSEMBLER\MPASM\PIC16F887\LIBRERIAS\LIBRERIA_LCD.asm
             ESCRIBE_DATO   0x00015a    program     static D:\Archivos\Programacion\Microcontroladores\PIC\ASSEMBLER\MPASM\PIC16F887\LIBRERIAS\LIBRERIA_LCD.asm
                  FIN_INT   0x0000b2    program     static D:\Archivos\Programacion\Microcontroladores\PIC\ASSEMBLER\MPASM\PIC16F887\35_TMR0_CONTADOR_INT\TMR0_INT.asm
             FUNCTION_SET   0x000134    program     static D:\Archivos\Programacion\Microcontroladores\PIC\ASSEMBLER\MPASM\PIC16F887\LIBRERIAS\LIBRERIA_LCD.asm
                     HOME   0x000142    program     static D:\Archivos\Programacion\Microcontroladores\PIC\ASSEMBLER\MPASM\PIC16F887\LIBRERIAS\LIBRERIA_LCD.asm
               INICIALIZA   0x00002f    program     static D:\Archivos\Programacion\Microcontroladores\PIC\ASSEMBLER\MPASM\PIC16F887\35_TMR0_CONTADOR_INT\TMR0_INT.asm
                 INIT_LCD   0x000123    program     static D:\Archivos\Programacion\Microcontroladores\PIC\ASSEMBLER\MPASM\PIC16F887\LIBRERIAS\LIBRERIA_LCD.asm
                      ISR   0x000085    program     static D:\Archivos\Programacion\Microcontroladores\PIC\ASSEMBLER\MPASM\PIC16F887\35_TMR0_CONTADOR_INT\TMR0_INT.asm
                  LCD_OFF   0x000136    program     static D:\Archivos\Programacion\Microcontroladores\PIC\ASSEMBLER\MPASM\PIC16F887\LIBRERIAS\LIBRERIA_LCD.asm
                   LCD_ON   0x00013c    program     static D:\Archivos\Programacion\Microcontroladores\PIC\ASSEMBLER\MPASM\PIC16F887\LIBRERIAS\LIBRERIA_LCD.asm
            LCD_ON_CURSOR   0x00013e    program     static D:\Archivos\Programacion\Microcontroladores\PIC\ASSEMBLER\MPASM\PIC16F887\LIBRERIAS\LIBRERIA_LCD.asm
        LCD_ON_CURS_BLINK   0x000140    program     static D:\Archivos\Programacion\Microcontroladores\PIC\ASSEMBLER\MPASM\PIC16F887\LIBRERIAS\LIBRERIA_LCD.asm
               LIMPIA_DEC   0x000068    program     static D:\Archivos\Programacion\Microcontroladores\PIC\ASSEMBLER\MPASM\PIC16F887\35_TMR0_CONTADOR_INT\TMR0_INT.asm
               LIMPIA_LCD   0x000138    program     static D:\Archivos\Programacion\Microcontroladores\PIC\ASSEMBLER\MPASM\PIC16F887\LIBRERIAS\LIBRERIA_LCD.asm
               LIMPIA_UNI   0x000069    program     static D:\Archivos\Programacion\Microcontroladores\PIC\ASSEMBLER\MPASM\PIC16F887\35_TMR0_CONTADOR_INT\TMR0_INT.asm
               MINISALUDO   0x000164    program     static D:\Archivos\Programacion\Microcontroladores\PIC\ASSEMBLER\MPASM\PIC16F887\LIBRERIAS\LIBRERIA_LCD.asm
                RECARGA3V   0x000116    program     static D:\Archivos\Programacion\Microcontroladores\PIC\ASSEMBLER\MPASM\PIC16F887\LIBRERIAS\LIBRERIA_RETARDOS.asm
                RECARGA60   0x00006a    program     static D:\Archivos\Programacion\Microcontroladores\PIC\ASSEMBLER\MPASM\PIC16F887\35_TMR0_CONTADOR_INT\TMR0_INT.asm
          RECORRE_DER_CUR   0x000148    program     static D:\Archivos\Programacion\Microcontroladores\PIC\ASSEMBLER\MPASM\PIC16F887\LIBRERIAS\LIBRERIA_LCD.asm
          RECORRE_DER_LCD   0x000144    program     static D:\Archivos\Programacion\Microcontroladores\PIC\ASSEMBLER\MPASM\PIC16F887\LIBRERIAS\LIBRERIA_LCD.asm
          RECORRE_IZQ_CUR   0x00014a    program     static D:\Archivos\Programacion\Microcontroladores\PIC\ASSEMBLER\MPASM\PIC16F887\LIBRERIAS\LIBRERIA_LCD.asm
          RECORRE_IZQ_LCD   0x000146    program     static D:\Archivos\Programacion\Microcontroladores\PIC\ASSEMBLER\MPASM\PIC16F887\LIBRERIAS\LIBRERIA_LCD.asm
                  RESTA10   0x000095    program     static D:\Archivos\Programacion\Microcontroladores\PIC\ASSEMBLER\MPASM\PIC16F887\35_TMR0_CONTADOR_INT\TMR0_INT.asm
                 RESTA100   0x00008d    program     static D:\Archivos\Programacion\Microcontroladores\PIC\ASSEMBLER\MPASM\PIC16F887\35_TMR0_CONTADOR_INT\TMR0_INT.asm
              RETARDO_8mS   0x0000d3    program     static D:\Archivos\Programacion\Microcontroladores\PIC\ASSEMBLER\MPASM\PIC16F887\35_TMR0_CONTADOR_INT\TMR0_INT.asm
                SIETE_SEG   0x00001f    program     static D:\Archivos\Programacion\Microcontroladores\PIC\ASSEMBLER\MPASM\PIC16F887\35_TMR0_CONTADOR_INT\TMR0_INT.asm
                     ST1V   0x000102    program     static D:\Archivos\Programacion\Microcontroladores\PIC\ASSEMBLER\MPASM\PIC16F887\LIBRERIAS\LIBRERIA_RETARDOS.asm
                     ST2V   0x000109    program     static D:\Archivos\Programacion\Microcontroladores\PIC\ASSEMBLER\MPASM\PIC16F887\LIBRERIAS\LIBRERIA_RETARDOS.asm
                     ST3V   0x000114    program     static D:\Archivos\Programacion\Microcontroladores\PIC\ASSEMBLER\MPASM\PIC16F887\LIBRERIAS\LIBRERIA_RETARDOS.asm
                 SUBT25MS   0x0000cb    program     static D:\Archivos\Programacion\Microcontroladores\PIC\ASSEMBLER\MPASM\PIC16F887\35_TMR0_CONTADOR_INT\TMR0_INT.asm
                   SUMA10   0x00009b    program     static D:\Archivos\Programacion\Microcontroladores\PIC\ASSEMBLER\MPASM\PIC16F887\35_TMR0_CONTADOR_INT\TMR0_INT.asm
                  SUMA100   0x000093    program     static D:\Archivos\Programacion\Microcontroladores\PIC\ASSEMBLER\MPASM\PIC16F887\35_TMR0_CONTADOR_INT\TMR0_INT.asm
                   T500US   0x0000d9    program     static D:\Archivos\Programacion\Microcontroladores\PIC\ASSEMBLER\MPASM\PIC16F887\35_TMR0_CONTADOR_INT\TMR0_INT.asm
                   TABLA1   0x000051    program     static D:\Archivos\Programacion\Microcontroladores\PIC\ASSEMBLER\MPASM\PIC16F887\35_TMR0_CONTADOR_INT\TMR0_INT.asm
                   TABLA2   0x00005d    program     static D:\Archivos\Programacion\Microcontroladores\PIC\ASSEMBLER\MPASM\PIC16F887\35_TMR0_CONTADOR_INT\TMR0_INT.asm
                TABLA_LCD   0x0000e1    program     static D:\Archivos\Programacion\Microcontroladores\PIC\ASSEMBLER\MPASM\PIC16F887\35_TMR0_CONTADOR_INT\TMR0_INT.asm
               VISUALIZAR   0x00006c    program     static D:\Archivos\Programacion\Microcontroladores\PIC\ASSEMBLER\MPASM\PIC16F887\35_TMR0_CONTADOR_INT\TMR0_INT.asm



                              Symbols - Sorted by Address
                     Name    Address   Location    Storage File                     
                ---------  ---------  ---------  --------- ---------                
                SIETE_SEG   0x00001f    program     static D:\Archivos\Programacion\Microcontroladores\PIC\ASSEMBLER\MPASM\PIC16F887\35_TMR0_CONTADOR_INT\TMR0_INT.asm
               INICIALIZA   0x00002f    program     static D:\Archivos\Programacion\Microcontroladores\PIC\ASSEMBLER\MPASM\PIC16F887\35_TMR0_CONTADOR_INT\TMR0_INT.asm
                   TABLA1   0x000051    program     static D:\Archivos\Programacion\Microcontroladores\PIC\ASSEMBLER\MPASM\PIC16F887\35_TMR0_CONTADOR_INT\TMR0_INT.asm
                   TABLA2   0x00005d    program     static D:\Archivos\Programacion\Microcontroladores\PIC\ASSEMBLER\MPASM\PIC16F887\35_TMR0_CONTADOR_INT\TMR0_INT.asm
               LIMPIA_DEC   0x000068    program     static D:\Archivos\Programacion\Microcontroladores\PIC\ASSEMBLER\MPASM\PIC16F887\35_TMR0_CONTADOR_INT\TMR0_INT.asm
               LIMPIA_UNI   0x000069    program     static D:\Archivos\Programacion\Microcontroladores\PIC\ASSEMBLER\MPASM\PIC16F887\35_TMR0_CONTADOR_INT\TMR0_INT.asm
                RECARGA60   0x00006a    program     static D:\Archivos\Programacion\Microcontroladores\PIC\ASSEMBLER\MPASM\PIC16F887\35_TMR0_CONTADOR_INT\TMR0_INT.asm
               VISUALIZAR   0x00006c    program     static D:\Archivos\Programacion\Microcontroladores\PIC\ASSEMBLER\MPASM\PIC16F887\35_TMR0_CONTADOR_INT\TMR0_INT.asm
                      ISR   0x000085    program     static D:\Archivos\Programacion\Microcontroladores\PIC\ASSEMBLER\MPASM\PIC16F887\35_TMR0_CONTADOR_INT\TMR0_INT.asm
                 RESTA100   0x00008d    program     static D:\Archivos\Programacion\Microcontroladores\PIC\ASSEMBLER\MPASM\PIC16F887\35_TMR0_CONTADOR_INT\TMR0_INT.asm
                  SUMA100   0x000093    program     static D:\Archivos\Programacion\Microcontroladores\PIC\ASSEMBLER\MPASM\PIC16F887\35_TMR0_CONTADOR_INT\TMR0_INT.asm
                  RESTA10   0x000095    program     static D:\Archivos\Programacion\Microcontroladores\PIC\ASSEMBLER\MPASM\PIC16F887\35_TMR0_CONTADOR_INT\TMR0_INT.asm
                   SUMA10   0x00009b    program     static D:\Archivos\Programacion\Microcontroladores\PIC\ASSEMBLER\MPASM\PIC16F887\35_TMR0_CONTADOR_INT\TMR0_INT.asm
                  FIN_INT   0x0000b2    program     static D:\Archivos\Programacion\Microcontroladores\PIC\ASSEMBLER\MPASM\PIC16F887\35_TMR0_CONTADOR_INT\TMR0_INT.asm
                 SUBT25MS   0x0000cb    program     static D:\Archivos\Programacion\Microcontroladores\PIC\ASSEMBLER\MPASM\PIC16F887\35_TMR0_CONTADOR_INT\TMR0_INT.asm
              RETARDO_8mS   0x0000d3    program     static D:\Archivos\Programacion\Microcontroladores\PIC\ASSEMBLER\MPASM\PIC16F887\35_TMR0_CONTADOR_INT\TMR0_INT.asm
                   T500US   0x0000d9    program     static D:\Archivos\Programacion\Microcontroladores\PIC\ASSEMBLER\MPASM\PIC16F887\35_TMR0_CONTADOR_INT\TMR0_INT.asm
                TABLA_LCD   0x0000e1    program     static D:\Archivos\Programacion\Microcontroladores\PIC\ASSEMBLER\MPASM\PIC16F887\35_TMR0_CONTADOR_INT\TMR0_INT.asm
                     ST1V   0x000102    program     static D:\Archivos\Programacion\Microcontroladores\PIC\ASSEMBLER\MPASM\PIC16F887\LIBRERIAS\LIBRERIA_RETARDOS.asm
                     ST2V   0x000109    program     static D:\Archivos\Programacion\Microcontroladores\PIC\ASSEMBLER\MPASM\PIC16F887\LIBRERIAS\LIBRERIA_RETARDOS.asm
                  DECRE2V   0x00010b    program     static D:\Archivos\Programacion\Microcontroladores\PIC\ASSEMBLER\MPASM\PIC16F887\LIBRERIAS\LIBRERIA_RETARDOS.asm
                     ST3V   0x000114    program     static D:\Archivos\Programacion\Microcontroladores\PIC\ASSEMBLER\MPASM\PIC16F887\LIBRERIAS\LIBRERIA_RETARDOS.asm
                RECARGA3V   0x000116    program     static D:\Archivos\Programacion\Microcontroladores\PIC\ASSEMBLER\MPASM\PIC16F887\LIBRERIAS\LIBRERIA_RETARDOS.asm
                  DECRE3V   0x000118    program     static D:\Archivos\Programacion\Microcontroladores\PIC\ASSEMBLER\MPASM\PIC16F887\LIBRERIAS\LIBRERIA_RETARDOS.asm
                 INIT_LCD   0x000123    program     static D:\Archivos\Programacion\Microcontroladores\PIC\ASSEMBLER\MPASM\PIC16F887\LIBRERIAS\LIBRERIA_LCD.asm
             FUNCTION_SET   0x000134    program     static D:\Archivos\Programacion\Microcontroladores\PIC\ASSEMBLER\MPASM\PIC16F887\LIBRERIAS\LIBRERIA_LCD.asm
                  LCD_OFF   0x000136    program     static D:\Archivos\Programacion\Microcontroladores\PIC\ASSEMBLER\MPASM\PIC16F887\LIBRERIAS\LIBRERIA_LCD.asm
               LIMPIA_LCD   0x000138    program     static D:\Archivos\Programacion\Microcontroladores\PIC\ASSEMBLER\MPASM\PIC16F887\LIBRERIAS\LIBRERIA_LCD.asm
               ENTRY_MODE   0x00013a    program     static D:\Archivos\Programacion\Microcontroladores\PIC\ASSEMBLER\MPASM\PIC16F887\LIBRERIAS\LIBRERIA_LCD.asm
                   LCD_ON   0x00013c    program     static D:\Archivos\Programacion\Microcontroladores\PIC\ASSEMBLER\MPASM\PIC16F887\LIBRERIAS\LIBRERIA_LCD.asm
            LCD_ON_CURSOR   0x00013e    program     static D:\Archivos\Programacion\Microcontroladores\PIC\ASSEMBLER\MPASM\PIC16F887\LIBRERIAS\LIBRERIA_LCD.asm
        LCD_ON_CURS_BLINK   0x000140    program     static D:\Archivos\Programacion\Microcontroladores\PIC\ASSEMBLER\MPASM\PIC16F887\LIBRERIAS\LIBRERIA_LCD.asm
                     HOME   0x000142    program     static D:\Archivos\Programacion\Microcontroladores\PIC\ASSEMBLER\MPASM\PIC16F887\LIBRERIAS\LIBRERIA_LCD.asm
          RECORRE_DER_LCD   0x000144    program     static D:\Archivos\Programacion\Microcontroladores\PIC\ASSEMBLER\MPASM\PIC16F887\LIBRERIAS\LIBRERIA_LCD.asm
          RECORRE_IZQ_LCD   0x000146    program     static D:\Archivos\Programacion\Microcontroladores\PIC\ASSEMBLER\MPASM\PIC16F887\LIBRERIAS\LIBRERIA_LCD.asm
          RECORRE_DER_CUR   0x000148    program     static D:\Archivos\Programacion\Microcontroladores\PIC\ASSEMBLER\MPASM\PIC16F887\LIBRERIAS\LIBRERIA_LCD.asm
          RECORRE_IZQ_CUR   0x00014a    program     static D:\Archivos\Programacion\Microcontroladores\PIC\ASSEMBLER\MPASM\PIC16F887\LIBRERIAS\LIBRERIA_LCD.asm
          DIRECCION_DDRAM   0x00014c    program     static D:\Archivos\Programacion\Microcontroladores\PIC\ASSEMBLER\MPASM\PIC16F887\LIBRERIAS\LIBRERIA_LCD.asm
         ESCRIBE_CARACTER   0x00014e    program     static D:\Archivos\Programacion\Microcontroladores\PIC\ASSEMBLER\MPASM\PIC16F887\LIBRERIAS\LIBRERIA_LCD.asm
             ESCRIBE_DATO   0x00015a    program     static D:\Archivos\Programacion\Microcontroladores\PIC\ASSEMBLER\MPASM\PIC16F887\LIBRERIAS\LIBRERIA_LCD.asm
               MINISALUDO   0x000164    program     static D:\Archivos\Programacion\Microcontroladores\PIC\ASSEMBLER\MPASM\PIC16F887\LIBRERIAS\LIBRERIA_LCD.asm
                 ACTIVA_E   0x00016d    program     static D:\Archivos\Programacion\Microcontroladores\PIC\ASSEMBLER\MPASM\PIC16F887\LIBRERIAS\LIBRERIA_LCD.asm


