MPASM  5.51                 TMR0_CONTADOR.ASM   6-11-2021  20:40:45         PAGE  1


LOC  OBJECT CODE     LINE SOURCE TEXT
  VALUE

                      00001 ;DESCRIPCION:
                      00002 ;
                      00003 ;---------------------------MACROS----------------------------
                      00004 ;---------------------------DEFINE----------------------------
                      00005 ;----------------------------EQU------------------------------
  00000023            00006 CONT5           EQU 0X23
  00000024            00007 ALEATORIO       EQU     0X24
                      00008 ;---------------------------CBLOCK----------------------------
Warning[205]: Found directive in column 1. (CBLOCK)
                      00009 CBLOCK          0X25
  00000025            00010                                         UNIDADES,DECENAS,CENTENAS
                      00011                         ENDC
                      00012 ;---------------------------HEADER----------------------------
                      00013                                         INCLUDE         <D:\Archivos\Programacion\Microcontroladores\PIC
                            \ASSEMBLER\MPASM\PIC16F887\LIBRERIAS\MACROS_INTERRUPT.ASM>      ;MACRO PARA EL USO DE INTERRUPCI
                      00001 ;GUARDAR VARIABLES STATUS,PC,W,VARIABLE DE RETARDO
Warning[205]: Found directive in column 1. (CBLOCK)
                      00002 CBLOCK          0X70
  00000070            00003                                                                 SAVE_W,SAVE_STATUS,SAVE_PC
Warning[205]: Found directive in column 1. (ENDC)
                      00004 ENDC
                      00005 
                      00006 
                      00007 SAVE_REG        MACRO
                      00008                         MOVWF           SAVE_W
                      00009                         SWAPF           STATUS,W
                      00010                         MOVWF           SAVE_STATUS
                      00011                         CLRF            STATUS
                      00012                         MOVF            PCLATH,W
                      00013                         MOVWF           SAVE_PC
                      00014                         MOVF            0X60,W
                      00015                         MOVWF           0X75
                      00016                         MOVF            0X61,W
                      00017                         MOVWF           0X76 
                      00018                         MOVF            0X61,W
                      00019                         MOVWF           0X76
                      00020                         MOVF            0X62,W
                      00021                         MOVWF           0X77
                      00022                         MOVF            0X63,W
                      00023                         MOVWF           0X78
                      00024                         MOVF            0X64,W
                      00025                         MOVWF           0X79
                      00026                         MOVF            0X65,W
                      00027                         MOVWF           0X7A
                      00028                         MOVF            0X66,W
                      00029                         MOVWF           0X7B
                      00030                         MOVF            0X67,W
                      00031                         MOVWF           0X7C
                      00032                         MOVF            0X68,W
                      00033                         MOVWF           0X7D
                      00034                         ENDM
                      00035 
                      00036 RESTORE_REG MACRO
MPASM  5.51                 TMR0_CONTADOR.ASM   6-11-2021  20:40:45         PAGE  2


LOC  OBJECT CODE     LINE SOURCE TEXT
  VALUE

                      00037                         MOVF                    0X75,W
                      00038                         MOVWF                   0X60
                      00039                         MOVF                    0X76,W
                      00040                         MOVWF                   0X61
                      00041                         MOVF                    0X77,W
                      00042                         MOVWF                   0X62
                      00043                         MOVF                    0X78,W
                      00044                         MOVWF                   0X63
                      00045                         MOVF                    0X78,W
                      00046                         MOVWF                   0X64
                      00047                         MOVF                    0X7A,W
                      00048                         MOVWF                   0X65
                      00049                         MOVF                    0X7B,W
                      00050                         MOVWF                   0X66
                      00051                         MOVF                    0X7C,W
                      00052                         MOVWF                   0X67
                      00053                         MOVF                    0X7D,W
                      00054                         MOVWF                   0X68
                      00055                         MOVF                    SAVE_PC,W
                      00056                         MOVWF                   PCLATH
                      00057                         SWAPF                   SAVE_STATUS,W
                      00058                         MOVWF                   STATUS
                      00059                         SWAPF                   SAVE_W,F
                      00060                         SWAPF                   SAVE_W,W
                      00061                         ENDM
                      00014                                         INCLUDE         <D:\Archivos\Programacion\Microcontroladores\PIC
                            \ASSEMBLER\MPASM\PIC16F887\LIBRERIAS\MACROS_LCD.ASM>    ;MACRO PARA EL USO DISPLAY LCD
                      00001 ;---------------------------DEFINE-----------------------------------
                      00002 #DEFINE         RS_0    BCF             PORTB,4
                      00003 #DEFINE         RS_1    BSF             PORTB,4
                      00004 #DEFINE         E_0             BCF             PORTB,5
                      00005 #DEFINE         E_1             BSF             PORTB,5
                      00006 
                      00007 ;----------------------------EQU--------------------------------------
  0000002A            00008 DATO            EQU             0X2A
                      00009 
                      00010 ;---------------------------MACROS-----------------------------------
                      00011 
                      00012 FILA1_POSICION          MACRO                   POSICION1
                      00013                                         MOVLW                   POSICION1                               
                                    ;POSICIONARSE EN LA SEGUNDA FILA
                      00014                                         CALL                    DIRECCION_DDRAM
                      00015                                         ENDM
                      00016 
                      00017 FILA2_POSICION          MACRO                   POSICION2
                      00018                                         MOVLW                   0X40+POSICION2                          
                                    ;POSICIONARSE EN LA SEGUNDA FILA
                      00019                                         CALL                    DIRECCION_DDRAM
                      00020                                         ENDM
                      00021 
                      00015                                         INCLUDE         <D:\Archivos\Programacion\Microcontroladores\PIC
                            \ASSEMBLER\MPASM\PIC16F887\LIBRERIAS\MACROS_7SEG.ASM>   ;MACRO PARA EL USO DISPLAY 7 SEG        
                      00001 #DEFINE UNIDAD_ENA      BSF     PORTA,0
MPASM  5.51                 TMR0_CONTADOR.ASM   6-11-2021  20:40:45         PAGE  3


LOC  OBJECT CODE     LINE SOURCE TEXT
  VALUE

                      00002 #DEFINE UNIDAD_DIS      BCF     PORTA,0
                      00003 #DEFINE DECENA_ENA      BSF     PORTA,1
                      00004 #DEFINE DECENA_DIS      BCF     PORTA,1
                      00005 
  00000020            00006 UNIDAD          EQU     0X20
  00000021            00007 DECENA          EQU 0X21        
  00000022            00008 CONT60          EQU     0X22
                      00009 
                      00010 
                      00011 SIETE_SG_KC     MACRO
                      00012 SIETE_SEG:                                              
                      00013                         ADDWF           PCL,F
                      00014 
                      00015                         DT                      0X3F,0X06,0X5B,0X4F,0X66,0X7D,0X07,0X7F,0X6F,0X77,0X7C,0
                            X39,0X5E,0X79,0X71
                      00016                         ENDM
                      00016                                         INCLUDE         <D:\Archivos\Programacion\Microcontroladores\PIC
                            \ASSEMBLER\MPASM\PIC16F887\LIBRERIAS\RETARDOS_MACROS.ASM> ;MACRO DE RETARDO
                      00001 ;---------RETARDO 1 VARIABLE-----------------
                      00002 
                      00003 RETARDO_1V      MACRO           VAR1
                      00004                 MOVLW           VAR1
                      00005                 MOVWF           0X60
                      00006                 CALL            ST1V
                      00007                 ENDM
                      00008 
                      00009 ;---------RETARDO 2 VARIABLES-----------------
                      00010 RETARDO_2V      MACRO           VAR1,VAR2
                      00011                 MOVLW           VAR1
                      00012                 MOVWF           0X61
                      00013                 MOVLW           VAR2
                      00014                 MOVWF           0X62
                      00015                 CALL            ST2V
                      00016                 ENDM
                      00017 
                      00018 ;---------RETARDO 3 VARIABLES-----------------
                      00019 RETARDO_3V      MACRO           VAR1,VAR2,VAR3
                      00020                 MOVLW           VAR1                            ;VAR1
                      00021                 MOVWF           0X64
                      00022                 MOVLW           VAR2                            ;VAR2
                      00023                 MOVWF           0X65                    
                      00024                 MOVLW           VAR3                            ;VAR3
                      00025                 MOVWF           VAR3
                      00026                 CALL            ST3V
                      00027                 ENDM
                      00028 ;---------------------------------------------------
                      00017                                         INCLUDE         <D:\Archivos\Programacion\Microcontroladores\PIC
                            \ASSEMBLER\MPASM\PIC16F887\LIBRERIAS\MACROS_CONFIGURACION_INT.ASM> ;MACRO DE CONFIGURACION BASIC
                      00001 ;PLANTILLA PARA CONFIGURACION BASICA
                      00002 VECTOR_INTERRUPCION             MACRO           
                      00003                                         ORG                     0X0004                  ;VECTOR DE INTER
                            RUPCION
                      00004                                         SAVE_REG                                        ;GUARDAR REGISTR
MPASM  5.51                 TMR0_CONTADOR.ASM   6-11-2021  20:40:45         PAGE  4


LOC  OBJECT CODE     LINE SOURCE TEXT
  VALUE

                            OS DE INTERES
                      00005                                         GOTO            ISR                             ;IR A RUTINA DE 
                            SERVICIO DE INTERRUPCION
                      00006                                 ENDM
                      00007 
                      00008 
                      00009 
                      00010 ;ETIQUETAS | NEMONICOS | OPERANDOS              | COMENTARIOS   
                      00011 
                      00012 CONFIGURACION           MACRO
                      00013                 
                      00014 INICIALIZA:                     BSF                     STATUS,RP0
                      00015                                         BSF                     STATUS,RP1              ;ACCEDIENDO AL B
                            ANCO 3
                      00016                                         CLRF            ANSEL
                      00017                                         CLRF            ANSELH                  ;TODOS LOS PINES DIGITAL
                            ES
                      00018                         
                      00019                                         BCF                     STATUS,RP1
                      00020                                         BSF                     STATUS,RP0              ;ACCEDIENDO AL B
                            ANCO 1
                      00021                                         CLRF            TRISA                   ;PUERTO A COMO ENTRADA
                      00022                                         CLRF            TRISB                   ;PUERTO B COMO SALIDA
                      00023                                         CLRF            TRISC                   ;PUERTO C COMO ENTRADA
                      00024                                         CLRF            TRISD                   ;PUERTO D COMO SALIDA
                      00025                                         CLRF            TRISE                   ;PUERTO E COMO ENTRADA
                      00026                         
                      00027 
                      00028                                         BCF                     STATUS,RP0              
                      00029                                         BCF                     STATUS,RP1              ;ACCEDIENDO AL B
                            ANCO 0
                      00030                                         CLRF            PORTA                   ;LIMPIAR EL PUERTO A
                      00031                                         CLRF            PORTB                   ;LIMPIAR EL PUERTO B
                      00032                                         CLRF            PORTC                   ;LIMPIAR EL PUERTO C
                      00033                                         CLRF            PORTD                   ;LIMPIAR EL PUERTO D
                      00034                                         CLRF            PORTE                   ;LIMPIAR EL PUERTO E
                      00035                 
                      00036                                         BCF                     STATUS,RP1
                      00037                                         BSF                     STATUS,RP0              ;ACCEDIENDO AL B
                            ANCO 1
                      00038                                         ENDM    
                      00039 
                      00040         PROCESSOR       16F887
2007   23E4           00041                                         __CONFIG        0X2007,23E4
2008   3FFF           00042                                         __CONFIG        0X2008,3FFF
                      00043                                         INCLUDE         <P16F887.INC>   
                      00001         LIST
                      00002 
                      00003 ;==========================================================================
                      00004 ;  MPASM PIC16F887 processor include
                      00005 ; 
                      00006 ;  (c) Copyright 1999-2013 Microchip Technology, All rights reserved
                      00007 ;==========================================================================
MPASM  5.51                 TMR0_CONTADOR.ASM   6-11-2021  20:40:45         PAGE  5


LOC  OBJECT CODE     LINE SOURCE TEXT
  VALUE

                      00008 
                      00809         LIST
0000                  00018                                         ORG                     0X0000                  ;EMPEZAR EN LA D
                            IRECCION 0 DE LA MEMORIA DE PROGRAMA
0000   2852           00019                                         GOTO            INICIALIZA
                      00020                                         VECTOR_INTERRUPCION                     ;SI SE USA INTERRUPCIONE
                            S DESCOMENTAR
0004                      M                                         ORG                     0X0004                  ;VECTOR DE INTER
                            RUPCION
                          M                                         SAVE_REG                                        ;GUARDAR REGISTR
                            OS DE INTERES
0004   00F0               M                         MOVWF           SAVE_W
0005   0E03               M                         SWAPF           STATUS,W
0006   00F1               M                         MOVWF           SAVE_STATUS
0007   0183               M                         CLRF            STATUS
0008   080A               M                         MOVF            PCLATH,W
0009   00F2               M                         MOVWF           SAVE_PC
000A   0860               M                         MOVF            0X60,W
000B   00F5               M                         MOVWF           0X75
000C   0861               M                         MOVF            0X61,W
000D   00F6               M                         MOVWF           0X76 
000E   0861               M                         MOVF            0X61,W
000F   00F6               M                         MOVWF           0X76
0010   0862               M                         MOVF            0X62,W
0011   00F7               M                         MOVWF           0X77
0012   0863               M                         MOVF            0X63,W
0013   00F8               M                         MOVWF           0X78
0014   0864               M                         MOVF            0X64,W
0015   00F9               M                         MOVWF           0X79
0016   0865               M                         MOVF            0X65,W
0017   00FA               M                         MOVWF           0X7A
0018   0866               M                         MOVF            0X66,W
0019   00FB               M                         MOVWF           0X7B
001A   0867               M                         MOVF            0X67,W
001B   00FC               M                         MOVWF           0X7C
001C   0868               M                         MOVF            0X68,W
001D   00FD               M                         MOVWF           0X7D
001E   289D               M                                         GOTO            ISR                             ;IR A RUTINA DE 
                            SERVICIO DE INTERRUPCION
                      00021                                         SIETE_SG_KC                             ;SI SE USA DISPLAY 7 SEG
                             DESCOMENTAR
001F                      M SIETE_SEG:                                              
001F   0782               M                         ADDWF           PCL,F
                          M 
0020   343F 3406 345B     M                         DT                      0X3F,0X06,0X5B,0X4F,0X66,0X7D,0X07,0X7F,0X6F,0X77,0X7C,0
                            X39,0X5E,0X79,0X71
       344F 3466 347D 
       3407 347F 346F 
       3477 347C 3439 
       345E 3479 3471 
                      00022                                         
                      00023 ;************************************************************************                ***************
                            **********************************************************
MPASM  5.51                 TMR0_CONTADOR.ASM   6-11-2021  20:40:45         PAGE  6


LOC  OBJECT CODE     LINE SOURCE TEXT
  VALUE

002F   0782           00024 TABLA_LCD                       ADDWF                   PCL,F
0030   0782           00025 LCD_FILA1                       ADDWF                   PCL,F
0031   3445 344C 3420 00026                                         DT                              "EL NUMERO       "
       344E 3455 344D 
       3445 3452 344F 
       3420 3420 3420 
       3420 3420 3420 
       3420 
0041   0782           00027 LCD_FILA2                       ADDWF                   PCL,F
0042   3441 344C 3445 00028                                         DT                              "ALEATORIO ES    "              
                                                            
       3441 3454 344F 
       3452 3449 344F 
       3420 3445 3453 
       3420 3420 3420 
       3420 
                      00029                                         CONFIGURACION                           ;NOS DEJA EN EL BANCO 1
                          M                 
0052   1683               M INICIALIZA:                     BSF                     STATUS,RP0
0053   1703               M                                         BSF                     STATUS,RP1              ;ACCEDIENDO AL B
                            ANCO 3
Message[302]: Register in operand not in bank 0.  Ensure that bank bits are correct.
0054   0188               M                                         CLRF            ANSEL
Message[302]: Register in operand not in bank 0.  Ensure that bank bits are correct.
0055   0189               M                                         CLRF            ANSELH                  ;TODOS LOS PINES DIGITAL
                            ES
                          M                         
0056   1303               M                                         BCF                     STATUS,RP1
0057   1683               M                                         BSF                     STATUS,RP0              ;ACCEDIENDO AL B
                            ANCO 1
Message[302]: Register in operand not in bank 0.  Ensure that bank bits are correct.
0058   0185               M                                         CLRF            TRISA                   ;PUERTO A COMO ENTRADA
Message[302]: Register in operand not in bank 0.  Ensure that bank bits are correct.
0059   0186               M                                         CLRF            TRISB                   ;PUERTO B COMO SALIDA
Message[302]: Register in operand not in bank 0.  Ensure that bank bits are correct.
005A   0187               M                                         CLRF            TRISC                   ;PUERTO C COMO ENTRADA
Message[302]: Register in operand not in bank 0.  Ensure that bank bits are correct.
005B   0188               M                                         CLRF            TRISD                   ;PUERTO D COMO SALIDA
Message[302]: Register in operand not in bank 0.  Ensure that bank bits are correct.
005C   0189               M                                         CLRF            TRISE                   ;PUERTO E COMO ENTRADA
                          M                         
                          M 
005D   1283               M                                         BCF                     STATUS,RP0              
005E   1303               M                                         BCF                     STATUS,RP1              ;ACCEDIENDO AL B
                            ANCO 0
005F   0185               M                                         CLRF            PORTA                   ;LIMPIAR EL PUERTO A
0060   0186               M                                         CLRF            PORTB                   ;LIMPIAR EL PUERTO B
0061   0187               M                                         CLRF            PORTC                   ;LIMPIAR EL PUERTO C
0062   0188               M                                         CLRF            PORTD                   ;LIMPIAR EL PUERTO D
0063   0189               M                                         CLRF            PORTE                   ;LIMPIAR EL PUERTO E
                          M                 
0064   1303               M                                         BCF                     STATUS,RP1
0065   1683               M                                         BSF                     STATUS,RP0              ;ACCEDIENDO AL B
MPASM  5.51                 TMR0_CONTADOR.ASM   6-11-2021  20:40:45         PAGE  7


LOC  OBJECT CODE     LINE SOURCE TEXT
  VALUE

                            ANCO 1
                      00030 ;-----------------------CODIGO PRINCIPAL------------------------------
                      00031 ;ETIQUETAS                      |NEMONICOS              | OPERANDOS             | COMENTARIOS   
Message[302]: Register in operand not in bank 0.  Ensure that bank bits are correct.
0066   0186           00032                                         CLRF                    TRISB
Message[302]: Register in operand not in bank 0.  Ensure that bank bits are correct.
0067   0188           00033                                         CLRF                    TRISD
Message[302]: Register in operand not in bank 0.  Ensure that bank bits are correct.
0068   1005           00034                                         BCF                             TRISA,0
Message[302]: Register in operand not in bank 0.  Ensure that bank bits are correct.
0069   1085           00035                                         BCF                             TRISA,1
                      00036 
006A   1283           00037                                         BCF                             STATUS,RP0                      
                            ;BANCO 0
006B   2135           00038                                         CALL                    INIT_LCD        
                      00039                                         FILA1_POSICION  .0
006C   3000               M                                         MOVLW                   .0                                      
                                    ;POSICIONARSE EN LA SEGUNDA FILA
006D   215E               M                                         CALL                    DIRECCION_DDRAM
006E   218C           00040                                         CALL                    MENSAJE_FILA1
                      00041                                         FILA2_POSICION  .0
006F   3040               M                                         MOVLW                   0X40+.0                                 
                                    ;POSICIONARSE EN LA SEGUNDA FILA
0070   215E               M                                         CALL                    DIRECCION_DDRAM
0071   2196           00042                                         CALL                    MENSAJE_FILA2
                      00043 
0072   1683           00044                                         BSF                             STATUS,RP0                      
                            ;BANCO 1
Message[302]: Register in operand not in bank 0.  Ensure that bank bits are correct.
0073   0986           00045                                         COMF                    TRISB,F                         ;PUERTO 
                            B COMO ENTRADA
                      00046 ;************CONFIGURACION INTERRUPCION EXTERNA***************************************
0074   30F0           00047                                         MOVLW                   B'11110000'                     ;RB0 INT
                            , FLACOS DE SUBIDA, CONTADOR, PRES=2
Message[302]: Register in operand not in bank 0.  Ensure that bank bits are correct.
0075   0081           00048                                         MOVWF                   OPTION_REG
0076   1283           00049                                         BCF                             STATUS,RP0                      
                            ;BANCO 0
                      00050                                         
0077   3006           00051                                         MOVLW                   .6
0078   0081           00052                                         MOVWF                   TMR0
                      00053                                         
0079   3005           00054                                         MOVLW                   .5
007A   00A3           00055                                         MOVWF                   CONT5
                      00056 
007B   110B           00057                                         BCF                             INTCON,T0IF                     
                            ;LIMPIAR BANDERA DE INTERRUPCION
007C   168B           00058                                         BSF                             INTCON,T0IE                     
                            ;HABILITAR INTERRUPCION EXTERNA
007D   108B           00059                                         BCF                             INTCON,INTF                     
                            ;LIMPIAR BANDERA DE INTERRUPCION
007E   160B           00060                                         BSF                             INTCON,INTE                     
                            ;HABILITAR INTERRUPCION EXTERNA
MPASM  5.51                 TMR0_CONTADOR.ASM   6-11-2021  20:40:45         PAGE  8


LOC  OBJECT CODE     LINE SOURCE TEXT
  VALUE

007F   178B           00061                                         BSF                             INTCON,GIE                      
                            ;HABILITAR INTERRUPCIONES GLOBALES
                      00062 ;*************************************************************************
0080   01A1           00063 LIMPIA_DEC:                     CLRF                    DECENA                          ;LIMPIAMOS LA VA
                            RIABLE DECENA (0X21)                    
0081   01A0           00064 LIMPIA_UNI:                     CLRF                    UNIDAD                          ;LIMPIAMOS LA VA
                            RIABLE UNIDAD (0X20)
                      00065 
                      00066                         
0082   303C           00067 RECARGA60:                      MOVLW                   .60
0083   00A2           00068                                         MOVWF                   CONT60                          ;CARGARM
                            OS LA VARIABLE CONT60 CON .60
                      00069 
0084   0820           00070 VISUALIZAR:                     MOVF                    UNIDAD,W                        ;LEEMOS LA VARIA
                            BLE UNIDAD Y LO ALMACENAMOS EN W
0085   201F           00071                                         CALL                    SIETE_SEG                       ;LLAMAMO
                            S A LA RUTINA 7 SEG
0086   0088           00072                                         MOVWF                   PORTD                           ;VISUALI
                            ZAMOS LA UNIDAD POR EL PUERTO D
                      00073 
0087   1405           00074                                         UNIDAD_ENA                                                      
                            ;ENCENDER UNIDADES DISPLAY(ENCENDER TRANSITOR RA0)
0088   210E           00075                                         CALL                    RETARDO_8mS
0089   1005           00076                                         UNIDAD_DIS                                                      
                            ;ENCENDER UNIDADES DISPLAY(APAGAR TRANSITOR RA0)
                      00077 
008A   0821           00078                                         MOVF                    DECENA,W                        ;LEEMOS 
                            LA VARIABLE UNIDAD Y LO ALMACENAMOS EN W
008B   201F           00079                                         CALL                    SIETE_SEG                       ;LLAMAMO
                            S A LA RUTINA 7 SEG
008C   0088           00080                                         MOVWF                   PORTD                           ;VISUALI
                            ZAMOS LA DECENA POR EL PUERTO D
                      00081 
008D   1485           00082                                         DECENA_ENA                                                      
                            ;ENCENDER DECENAS DISPLAY(ENCENDER TRANSITOR RA1)
008E   210E           00083                                         CALL                    RETARDO_8mS
008F   1085           00084                                         DECENA_DIS                                                      
                            ;APAGAR DECENAS DISPLAY(APAGAR TRANSITOR RA1)
                      00085                         
0090   0BA2           00086                                         DECFSZ                  CONT60,F                        ;BUCLE P
                            ARA REPETIR 60 VECES LA VISUALIZACION DE LOS DIGITOS
0091   2884           00087                                         GOTO                    VISUALIZAR                      
                      00088                 
0092   0AA0           00089                                         INCF                    UNIDAD,F                        ;INCREME
                            NTAR LA VARIABLE UNIDAD
0093   3009           00090                                         MOVLW                   0X09                    
0094   0620           00091                                         XORWF                   UNIDAD,W                
0095   1D03           00092                                         BTFSS                   STATUS,Z                        ;UNIDAD 
                            == 9?
0096   2882           00093                                         GOTO                    RECARGA60                       ;NO, VE 
                            A REPETIR HASTA QUE SE CUMPLAN LOS 60 SIGLOS
0097   0AA1           00094                                         INCF                    DECENA,F                        ;SI, INC
                            REMENTA DECENA EN UNA UNIDAD, Y LIMPIA UNIDADES
MPASM  5.51                 TMR0_CONTADOR.ASM   6-11-2021  20:40:45         PAGE  9


LOC  OBJECT CODE     LINE SOURCE TEXT
  VALUE

0098   3009           00095                                         MOVLW                   0X09
0099   0621           00096                                         XORWF                   DECENA,W
009A   1D03           00097                                         BTFSS                   STATUS,Z                        ;DECENA 
                            == 9?
009B   2881           00098                                         GOTO                    LIMPIA_UNI                      ;NO, VE 
                            A LIMPIAR UNIDADES, PERO MANTENER LAS DECENAS 
009C   2880           00099                                         GOTO                    LIMPIA_DEC                      ;SI, VE 
                            Y LIMPIA UNIDADES Y DECENAS
                      00100                                         
                      00101 ;*************************************************************************
                      00102                                         
                      00103 ;------------------SERVICIO DE RUTINA DE INTERRUPCION-----------------
009D   0185           00104 ISR:                            CLRF                    PORTA
009E   1D0B           00105                                         BTFSS                   INTCON,T0IF
009F   28C0           00106                                         GOTO                    INT_EXT
                      00107 
                      00108 ;**************************INTERRUPCION TMR0*******************************
00A0   0BA3           00109                                         DECFSZ                  CONT5,F
00A1   28BC           00110                                         GOTO                    CLR_FLAG
00A2   3005           00111                                         MOVLW                   .5
00A3   00A3           00112                                         MOVWF                   CONT5
                      00113                                         
00A4   3002           00114                                         MOVLW                   .2                      
00A5   00A8           00115                                         MOVWF                   0X28
00A6   3003           00116 RECARGA_TONO:           MOVLW                   .3                                              ;2X3 = 6
                             REPETICIONES
00A7   00A9           00117                                         MOVWF                   0X29
00A8   1507           00118 TONO:                           BSF                             PORTC,2
                      00119                                         RETARDO_3V              .1,.69,.1                               
                            ;RETARDO DE 500US
00A9   3001               M                 MOVLW           .1                              ;VAR1
00AA   00E4               M                 MOVWF           0X64
00AB   3045               M                 MOVLW           .69                             ;VAR2
00AC   00E5               M                 MOVWF           0X65                    
00AD   3001               M                 MOVLW           .1                              ;VAR3
00AE   0081               M                 MOVWF           .1
00AF   2126               M                 CALL            ST3V
00B0   1107           00120                                         BCF                             PORTC,2
                      00121                                         RETARDO_3V              .1,.69,.1                               
                            ;RETARDO DE 500US
00B1   3001               M                 MOVLW           .1                              ;VAR1
00B2   00E4               M                 MOVWF           0X64
00B3   3045               M                 MOVLW           .69                             ;VAR2
00B4   00E5               M                 MOVWF           0X65                    
00B5   3001               M                 MOVLW           .1                              ;VAR3
00B6   0081               M                 MOVWF           .1
00B7   2126               M                 CALL            ST3V
00B8   0BA9           00122                                         DECFSZ                  0X29,F
00B9   28A8           00123                                         GOTO                    TONO
00BA   0BA8           00124                                         DECFSZ                  0X28,F                  
00BB   28A6           00125                                         GOTO                    RECARGA_TONO
                      00126                                         
                      00127 
MPASM  5.51                 TMR0_CONTADOR.ASM   6-11-2021  20:40:45         PAGE 10


LOC  OBJECT CODE     LINE SOURCE TEXT
  VALUE

00BC   3006           00128 CLR_FLAG:                       MOVLW                   .6
00BD   0081           00129                                         MOVWF                   TMR0
00BE   110B           00130                                         BCF                             INTCON,T0IF                     
                            ;LIMPIAMOS LA BANDERA DE INTERRUPCION INT_EXT   
00BF   28ED           00131                                         GOTO                    FIN_INT
                      00132 
                      00133                                         
                      00134 ;**************************INTERRUPCION EXTERNA*******************************                          
00C0   2106           00135 INT_EXT                         CALL                    SUBT25MS
00C1   0AA4           00136                                         INCF                    ALEATORIO,F
00C2   1806           00137                                         BTFSC                   PORTB,0
00C3   28C1           00138                                         GOTO                    $-2
00C4   2106           00139                                         CALL                    SUBT25MS
                      00140 
00C5   01A5           00141                                         CLRF                    UNIDADES
00C6   01A6           00142                                         CLRF                    DECENAS
00C7   01A7           00143                                         CLRF                    CENTENAS
                      00144 
                      00145 ;******************EXTRAER CENTENAS*********************************
00C8   3064           00146 RESTA100:                       MOVLW                   .100
00C9   02A4           00147                                         SUBWF                   ALEATORIO,F
00CA   1C03           00148                                         BTFSS                   STATUS,C
00CB   28CE           00149                                         GOTO                    SUMA100
00CC   0AA7           00150                                         INCF                    CENTENAS,F
00CD   28C8           00151                                         GOTO                    RESTA100
00CE   3064           00152 SUMA100:                        MOVLW                   .100
00CF   07A4           00153                                         ADDWF                   ALEATORIO,F
                      00154 
                      00155 ;******************EXTRAER DECENAS*********************************
00D0   300A           00156 RESTA10:                        MOVLW                   .10
00D1   02A4           00157                                         SUBWF                   ALEATORIO,F
00D2   1C03           00158                                         BTFSS                   STATUS,C
00D3   28D6           00159                                         GOTO                    SUMA10
00D4   0AA6           00160                                         INCF                    DECENAS,F
00D5   28D0           00161                                         GOTO                    RESTA10
00D6   300A           00162 SUMA10:                         MOVLW                   .10
00D7   07A4           00163                                         ADDWF                   ALEATORIO,F
                      00164 
                      00165 ;******************EXTRAER UNIDADES*********************************
00D8   0824           00166                                         MOVF                    ALEATORIO,W
00D9   00A5           00167                                         MOVWF                   UNIDADES
                      00168 
00DA   1683           00169                                         BSF                             STATUS,RP0
Message[302]: Register in operand not in bank 0.  Ensure that bank bits are correct.
00DB   0986           00170                                         COMF                    TRISB,F                         ;PUERTO 
                            B COMO ENTRADA PARA ENVIAR COMANDOS LCD
00DC   1283           00171                                         BCF                             STATUS,RP0
                      00172 
                      00173 
                      00174                         
                      00175 ;***************DE BCD A DECIMAL USANDO CAR ASCII*****************              
00DD   3030           00176                                         MOVLW                   0X30                            ;EN CODI
                            GO ASCII LOS NUMERO EMPIEZAN DESDE LA POSICION 0X30
MPASM  5.51                 TMR0_CONTADOR.ASM   6-11-2021  20:40:45         PAGE 11


LOC  OBJECT CODE     LINE SOURCE TEXT
  VALUE

00DE   07A5           00177                                         ADDWF                   UNIDADES,F
00DF   07A6           00178                                         ADDWF                   DECENAS,F
00E0   07A7           00179                                         ADDWF                   CENTENAS,F
                      00180                                 
                      00181                                         FILA2_POSICION  .13                                     ;UBICAMO
                            S EL CURSOR EN LA FILA 2 COLUMNA 14
00E1   304D               M                                         MOVLW                   0X40+.13                                
                                    ;POSICIONARSE EN LA SEGUNDA FILA
00E2   215E               M                                         CALL                    DIRECCION_DDRAM
00E3   0827           00182                                         MOVF                    CENTENAS,W
00E4   2160           00183                                         CALL                    ESCRIBE_CARACTER        ;ESCRIBE CARACTE
                            R DE CENTENAS EN LA POSICION 14
00E5   0826           00184                                         MOVF                    DECENAS,W                               
                                            
00E6   2160           00185                                         CALL                    ESCRIBE_CARACTER        ;ESCRIBE CARACTE
                            R DE DECENAS EN LA POSICION 15
00E7   0825           00186                                         MOVF                    UNIDADES,W
00E8   2160           00187                                         CALL                    ESCRIBE_CARACTER        ;ESCRIBE CARACTE
                            R DE UNIDADES EN LA POSICION 16
                      00188 
                      00189                                 
00E9   1683           00190                                         BSF                             STATUS,RP0                      
                            ;BANCO 1
Message[302]: Register in operand not in bank 0.  Ensure that bank bits are correct.
00EA   0986           00191                                         COMF                    TRISB,F                         ;PUERTO 
                            B COMO ENTRADA
00EB   1283           00192                                         BCF                             STATUS,RP0                      
                            ;BANCO 0
                      00193                                         
00EC   108B           00194                                         BCF                             INTCON,INTF                     
                            ;LIMPIAMOS LA BANDERA DE INTERRUPCION INT_EXT   
                      00195                                         
                      00196 FIN_INT:                        RESTORE_REG                                                     ;RESTAUR
                            AMOS LOS REGISTROS DE INTERES
00ED   0875               M                         MOVF                    0X75,W
00EE   00E0               M                         MOVWF                   0X60
00EF   0876               M                         MOVF                    0X76,W
00F0   00E1               M                         MOVWF                   0X61
00F1   0877               M                         MOVF                    0X77,W
00F2   00E2               M                         MOVWF                   0X62
00F3   0878               M                         MOVF                    0X78,W
00F4   00E3               M                         MOVWF                   0X63
00F5   0878               M                         MOVF                    0X78,W
00F6   00E4               M                         MOVWF                   0X64
00F7   087A               M                         MOVF                    0X7A,W
00F8   00E5               M                         MOVWF                   0X65
00F9   087B               M                         MOVF                    0X7B,W
00FA   00E6               M                         MOVWF                   0X66
00FB   087C               M                         MOVF                    0X7C,W
00FC   00E7               M                         MOVWF                   0X67
00FD   087D               M                         MOVF                    0X7D,W
00FE   00E8               M                         MOVWF                   0X68
00FF   0872               M                         MOVF                    SAVE_PC,W
MPASM  5.51                 TMR0_CONTADOR.ASM   6-11-2021  20:40:45         PAGE 12


LOC  OBJECT CODE     LINE SOURCE TEXT
  VALUE

0100   008A               M                         MOVWF                   PCLATH
0101   0E71               M                         SWAPF                   SAVE_STATUS,W
0102   0083               M                         MOVWF                   STATUS
0103   0EF0               M                         SWAPF                   SAVE_W,F
0104   0E70               M                         SWAPF                   SAVE_W,W
0105   0009           00197                                         RETFIE                                                          
                            ;REGRESAMOS DE LA INTERRUPCION
                      00198                                         
                      00199 ;-------------------------SUBRUTINAS----------------------------------
                      00200 SUBT25MS:                       RETARDO_3V              .3,.47,.25
0106   3003               M                 MOVLW           .3                              ;VAR1
0107   00E4               M                 MOVWF           0X64
0108   302F               M                 MOVLW           .47                             ;VAR2
0109   00E5               M                 MOVWF           0X65                    
010A   3019               M                 MOVLW           .25                             ;VAR3
010B   0099               M                 MOVWF           .25
010C   2126               M                 CALL            ST3V
010D   0008           00201                                         RETURN
                      00202 
                      00203 RETARDO_8mS:            RETARDO_2V              .6,.181                 ;RETARDO DE 8mS PARA LA PERSISTE
                            NCIA DE LA VISION
010E   3006               M                 MOVLW           .6
010F   00E1               M                 MOVWF           0X61
0110   30B5               M                 MOVLW           .181
0111   00E2               M                 MOVWF           0X62
0112   211B               M                 CALL            ST2V
0113   0008           00204                                         RETURN
                      00205 ;---------------------------TABLAS------------------------------------
                      00206 ;---------------------------LIBRERIAS--------------------------------
                      00207                                         INCLUDE         <D:\Archivos\Programacion\Microcontroladores\PIC
                            \ASSEMBLER\MPASM\PIC16F887\LIBRERIAS\LIBRERIA_RETARDOS.asm>
                      00001 ;                       MOVLW           .                       ;VAR2
                      00002 ;                       MOVWF           0X61
                      00003 ;                       MOVLW           .                       ;VAR1
                      00004 ;                       MOVWF           0X62
                      00005 ;                       CALL            ST2V
                      00006 ;                       RETURN
                      00007 ;;---------------------------------------------------------
                      00008 ;                       MOVLW           .                       ;VAR1
                      00009 ;                       MOVWF           0X64
                      00010 ;                       MOVLW           .                       ;VAR2
                      00011 ;                       MOVWF           0X65            
                      00012 ;                       MOVLW           .                       ;VAR3
                      00013 ;                       MOVWF           0X66
                      00014 ;                       CALL            ST3V
                      00015 
                      00016 ;SUBT25MS:              SUBT3V          .3,.47,.25   ;RETARDO DE 25mS PARA EL USO DE LA FUNCION ANTIREBO
                            TES     
                      00017 
                      00018 ;--------------------RUTINA DE TIEMPO 1 VAR---------------
                      00019 
0114   0000           00020 ST1V:                   NOP
0115   0000           00021                         NOP
MPASM  5.51                 TMR0_CONTADOR.ASM   6-11-2021  20:40:45         PAGE 13


LOC  OBJECT CODE     LINE SOURCE TEXT
  VALUE

0116   0000           00022                         NOP 
0117   0000           00023                         NOP
0118   0BE0           00024                         DECFSZ          0X60,F
0119   2914           00025                         GOTO            ST1V
011A   0008           00026                         RETURN
                      00027 
                      00028                         
                      00029 ;SUBRUTINA DE TIEMPO DE 2 VARIABLES
011B   0862           00030 ST2V:                   MOVF            0X62,W
011C   00E3           00031                         MOVWF           0X63
011D   0000           00032 DECRE2V:                NOP
011E   0000           00033                         NOP
011F   0000           00034                         NOP
0120   0000           00035                         NOP
0121   0BE3           00036                         DECFSZ          0X63,F
0122   291D           00037                         GOTO            DECRE2V
0123   0BE1           00038                         DECFSZ          0X61,F
0124   291B           00039                         GOTO            ST2V
0125   0008           00040                         RETURN
                      00041 
                      00042                         
                      00043 ;SUBRUTINA DE TIEMPO DE 3 VARIABLES
0126   0866           00044 ST3V:                   MOVF            0X66,W
0127   00E7           00045                         MOVWF           0X67
0128   0865           00046 RECARGA3V:              MOVF            0X65,W
0129   00E8           00047                         MOVWF           0X68
012A   0000           00048 DECRE3V:                NOP
012B   0000           00049                         NOP
012C   0000           00050                         NOP
012D   0000           00051                         NOP
012E   0BE8           00052                         DECFSZ          0X68,F
012F   292A           00053                         GOTO            DECRE3V
0130   0BE7           00054                         DECFSZ          0X67,F
0131   2928           00055                         GOTO            RECARGA3V
0132   0BE4           00056                         DECFSZ          0X64,F
0133   2926           00057                         GOTO            ST3V
0134   0008           00058                         RETURN
                      00059 
                      00208                                         INCLUDE         <D:\Archivos\Programacion\Microcontroladores\PIC
                            \ASSEMBLER\MPASM\PIC16F887\LIBRERIAS\LIBRERIA_LCD.asm>          
                      00001 ;--------------------------SUBRUTINAS--------------------------------
                      00002 INIT_LCD:                       RETARDO_2V              .61,.232                        ;100mS
0135   303D               M                 MOVLW           .61
0136   00E1               M                 MOVWF           0X61
0137   30E8               M                 MOVLW           .232
0138   00E2               M                 MOVWF           0X62
0139   211B               M                 CALL            ST2V
013A   2176           00003                                         CALL                    MINISALUDO
013B   2176           00004                                         CALL                    MINISALUDO
013C   2176           00005                                         CALL                    MINISALUDO
013D   3002           00006                                         MOVLW                   B'00000010'
013E   0086           00007                                         MOVWF                   PORTB
013F   217F           00008                                         CALL                    ACTIVA_E
MPASM  5.51                 TMR0_CONTADOR.ASM   6-11-2021  20:40:45         PAGE 14


LOC  OBJECT CODE     LINE SOURCE TEXT
  VALUE

0140   2146           00009                                         CALL                    FUNCTION_SET
0141   2148           00010                                         CALL                    LCD_OFF
0142   214A           00011                                         CALL                    LIMPIA_LCD
0143   214C           00012                                         CALL                    ENTRY_MODE
0144   214E           00013                                         CALL                    LCD_ON  
0145   0008           00014                                         RETURN                                                          
                      00015 
0146   3028           00016 FUNCTION_SET:           MOVLW                   B'00101000'                     ;4BITS, 2FILAS, 5X7 PIXE
                            LS      
0147   296C           00017                                         GOTO                    ESCRIBE_DATO
                      00018 
0148   3008           00019 LCD_OFF:                        MOVLW                   B'00001000'                     
0149   296C           00020                                         GOTO                    ESCRIBE_DATO
                      00021 
014A   3001           00022 LIMPIA_LCD:                     MOVLW                   B'00000001'
014B   296C           00023                                         GOTO                    ESCRIBE_DATO
                      00024 
014C   3006           00025 ENTRY_MODE:                     MOVLW                   B'00000110'                     ;NO RECORRE INFO
                            RMACION AL ESCRIBIR,APUNTADOR CON INCREMENTE
014D   296C           00026                                         GOTO                    ESCRIBE_DATO
                      00027 
014E   300C           00028 LCD_ON:                         MOVLW                   B'00001100'
014F   296C           00029                                         GOTO                    ESCRIBE_DATO
                      00030 
0150   300E           00031 LCD_ON_CURSOR:          MOVLW                   B'00001110'
0151   296C           00032                                         GOTO                    ESCRIBE_DATO    
                      00033 
0152   300F           00034 LCD_ON_CURS_BLINK:  MOVLW                       B'00001111'
0153   296C           00035                                         GOTO                    ESCRIBE_DATO
                      00036 
0154   3002           00037 HOME:                           MOVLW                   B'00000010'
0155   296C           00038                                         GOTO                    ESCRIBE_DATO    
                      00039 
0156   301C           00040 RECORRE_DER_LCD:        MOVLW                   B'00011100'
0157   296C           00041                                         GOTO                    ESCRIBE_DATO    
                      00042 
0158   3018           00043 RECORRE_IZQ_LCD:        MOVLW                   B'00011000'
0159   296C           00044                                         GOTO                    ESCRIBE_DATO    
                      00045 
015A   3014           00046 RECORRE_DER_CUR:        MOVLW                   B'00010100'
015B   296C           00047                                         GOTO                    ESCRIBE_DATO    
                      00048 
015C   3010           00049 RECORRE_IZQ_CUR:        MOVLW                   B'00010000'
015D   296C           00050                                         GOTO                    ESCRIBE_DATO
                      00051 
015E   3880           00052 DIRECCION_DDRAM:        IORLW                   B'10000000'
015F   296C           00053                                         GOTO                    ESCRIBE_DATO
                      00054         
0160   00AA           00055 ESCRIBE_CARACTER:       MOVWF                   DATO
0161   0E2A           00056                                         SWAPF                   DATO,W
0162   390F           00057                                         ANDLW                   B'00001111'
0163   0086           00058                                         MOVWF                   PORTB
0164   1606           00059                                         RS_1
MPASM  5.51                 TMR0_CONTADOR.ASM   6-11-2021  20:40:45         PAGE 15


LOC  OBJECT CODE     LINE SOURCE TEXT
  VALUE

0165   217F           00060                                         CALL                    ACTIVA_E                        ;ENVIAR 
                            LOS 4BITS MSB
0166   082A           00061                                         MOVF                    DATO,W
0167   390F           00062                                         ANDLW                   B'00001111'
0168   0086           00063                                         MOVWF                   PORTB
0169   1606           00064                                         RS_1
016A   217F           00065                                         CALL                    ACTIVA_E                        ;ENVIAR 
                            LOS 4BITS LSB
016B   0008           00066                                         RETURN 
                      00067 
016C   00AA           00068 ESCRIBE_DATO:           MOVWF                   DATO
016D   0E2A           00069                                         SWAPF                   DATO,W
016E   390F           00070                                         ANDLW                   B'00001111'
016F   0086           00071                                         MOVWF                   PORTB
0170   217F           00072                                         CALL                    ACTIVA_E                        ;ENVIAR 
                            LOS 4BITS MSB
0171   082A           00073                                         MOVF                    DATO,W
0172   390F           00074                                         ANDLW                   B'00001111'
0173   0086           00075                                         MOVWF                   PORTB
0174   217F           00076                                         CALL                    ACTIVA_E                        ;ENVIAR 
                            LOS 4BITS LSB
0175   0008           00077                                         RETURN 
                      00078 
                      00079                                         
0176   3003           00080 MINISALUDO:                     MOVLW                   B'00000011'
0177   0086           00081                                         MOVWF                   PORTB
0178   217F           00082                                         CALL                    ACTIVA_E
                      00083                                         RETARDO_2V              .4,.156                         ;5mS
0179   3004               M                 MOVLW           .4
017A   00E1               M                 MOVWF           0X61
017B   309C               M                 MOVLW           .156
017C   00E2               M                 MOVWF           0X62
017D   211B               M                 CALL            ST2V
017E   0008           00084                                         RETURN
                      00085 
017F   1686           00086 ACTIVA_E:                       E_1
0180   0000           00087                                         NOP
0181   0000           00088                                         NOP
0182   0000           00089                                         NOP
0183   0000           00090                                         NOP
0184   0000           00091                                         NOP
0185   1286           00092                                         E_0
                      00093                                         RETARDO_2V              .35,.8
0186   3023               M                 MOVLW           .35
0187   00E1               M                 MOVWF           0X61
0188   3008               M                 MOVLW           .8
0189   00E2               M                 MOVWF           0X62
018A   211B               M                 CALL            ST2V
018B   0008           00094                                         RETURN
                      00095 
                      00096 
                      00097 
                      00098 ;-------------------SUBRUTINA PARA ESCRIBIR MENSAJES----------------------------------------------------
MPASM  5.51                 TMR0_CONTADOR.ASM   6-11-2021  20:40:45         PAGE 16


LOC  OBJECT CODE     LINE SOURCE TEXT
  VALUE

                            --------------------------------
                      00099 
                      00100                 
018C   01A0           00101 MENSAJE_FILA1                           CLRF                    0X20
018D   0820           00102 TABLA1:                         MOVF                    0X20,W
018E   2030           00103                                         CALL                    LCD_FILA1
018F   2160           00104                                         CALL                    ESCRIBE_CARACTER
0190   0AA0           00105                                         INCF                    0X20,F
0191   3010           00106                                         MOVLW                   .16
0192   0620           00107                                         XORWF                   0X20,W
0193   1D03           00108                                         BTFSS                   STATUS,Z
0194   298D           00109                                         GOTO                    TABLA1
0195   0008           00110                                         RETURN                                  
                      00111 
                      00112 
0196   01A0           00113 MENSAJE_FILA2                           CLRF                    0X20
0197   0820           00114 TABLA2:                         MOVF                    0X20,W
0198   2041           00115                                         CALL                    LCD_FILA2
0199   2160           00116                                         CALL                    ESCRIBE_CARACTER
019A   0AA0           00117                                         INCF                    0X20,F
019B   3010           00118                                         MOVLW                   .16
019C   0620           00119                                         XORWF                   0X20,W
019D   1D03           00120                                         BTFSS                   STATUS,Z
019E   2997           00121                                         GOTO                    TABLA2
019F   0008           00122                                         RETURN
                      00123 
                      00124 
                      00125 
                      00209                                         END
MPASM  5.51                 TMR0_CONTADOR.ASM   6-11-2021  20:40:45         PAGE 17


SYMBOL TABLE
  LABEL                             VALUE 

ABDEN                             00000000
ABDOVF                            00000007
ACKDT                             00000005
ACKEN                             00000004
ACKSTAT                           00000006
ACTIVA_E                          0000017F
ADCON0                            0000001F
ADCON1                            0000009F
ADCS0                             00000006
ADCS1                             00000007
ADDEN                             00000003
ADFM                              00000007
ADIE                              00000006
ADIF                              00000006
ADON                              00000000
ADRESH                            0000001E
ADRESL                            0000009E
ALEATORIO                         00000024
ANS0                              00000000
ANS1                              00000001
ANS10                             00000002
ANS11                             00000003
ANS12                             00000004
ANS13                             00000005
ANS2                              00000002
ANS3                              00000003
ANS4                              00000004
ANS5                              00000005
ANS6                              00000006
ANS7                              00000007
ANS8                              00000000
ANS9                              00000001
ANSEL                             00000188
ANSELH                            00000189
BAUDCTL                           00000187
BCLIE                             00000003
BCLIF                             00000003
BF                                00000000
BRG0                              00000000
BRG1                              00000001
BRG10                             00000002
BRG11                             00000003
BRG12                             00000004
BRG13                             00000005
BRG14                             00000006
BRG15                             00000007
BRG16                             00000003
BRG2                              00000002
BRG3                              00000003
BRG4                              00000004
BRG5                              00000005
BRG6                              00000006
BRG7                              00000007
MPASM  5.51                 TMR0_CONTADOR.ASM   6-11-2021  20:40:45         PAGE 18


SYMBOL TABLE
  LABEL                             VALUE 

BRG8                              00000000
BRG9                              00000001
BRGH                              00000002
C                                 00000000
C1CH0                             00000000
C1CH1                             00000001
C1IE                              00000005
C1IF                              00000005
C1OE                              00000005
C1ON                              00000007
C1OUT                             00000006
C1POL                             00000004
C1R                               00000002
C1RSEL                            00000005
C1SEN                             00000005
C2CH0                             00000000
C2CH1                             00000001
C2IE                              00000006
C2IF                              00000006
C2OE                              00000005
C2ON                              00000007
C2OUT                             00000006
C2POL                             00000004
C2R                               00000002
C2REN                             00000004
C2RSEL                            00000004
C2SYNC                            00000000
CCP1CON                           00000017
CCP1IE                            00000002
CCP1IF                            00000002
CCP1M0                            00000000
CCP1M1                            00000001
CCP1M2                            00000002
CCP1M3                            00000003
CCP1X                             00000005
CCP1Y                             00000004
CCP2CON                           0000001D
CCP2IE                            00000000
CCP2IF                            00000000
CCP2M0                            00000000
CCP2M1                            00000001
CCP2M2                            00000002
CCP2M3                            00000003
CCP2X                             00000005
CCP2Y                             00000004
CCPR1                             00000015
CCPR1H                            00000016
CCPR1L                            00000015
CCPR2                             0000001B
CCPR2H                            0000001C
CCPR2L                            0000001B
CENTENAS                          00000027
CHS0                              00000002
MPASM  5.51                 TMR0_CONTADOR.ASM   6-11-2021  20:40:45         PAGE 19


SYMBOL TABLE
  LABEL                             VALUE 

CHS1                              00000003
CHS2                              00000004
CHS3                              00000005
CKE                               00000006
CKP                               00000004
CLR_FLAG                          000000BC
CM1CON0                           00000107
CM2CON0                           00000108
CM2CON1                           00000109
CONFIGURACION                     
CONT5                             00000023
CONT60                            00000022
CREN                              00000004
CSRC                              00000007
D                                 00000005
DATA_ADDRESS                      00000005
DATO                              0000002A
DC                                00000001
DC1B0                             00000004
DC1B1                             00000005
DC2B0                             00000004
DC2B1                             00000005
DECENA                            00000021
DECENAS                           00000026
DECENA_DIS                        BCF     PORTA,1
DECENA_ENA                        BSF     PORTA,1
DECRE2V                           0000011D
DECRE3V                           0000012A
DIRECCION_DDRAM                   0000015E
D_A                               00000005
D_NOT_A                           00000005
ECCPAS                            0000009C
ECCPAS0                           00000004
ECCPAS1                           00000005
ECCPAS2                           00000006
ECCPASE                           00000007
EEADR                             0000010D
EEADRH                            0000010F
EECON1                            0000018C
EECON2                            0000018D
EEDAT                             0000010C
EEDATA                            0000010C
EEDATH                            0000010E
EEIE                              00000004
EEIF                              00000004
EEPGD                             00000007
ENTRY_MODE                        0000014C
ESCRIBE_CARACTER                  00000160
ESCRIBE_DATO                      0000016C
E_0                               BCF             PORTB,5
E_1                               BSF             PORTB,5
F                                 00000001
FERR                              00000002
MPASM  5.51                 TMR0_CONTADOR.ASM   6-11-2021  20:40:45         PAGE 20


SYMBOL TABLE
  LABEL                             VALUE 

FILA1_POSICION                    
FILA2_POSICION                    
FIN_INT                           000000ED
FSR                               00000004
FUNCTION_SET                      00000146
FVREN                             00000000
GCEN                              00000007
GIE                               00000007
GO                                00000001
GO_DONE                           00000001
GO_NOT_DONE                       00000001
HOME                              00000154
HTS                               00000002
I2C_DATA                          00000005
I2C_READ                          00000002
I2C_START                         00000003
I2C_STOP                          00000004
INDF                              00000000
INICIALIZA                        00000052
INIT_LCD                          00000135
INTCON                            0000000B
INTE                              00000004
INTEDG                            00000006
INTF                              00000001
INT_EXT                           000000C0
IOCB                              00000096
IOCB0                             00000000
IOCB1                             00000001
IOCB2                             00000002
IOCB3                             00000003
IOCB4                             00000004
IOCB5                             00000005
IOCB6                             00000006
IOCB7                             00000007
IRCF0                             00000004
IRCF1                             00000005
IRCF2                             00000006
IRP                               00000007
ISR                               0000009D
LCD_FILA1                         00000030
LCD_FILA2                         00000041
LCD_OFF                           00000148
LCD_ON                            0000014E
LCD_ON_CURSOR                     00000150
LCD_ON_CURS_BLINK                 00000152
LIMPIA_DEC                        00000080
LIMPIA_LCD                        0000014A
LIMPIA_UNI                        00000081
LTS                               00000001
MC1OUT                            00000007
MC2OUT                            00000006
MENSAJE_FILA1                     0000018C
MENSAJE_FILA2                     00000196
MPASM  5.51                 TMR0_CONTADOR.ASM   6-11-2021  20:40:45         PAGE 21


SYMBOL TABLE
  LABEL                             VALUE 

MINISALUDO                        00000176
MSK                               00000093
MSK0                              00000000
MSK1                              00000001
MSK2                              00000002
MSK3                              00000003
MSK4                              00000004
MSK5                              00000005
MSK6                              00000006
MSK7                              00000007
NOT_A                             00000005
NOT_ADDRESS                       00000005
NOT_BO                            00000000
NOT_BOR                           00000000
NOT_DONE                          00000001
NOT_PD                            00000003
NOT_POR                           00000001
NOT_RBPU                          00000007
NOT_RC8                           00000006
NOT_T1SYNC                        00000002
NOT_TO                            00000004
NOT_TX8                           00000006
NOT_W                             00000002
NOT_WRITE                         00000002
OERR                              00000001
OPTION_REG                        00000081
OSCCON                            0000008F
OSCTUNE                           00000090
OSFIE                             00000007
OSFIF                             00000007
OSTS                              00000003
P                                 00000004
P1M0                              00000006
P1M1                              00000007
PCL                               00000002
PCLATH                            0000000A
PCON                              0000008E
PDC0                              00000000
PDC1                              00000001
PDC2                              00000002
PDC3                              00000003
PDC4                              00000004
PDC5                              00000005
PDC6                              00000006
PEIE                              00000006
PEN                               00000002
PIE1                              0000008C
PIE2                              0000008D
PIR1                              0000000C
PIR2                              0000000D
PORTA                             00000005
PORTB                             00000006
PORTC                             00000007
MPASM  5.51                 TMR0_CONTADOR.ASM   6-11-2021  20:40:45         PAGE 22


SYMBOL TABLE
  LABEL                             VALUE 

PORTD                             00000008
PORTE                             00000009
PR2                               00000092
PRSEN                             00000007
PS0                               00000000
PS1                               00000001
PS2                               00000002
PSA                               00000003
PSSAC0                            00000002
PSSAC1                            00000003
PSSBD0                            00000000
PSSBD1                            00000001
PSTRCON                           0000009D
PULSR                             00000002
PULSS                             00000003
PWM1CON                           0000009B
R                                 00000002
RA0                               00000000
RA1                               00000001
RA2                               00000002
RA3                               00000003
RA4                               00000004
RA5                               00000005
RA6                               00000006
RA7                               00000007
RB0                               00000000
RB1                               00000001
RB2                               00000002
RB3                               00000003
RB4                               00000004
RB5                               00000005
RB6                               00000006
RB7                               00000007
RBIE                              00000003
RBIF                              00000000
RC0                               00000000
RC1                               00000001
RC2                               00000002
RC3                               00000003
RC4                               00000004
RC5                               00000005
RC6                               00000006
RC7                               00000007
RC8_9                             00000006
RC9                               00000006
RCD8                              00000000
RCEN                              00000003
RCIDL                             00000006
RCIE                              00000005
RCIF                              00000005
RCREG                             0000001A
RCSTA                             00000018
RD                                00000000
MPASM  5.51                 TMR0_CONTADOR.ASM   6-11-2021  20:40:45         PAGE 23


SYMBOL TABLE
  LABEL                             VALUE 

RD0                               00000000
RD1                               00000001
RD2                               00000002
RD3                               00000003
RD4                               00000004
RD5                               00000005
RD6                               00000006
RD7                               00000007
RE0                               00000000
RE1                               00000001
RE2                               00000002
RE3                               00000003
READ_WRITE                        00000002
RECARGA3V                         00000128
RECARGA60                         00000082
RECARGA_TONO                      000000A6
RECORRE_DER_CUR                   0000015A
RECORRE_DER_LCD                   00000156
RECORRE_IZQ_CUR                   0000015C
RECORRE_IZQ_LCD                   00000158
RESTA10                           000000D0
RESTA100                          000000C8
RESTORE_REG                       
RETARDO_1V                        
RETARDO_2V                        
RETARDO_3V                        
RETARDO_8mS                       0000010E
RP0                               00000005
RP1                               00000006
RSEN                              00000001
RS_0                              BCF             PORTB,4
RS_1                              BSF             PORTB,4
RX9                               00000006
RX9D                              00000000
R_NOT_W                           00000002
R_W                               00000002
S                                 00000003
SAVE_PC                           00000072
SAVE_REG                          
SAVE_STATUS                       00000071
SAVE_W                            00000070
SBOREN                            00000004
SCKP                              00000004
SCS                               00000000
SEN                               00000000
SENDB                             00000003
SIETE_SEG                         0000001F
SIETE_SG_KC                       
SMP                               00000007
SPBRG                             00000099
SPBRGH                            0000009A
SPEN                              00000007
SR0                               00000006
MPASM  5.51                 TMR0_CONTADOR.ASM   6-11-2021  20:40:45         PAGE 24


SYMBOL TABLE
  LABEL                             VALUE 

SR1                               00000007
SRCON                             00000185
SREN                              00000005
SSPADD                            00000093
SSPBUF                            00000013
SSPCON                            00000014
SSPCON2                           00000091
SSPEN                             00000005
SSPIE                             00000003
SSPIF                             00000003
SSPM0                             00000000
SSPM1                             00000001
SSPM2                             00000002
SSPM3                             00000003
SSPMSK                            00000093
SSPOV                             00000006
SSPSTAT                           00000094
ST1V                              00000114
ST2V                              0000011B
ST3V                              00000126
STATUS                            00000003
STRA                              00000000
STRB                              00000001
STRC                              00000002
STRD                              00000003
STRSYNC                           00000004
SUBT25MS                          00000106
SUMA10                            000000D6
SUMA100                           000000CE
SWDTEN                            00000000
SYNC                              00000004
T0CS                              00000005
T0IE                              00000005
T0IF                              00000002
T0SE                              00000004
T1CKPS0                           00000004
T1CKPS1                           00000005
T1CON                             00000010
T1GINV                            00000007
T1GIV                             00000007
T1GSS                             00000001
T1INSYNC                          00000002
T1OSCEN                           00000003
T1SYNC                            00000002
T2CKPS0                           00000000
T2CKPS1                           00000001
T2CON                             00000012
TABLA1                            0000018D
TABLA2                            00000197
TABLA_LCD                         0000002F
TMR0                              00000001
TMR0IE                            00000005
TMR0IF                            00000002
MPASM  5.51                 TMR0_CONTADOR.ASM   6-11-2021  20:40:45         PAGE 25


SYMBOL TABLE
  LABEL                             VALUE 

TMR1                              0000000E
TMR1CS                            00000001
TMR1GE                            00000006
TMR1H                             0000000F
TMR1IE                            00000000
TMR1IF                            00000000
TMR1L                             0000000E
TMR1ON                            00000000
TMR2                              00000011
TMR2IE                            00000001
TMR2IF                            00000001
TMR2ON                            00000002
TONO                              000000A8
TOUTPS0                           00000003
TOUTPS1                           00000004
TOUTPS2                           00000005
TOUTPS3                           00000006
TRISA                             00000085
TRISA0                            00000000
TRISA1                            00000001
TRISA2                            00000002
TRISA3                            00000003
TRISA4                            00000004
TRISA5                            00000005
TRISA6                            00000006
TRISA7                            00000007
TRISB                             00000086
TRISB0                            00000000
TRISB1                            00000001
TRISB2                            00000002
TRISB3                            00000003
TRISB4                            00000004
TRISB5                            00000005
TRISB6                            00000006
TRISB7                            00000007
TRISC                             00000087
TRISC0                            00000000
TRISC1                            00000001
TRISC2                            00000002
TRISC3                            00000003
TRISC4                            00000004
TRISC5                            00000005
TRISC6                            00000006
TRISC7                            00000007
TRISD                             00000088
TRISD0                            00000000
TRISD1                            00000001
TRISD2                            00000002
TRISD3                            00000003
TRISD4                            00000004
TRISD5                            00000005
TRISD6                            00000006
TRISD7                            00000007
MPASM  5.51                 TMR0_CONTADOR.ASM   6-11-2021  20:40:45         PAGE 26


SYMBOL TABLE
  LABEL                             VALUE 

TRISE                             00000089
TRISE0                            00000000
TRISE1                            00000001
TRISE2                            00000002
TRISE3                            00000003
TRMT                              00000001
TUN0                              00000000
TUN1                              00000001
TUN2                              00000002
TUN3                              00000003
TUN4                              00000004
TX8_9                             00000006
TX9                               00000006
TX9D                              00000000
TXD8                              00000000
TXEN                              00000005
TXIE                              00000004
TXIF                              00000004
TXREG                             00000019
TXSTA                             00000098
UA                                00000001
ULPWUE                            00000005
ULPWUIE                           00000002
ULPWUIF                           00000002
UNIDAD                            00000020
UNIDADES                          00000025
UNIDAD_DIS                        BCF     PORTA,0
UNIDAD_ENA                        BSF     PORTA,0
VCFG0                             00000004
VCFG1                             00000005
VECTOR_INTERRUPCION               
VISUALIZAR                        00000084
VR0                               00000000
VR1                               00000001
VR2                               00000002
VR3                               00000003
VRCON                             00000097
VREN                              00000007
VROE                              00000006
VRR                               00000005
VRSS                              00000004
W                                 00000000
WCOL                              00000007
WDTCON                            00000105
WDTPS0                            00000001
WDTPS1                            00000002
WDTPS2                            00000003
WDTPS3                            00000004
WPUB                              00000095
WPUB0                             00000000
WPUB1                             00000001
WPUB2                             00000002
WPUB3                             00000003
MPASM  5.51                 TMR0_CONTADOR.ASM   6-11-2021  20:40:45         PAGE 27


SYMBOL TABLE
  LABEL                             VALUE 

WPUB4                             00000004
WPUB5                             00000005
WPUB6                             00000006
WPUB7                             00000007
WR                                00000001
WREN                              00000002
WRERR                             00000003
WUE                               00000001
Z                                 00000002
_BOR21V                           00003EFF
_BOR40V                           00003FFF
_BOR4V_BOR21V                     00003EFF
_BOR4V_BOR40V                     00003FFF
_BOREN_NSLEEP                     00003EFF
_BOREN_OFF                        00003CFF
_BOREN_ON                         00003FFF
_BOREN_SBODEN                     00003DFF
_BOR_NSLEEP                       00003EFF
_BOR_OFF                          00003CFF
_BOR_ON                           00003FFF
_BOR_SBODEN                       00003DFF
_CONFIG1                          00002007
_CONFIG2                          00002008
_CPD_OFF                          00003FFF
_CPD_ON                           00003F7F
_CP_OFF                           00003FFF
_CP_ON                            00003FBF
_DEBUG_OFF                        00003FFF
_DEBUG_ON                         00001FFF
_DEVID1                           00002006
_EC_OSC                           00003FFB
_EXTRC                            00003FFF
_EXTRCIO                          00003FFE
_EXTRC_OSC_CLKOUT                 00003FFF
_EXTRC_OSC_NOCLKOUT               00003FFE
_FCMEN_OFF                        000037FF
_FCMEN_ON                         00003FFF
_FOSC_EC                          00003FFB
_FOSC_EXTRC_CLKOUT                00003FFF
_FOSC_EXTRC_NOCLKOUT              00003FFE
_FOSC_HS                          00003FFA
_FOSC_INTRC_CLKOUT                00003FFD
_FOSC_INTRC_NOCLKOUT              00003FFC
_FOSC_LP                          00003FF8
_FOSC_XT                          00003FF9
_HS_OSC                           00003FFA
_IDLOC0                           00002000
_IDLOC1                           00002001
_IDLOC2                           00002002
_IDLOC3                           00002003
_IESO_OFF                         00003BFF
_IESO_ON                          00003FFF
_INTOSC                           00003FFD
MPASM  5.51                 TMR0_CONTADOR.ASM   6-11-2021  20:40:45         PAGE 28


SYMBOL TABLE
  LABEL                             VALUE 

_INTOSCIO                         00003FFC
_INTRC_OSC_CLKOUT                 00003FFD
_INTRC_OSC_NOCLKOUT               00003FFC
_LP_OSC                           00003FF8
_LVP_OFF                          00002FFF
_LVP_ON                           00003FFF
_MCLRE_OFF                        00003FDF
_MCLRE_ON                         00003FFF
_PWRTE_OFF                        00003FFF
_PWRTE_ON                         00003FEF
_WDTE_OFF                         00003FF7
_WDTE_ON                          00003FFF
_WDT_OFF                          00003FF7
_WDT_ON                           00003FFF
_WRT_1FOURTH                      00003BFF
_WRT_256                          00003DFF
_WRT_HALF                         000039FF
_WRT_OFF                          00003FFF
_XT_OSC                           00003FF9
__16F887                          00000001
__DEBUG                           1


MEMORY USAGE MAP ('X' = Used,  '-' = Unused)

0000 : X---XXXXXXXXXXXX XXXXXXXXXXXXXXXX XXXXXXXXXXXXXXXX XXXXXXXXXXXXXXXX
0040 : XXXXXXXXXXXXXXXX XXXXXXXXXXXXXXXX XXXXXXXXXXXXXXXX XXXXXXXXXXXXXXXX
0080 : XXXXXXXXXXXXXXXX XXXXXXXXXXXXXXXX XXXXXXXXXXXXXXXX XXXXXXXXXXXXXXXX
00C0 : XXXXXXXXXXXXXXXX XXXXXXXXXXXXXXXX XXXXXXXXXXXXXXXX XXXXXXXXXXXXXXXX
0100 : XXXXXXXXXXXXXXXX XXXXXXXXXXXXXXXX XXXXXXXXXXXXXXXX XXXXXXXXXXXXXXXX
0140 : XXXXXXXXXXXXXXXX XXXXXXXXXXXXXXXX XXXXXXXXXXXXXXXX XXXXXXXXXXXXXXXX
0180 : XXXXXXXXXXXXXXXX XXXXXXXXXXXXXXXX ---------------- ----------------
2000 : -------XX------- ---------------- ---------------- ----------------

All other memory blocks unused.

Program Memory Words Used:   413
Program Memory Words Free:  7779


Errors   :     0
Warnings :     3 reported,     0 suppressed
Messages :    15 reported,     0 suppressed

