MPLINK 4.49, Linker
Linker Map File - Created Fri Jun 11 20:40:47 2021

                                 Section Info
                  Section       Type    Address   Location Size(Bytes)
                ---------  ---------  ---------  ---------  ---------
                   .org_0       code   0x000000    program   0x000000
                   .org_1       code   0x000000    program   0x000002
                   .org_2       code   0x000004    program   0x000338
.config_2007_TMR0_CONTADOR.O       code   0x002007    program   0x000002
.config_2008_TMR0_CONTADOR.O       code   0x002008    program   0x000002



                              Program Memory Usage 
                               Start         End      
                           ---------   ---------      
                            0x000000    0x000000      
                            0x000004    0x00019f      
                            0x002007    0x002008      
            415 out of 8455 program addresses used, program memory utilization is 4%



                              Symbols - Sorted by Name
                     Name    Address   Location    Storage File                     
                ---------  ---------  ---------  --------- ---------                
                 ACTIVA_E   0x00017f    program     static D:\Archivos\Programacion\Microcontroladores\PIC\ASSEMBLER\MPASM\PIC16F887\LIBRERIAS\LIBRERIA_LCD.asm
                 CLR_FLAG   0x0000bc    program     static D:\Archivos\Programacion\Microcontroladores\PIC\ASSEMBLER\MPASM\PIC16F887\35_TMR0_CONTADOR\TMR0_CONTADOR.asm
                  DECRE2V   0x00011d    program     static D:\Archivos\Programacion\Microcontroladores\PIC\ASSEMBLER\MPASM\PIC16F887\LIBRERIAS\LIBRERIA_RETARDOS.asm
                  DECRE3V   0x00012a    program     static D:\Archivos\Programacion\Microcontroladores\PIC\ASSEMBLER\MPASM\PIC16F887\LIBRERIAS\LIBRERIA_RETARDOS.asm
          DIRECCION_DDRAM   0x00015e    program     static D:\Archivos\Programacion\Microcontroladores\PIC\ASSEMBLER\MPASM\PIC16F887\LIBRERIAS\LIBRERIA_LCD.asm
               ENTRY_MODE   0x00014c    program     static D:\Archivos\Programacion\Microcontroladores\PIC\ASSEMBLER\MPASM\PIC16F887\LIBRERIAS\LIBRERIA_LCD.asm
         ESCRIBE_CARACTER   0x000160    program     static D:\Archivos\Programacion\Microcontroladores\PIC\ASSEMBLER\MPASM\PIC16F887\LIBRERIAS\LIBRERIA_LCD.asm
             ESCRIBE_DATO   0x00016c    program     static D:\Archivos\Programacion\Microcontroladores\PIC\ASSEMBLER\MPASM\PIC16F887\LIBRERIAS\LIBRERIA_LCD.asm
                  FIN_INT   0x0000ed    program     static D:\Archivos\Programacion\Microcontroladores\PIC\ASSEMBLER\MPASM\PIC16F887\35_TMR0_CONTADOR\TMR0_CONTADOR.asm
             FUNCTION_SET   0x000146    program     static D:\Archivos\Programacion\Microcontroladores\PIC\ASSEMBLER\MPASM\PIC16F887\LIBRERIAS\LIBRERIA_LCD.asm
                     HOME   0x000154    program     static D:\Archivos\Programacion\Microcontroladores\PIC\ASSEMBLER\MPASM\PIC16F887\LIBRERIAS\LIBRERIA_LCD.asm
               INICIALIZA   0x000052    program     static D:\Archivos\Programacion\Microcontroladores\PIC\ASSEMBLER\MPASM\PIC16F887\35_TMR0_CONTADOR\TMR0_CONTADOR.asm
                 INIT_LCD   0x000135    program     static D:\Archivos\Programacion\Microcontroladores\PIC\ASSEMBLER\MPASM\PIC16F887\LIBRERIAS\LIBRERIA_LCD.asm
                  INT_EXT   0x0000c0    program     static D:\Archivos\Programacion\Microcontroladores\PIC\ASSEMBLER\MPASM\PIC16F887\35_TMR0_CONTADOR\TMR0_CONTADOR.asm
                      ISR   0x00009d    program     static D:\Archivos\Programacion\Microcontroladores\PIC\ASSEMBLER\MPASM\PIC16F887\35_TMR0_CONTADOR\TMR0_CONTADOR.asm
                LCD_FILA1   0x000030    program     static D:\Archivos\Programacion\Microcontroladores\PIC\ASSEMBLER\MPASM\PIC16F887\35_TMR0_CONTADOR\TMR0_CONTADOR.asm
                LCD_FILA2   0x000041    program     static D:\Archivos\Programacion\Microcontroladores\PIC\ASSEMBLER\MPASM\PIC16F887\35_TMR0_CONTADOR\TMR0_CONTADOR.asm
                  LCD_OFF   0x000148    program     static D:\Archivos\Programacion\Microcontroladores\PIC\ASSEMBLER\MPASM\PIC16F887\LIBRERIAS\LIBRERIA_LCD.asm
                   LCD_ON   0x00014e    program     static D:\Archivos\Programacion\Microcontroladores\PIC\ASSEMBLER\MPASM\PIC16F887\LIBRERIAS\LIBRERIA_LCD.asm
            LCD_ON_CURSOR   0x000150    program     static D:\Archivos\Programacion\Microcontroladores\PIC\ASSEMBLER\MPASM\PIC16F887\LIBRERIAS\LIBRERIA_LCD.asm
        LCD_ON_CURS_BLINK   0x000152    program     static D:\Archivos\Programacion\Microcontroladores\PIC\ASSEMBLER\MPASM\PIC16F887\LIBRERIAS\LIBRERIA_LCD.asm
               LIMPIA_DEC   0x000080    program     static D:\Archivos\Programacion\Microcontroladores\PIC\ASSEMBLER\MPASM\PIC16F887\35_TMR0_CONTADOR\TMR0_CONTADOR.asm
               LIMPIA_LCD   0x00014a    program     static D:\Archivos\Programacion\Microcontroladores\PIC\ASSEMBLER\MPASM\PIC16F887\LIBRERIAS\LIBRERIA_LCD.asm
               LIMPIA_UNI   0x000081    program     static D:\Archivos\Programacion\Microcontroladores\PIC\ASSEMBLER\MPASM\PIC16F887\35_TMR0_CONTADOR\TMR0_CONTADOR.asm
            MENSAJE_FILA1   0x00018c    program     static D:\Archivos\Programacion\Microcontroladores\PIC\ASSEMBLER\MPASM\PIC16F887\LIBRERIAS\LIBRERIA_LCD.asm
            MENSAJE_FILA2   0x000196    program     static D:\Archivos\Programacion\Microcontroladores\PIC\ASSEMBLER\MPASM\PIC16F887\LIBRERIAS\LIBRERIA_LCD.asm
               MINISALUDO   0x000176    program     static D:\Archivos\Programacion\Microcontroladores\PIC\ASSEMBLER\MPASM\PIC16F887\LIBRERIAS\LIBRERIA_LCD.asm
                RECARGA3V   0x000128    program     static D:\Archivos\Programacion\Microcontroladores\PIC\ASSEMBLER\MPASM\PIC16F887\LIBRERIAS\LIBRERIA_RETARDOS.asm
                RECARGA60   0x000082    program     static D:\Archivos\Programacion\Microcontroladores\PIC\ASSEMBLER\MPASM\PIC16F887\35_TMR0_CONTADOR\TMR0_CONTADOR.asm
             RECARGA_TONO   0x0000a6    program     static D:\Archivos\Programacion\Microcontroladores\PIC\ASSEMBLER\MPASM\PIC16F887\35_TMR0_CONTADOR\TMR0_CONTADOR.asm
          RECORRE_DER_CUR   0x00015a    program     static D:\Archivos\Programacion\Microcontroladores\PIC\ASSEMBLER\MPASM\PIC16F887\LIBRERIAS\LIBRERIA_LCD.asm
          RECORRE_DER_LCD   0x000156    program     static D:\Archivos\Programacion\Microcontroladores\PIC\ASSEMBLER\MPASM\PIC16F887\LIBRERIAS\LIBRERIA_LCD.asm
          RECORRE_IZQ_CUR   0x00015c    program     static D:\Archivos\Programacion\Microcontroladores\PIC\ASSEMBLER\MPASM\PIC16F887\LIBRERIAS\LIBRERIA_LCD.asm
          RECORRE_IZQ_LCD   0x000158    program     static D:\Archivos\Programacion\Microcontroladores\PIC\ASSEMBLER\MPASM\PIC16F887\LIBRERIAS\LIBRERIA_LCD.asm
                  RESTA10   0x0000d0    program     static D:\Archivos\Programacion\Microcontroladores\PIC\ASSEMBLER\MPASM\PIC16F887\35_TMR0_CONTADOR\TMR0_CONTADOR.asm
                 RESTA100   0x0000c8    program     static D:\Archivos\Programacion\Microcontroladores\PIC\ASSEMBLER\MPASM\PIC16F887\35_TMR0_CONTADOR\TMR0_CONTADOR.asm
              RETARDO_8mS   0x00010e    program     static D:\Archivos\Programacion\Microcontroladores\PIC\ASSEMBLER\MPASM\PIC16F887\35_TMR0_CONTADOR\TMR0_CONTADOR.asm
                SIETE_SEG   0x00001f    program     static D:\Archivos\Programacion\Microcontroladores\PIC\ASSEMBLER\MPASM\PIC16F887\35_TMR0_CONTADOR\TMR0_CONTADOR.asm
                     ST1V   0x000114    program     static D:\Archivos\Programacion\Microcontroladores\PIC\ASSEMBLER\MPASM\PIC16F887\LIBRERIAS\LIBRERIA_RETARDOS.asm
                     ST2V   0x00011b    program     static D:\Archivos\Programacion\Microcontroladores\PIC\ASSEMBLER\MPASM\PIC16F887\LIBRERIAS\LIBRERIA_RETARDOS.asm
                     ST3V   0x000126    program     static D:\Archivos\Programacion\Microcontroladores\PIC\ASSEMBLER\MPASM\PIC16F887\LIBRERIAS\LIBRERIA_RETARDOS.asm
                 SUBT25MS   0x000106    program     static D:\Archivos\Programacion\Microcontroladores\PIC\ASSEMBLER\MPASM\PIC16F887\35_TMR0_CONTADOR\TMR0_CONTADOR.asm
                   SUMA10   0x0000d6    program     static D:\Archivos\Programacion\Microcontroladores\PIC\ASSEMBLER\MPASM\PIC16F887\35_TMR0_CONTADOR\TMR0_CONTADOR.asm
                  SUMA100   0x0000ce    program     static D:\Archivos\Programacion\Microcontroladores\PIC\ASSEMBLER\MPASM\PIC16F887\35_TMR0_CONTADOR\TMR0_CONTADOR.asm
                   TABLA1   0x00018d    program     static D:\Archivos\Programacion\Microcontroladores\PIC\ASSEMBLER\MPASM\PIC16F887\LIBRERIAS\LIBRERIA_LCD.asm
                   TABLA2   0x000197    program     static D:\Archivos\Programacion\Microcontroladores\PIC\ASSEMBLER\MPASM\PIC16F887\LIBRERIAS\LIBRERIA_LCD.asm
                TABLA_LCD   0x00002f    program     static D:\Archivos\Programacion\Microcontroladores\PIC\ASSEMBLER\MPASM\PIC16F887\35_TMR0_CONTADOR\TMR0_CONTADOR.asm
                     TONO   0x0000a8    program     static D:\Archivos\Programacion\Microcontroladores\PIC\ASSEMBLER\MPASM\PIC16F887\35_TMR0_CONTADOR\TMR0_CONTADOR.asm
               VISUALIZAR   0x000084    program     static D:\Archivos\Programacion\Microcontroladores\PIC\ASSEMBLER\MPASM\PIC16F887\35_TMR0_CONTADOR\TMR0_CONTADOR.asm



                              Symbols - Sorted by Address
                     Name    Address   Location    Storage File                     
                ---------  ---------  ---------  --------- ---------                
                SIETE_SEG   0x00001f    program     static D:\Archivos\Programacion\Microcontroladores\PIC\ASSEMBLER\MPASM\PIC16F887\35_TMR0_CONTADOR\TMR0_CONTADOR.asm
                TABLA_LCD   0x00002f    program     static D:\Archivos\Programacion\Microcontroladores\PIC\ASSEMBLER\MPASM\PIC16F887\35_TMR0_CONTADOR\TMR0_CONTADOR.asm
                LCD_FILA1   0x000030    program     static D:\Archivos\Programacion\Microcontroladores\PIC\ASSEMBLER\MPASM\PIC16F887\35_TMR0_CONTADOR\TMR0_CONTADOR.asm
                LCD_FILA2   0x000041    program     static D:\Archivos\Programacion\Microcontroladores\PIC\ASSEMBLER\MPASM\PIC16F887\35_TMR0_CONTADOR\TMR0_CONTADOR.asm
               INICIALIZA   0x000052    program     static D:\Archivos\Programacion\Microcontroladores\PIC\ASSEMBLER\MPASM\PIC16F887\35_TMR0_CONTADOR\TMR0_CONTADOR.asm
               LIMPIA_DEC   0x000080    program     static D:\Archivos\Programacion\Microcontroladores\PIC\ASSEMBLER\MPASM\PIC16F887\35_TMR0_CONTADOR\TMR0_CONTADOR.asm
               LIMPIA_UNI   0x000081    program     static D:\Archivos\Programacion\Microcontroladores\PIC\ASSEMBLER\MPASM\PIC16F887\35_TMR0_CONTADOR\TMR0_CONTADOR.asm
                RECARGA60   0x000082    program     static D:\Archivos\Programacion\Microcontroladores\PIC\ASSEMBLER\MPASM\PIC16F887\35_TMR0_CONTADOR\TMR0_CONTADOR.asm
               VISUALIZAR   0x000084    program     static D:\Archivos\Programacion\Microcontroladores\PIC\ASSEMBLER\MPASM\PIC16F887\35_TMR0_CONTADOR\TMR0_CONTADOR.asm
                      ISR   0x00009d    program     static D:\Archivos\Programacion\Microcontroladores\PIC\ASSEMBLER\MPASM\PIC16F887\35_TMR0_CONTADOR\TMR0_CONTADOR.asm
             RECARGA_TONO   0x0000a6    program     static D:\Archivos\Programacion\Microcontroladores\PIC\ASSEMBLER\MPASM\PIC16F887\35_TMR0_CONTADOR\TMR0_CONTADOR.asm
                     TONO   0x0000a8    program     static D:\Archivos\Programacion\Microcontroladores\PIC\ASSEMBLER\MPASM\PIC16F887\35_TMR0_CONTADOR\TMR0_CONTADOR.asm
                 CLR_FLAG   0x0000bc    program     static D:\Archivos\Programacion\Microcontroladores\PIC\ASSEMBLER\MPASM\PIC16F887\35_TMR0_CONTADOR\TMR0_CONTADOR.asm
                  INT_EXT   0x0000c0    program     static D:\Archivos\Programacion\Microcontroladores\PIC\ASSEMBLER\MPASM\PIC16F887\35_TMR0_CONTADOR\TMR0_CONTADOR.asm
                 RESTA100   0x0000c8    program     static D:\Archivos\Programacion\Microcontroladores\PIC\ASSEMBLER\MPASM\PIC16F887\35_TMR0_CONTADOR\TMR0_CONTADOR.asm
                  SUMA100   0x0000ce    program     static D:\Archivos\Programacion\Microcontroladores\PIC\ASSEMBLER\MPASM\PIC16F887\35_TMR0_CONTADOR\TMR0_CONTADOR.asm
                  RESTA10   0x0000d0    program     static D:\Archivos\Programacion\Microcontroladores\PIC\ASSEMBLER\MPASM\PIC16F887\35_TMR0_CONTADOR\TMR0_CONTADOR.asm
                   SUMA10   0x0000d6    program     static D:\Archivos\Programacion\Microcontroladores\PIC\ASSEMBLER\MPASM\PIC16F887\35_TMR0_CONTADOR\TMR0_CONTADOR.asm
                  FIN_INT   0x0000ed    program     static D:\Archivos\Programacion\Microcontroladores\PIC\ASSEMBLER\MPASM\PIC16F887\35_TMR0_CONTADOR\TMR0_CONTADOR.asm
                 SUBT25MS   0x000106    program     static D:\Archivos\Programacion\Microcontroladores\PIC\ASSEMBLER\MPASM\PIC16F887\35_TMR0_CONTADOR\TMR0_CONTADOR.asm
              RETARDO_8mS   0x00010e    program     static D:\Archivos\Programacion\Microcontroladores\PIC\ASSEMBLER\MPASM\PIC16F887\35_TMR0_CONTADOR\TMR0_CONTADOR.asm
                     ST1V   0x000114    program     static D:\Archivos\Programacion\Microcontroladores\PIC\ASSEMBLER\MPASM\PIC16F887\LIBRERIAS\LIBRERIA_RETARDOS.asm
                     ST2V   0x00011b    program     static D:\Archivos\Programacion\Microcontroladores\PIC\ASSEMBLER\MPASM\PIC16F887\LIBRERIAS\LIBRERIA_RETARDOS.asm
                  DECRE2V   0x00011d    program     static D:\Archivos\Programacion\Microcontroladores\PIC\ASSEMBLER\MPASM\PIC16F887\LIBRERIAS\LIBRERIA_RETARDOS.asm
                     ST3V   0x000126    program     static D:\Archivos\Programacion\Microcontroladores\PIC\ASSEMBLER\MPASM\PIC16F887\LIBRERIAS\LIBRERIA_RETARDOS.asm
                RECARGA3V   0x000128    program     static D:\Archivos\Programacion\Microcontroladores\PIC\ASSEMBLER\MPASM\PIC16F887\LIBRERIAS\LIBRERIA_RETARDOS.asm
                  DECRE3V   0x00012a    program     static D:\Archivos\Programacion\Microcontroladores\PIC\ASSEMBLER\MPASM\PIC16F887\LIBRERIAS\LIBRERIA_RETARDOS.asm
                 INIT_LCD   0x000135    program     static D:\Archivos\Programacion\Microcontroladores\PIC\ASSEMBLER\MPASM\PIC16F887\LIBRERIAS\LIBRERIA_LCD.asm
             FUNCTION_SET   0x000146    program     static D:\Archivos\Programacion\Microcontroladores\PIC\ASSEMBLER\MPASM\PIC16F887\LIBRERIAS\LIBRERIA_LCD.asm
                  LCD_OFF   0x000148    program     static D:\Archivos\Programacion\Microcontroladores\PIC\ASSEMBLER\MPASM\PIC16F887\LIBRERIAS\LIBRERIA_LCD.asm
               LIMPIA_LCD   0x00014a    program     static D:\Archivos\Programacion\Microcontroladores\PIC\ASSEMBLER\MPASM\PIC16F887\LIBRERIAS\LIBRERIA_LCD.asm
               ENTRY_MODE   0x00014c    program     static D:\Archivos\Programacion\Microcontroladores\PIC\ASSEMBLER\MPASM\PIC16F887\LIBRERIAS\LIBRERIA_LCD.asm
                   LCD_ON   0x00014e    program     static D:\Archivos\Programacion\Microcontroladores\PIC\ASSEMBLER\MPASM\PIC16F887\LIBRERIAS\LIBRERIA_LCD.asm
            LCD_ON_CURSOR   0x000150    program     static D:\Archivos\Programacion\Microcontroladores\PIC\ASSEMBLER\MPASM\PIC16F887\LIBRERIAS\LIBRERIA_LCD.asm
        LCD_ON_CURS_BLINK   0x000152    program     static D:\Archivos\Programacion\Microcontroladores\PIC\ASSEMBLER\MPASM\PIC16F887\LIBRERIAS\LIBRERIA_LCD.asm
                     HOME   0x000154    program     static D:\Archivos\Programacion\Microcontroladores\PIC\ASSEMBLER\MPASM\PIC16F887\LIBRERIAS\LIBRERIA_LCD.asm
          RECORRE_DER_LCD   0x000156    program     static D:\Archivos\Programacion\Microcontroladores\PIC\ASSEMBLER\MPASM\PIC16F887\LIBRERIAS\LIBRERIA_LCD.asm
          RECORRE_IZQ_LCD   0x000158    program     static D:\Archivos\Programacion\Microcontroladores\PIC\ASSEMBLER\MPASM\PIC16F887\LIBRERIAS\LIBRERIA_LCD.asm
          RECORRE_DER_CUR   0x00015a    program     static D:\Archivos\Programacion\Microcontroladores\PIC\ASSEMBLER\MPASM\PIC16F887\LIBRERIAS\LIBRERIA_LCD.asm
          RECORRE_IZQ_CUR   0x00015c    program     static D:\Archivos\Programacion\Microcontroladores\PIC\ASSEMBLER\MPASM\PIC16F887\LIBRERIAS\LIBRERIA_LCD.asm
          DIRECCION_DDRAM   0x00015e    program     static D:\Archivos\Programacion\Microcontroladores\PIC\ASSEMBLER\MPASM\PIC16F887\LIBRERIAS\LIBRERIA_LCD.asm
         ESCRIBE_CARACTER   0x000160    program     static D:\Archivos\Programacion\Microcontroladores\PIC\ASSEMBLER\MPASM\PIC16F887\LIBRERIAS\LIBRERIA_LCD.asm
             ESCRIBE_DATO   0x00016c    program     static D:\Archivos\Programacion\Microcontroladores\PIC\ASSEMBLER\MPASM\PIC16F887\LIBRERIAS\LIBRERIA_LCD.asm
               MINISALUDO   0x000176    program     static D:\Archivos\Programacion\Microcontroladores\PIC\ASSEMBLER\MPASM\PIC16F887\LIBRERIAS\LIBRERIA_LCD.asm
                 ACTIVA_E   0x00017f    program     static D:\Archivos\Programacion\Microcontroladores\PIC\ASSEMBLER\MPASM\PIC16F887\LIBRERIAS\LIBRERIA_LCD.asm
            MENSAJE_FILA1   0x00018c    program     static D:\Archivos\Programacion\Microcontroladores\PIC\ASSEMBLER\MPASM\PIC16F887\LIBRERIAS\LIBRERIA_LCD.asm
                   TABLA1   0x00018d    program     static D:\Archivos\Programacion\Microcontroladores\PIC\ASSEMBLER\MPASM\PIC16F887\LIBRERIAS\LIBRERIA_LCD.asm
            MENSAJE_FILA2   0x000196    program     static D:\Archivos\Programacion\Microcontroladores\PIC\ASSEMBLER\MPASM\PIC16F887\LIBRERIAS\LIBRERIA_LCD.asm
                   TABLA2   0x000197    program     static D:\Archivos\Programacion\Microcontroladores\PIC\ASSEMBLER\MPASM\PIC16F887\LIBRERIAS\LIBRERIA_LCD.asm


