MPLINK 4.49, Linker
Linker Map File - Created Mon May 24 20:02:54 2021

                                 Section Info
                  Section       Type    Address   Location Size(Bytes)
                ---------  ---------  ---------  ---------  ---------
                   .org_0       code   0x000000    program   0x000000
                   .org_1       code   0x000000    program   0x000002
                   .org_2       code   0x000004    program   0x000274
.config_2007_NUM_PSEUDOALEATORIOS.O       code   0x002007    program   0x000002
.config_2008_NUM_PSEUDOALEATORIOS.O       code   0x002008    program   0x000002



                              Program Memory Usage 
                               Start         End      
                           ---------   ---------      
                            0x000000    0x000000      
                            0x000004    0x00013d      
                            0x002007    0x002008      
            317 out of 8455 program addresses used, program memory utilization is 3%



                              Symbols - Sorted by Name
                     Name    Address   Location    Storage File                     
                ---------  ---------  ---------  --------- ---------                
                 ACTIVA_E   0x000131    program     static D:\Archivos\Programacion\Microcontroladores\PIC\ASSEMBLER\MPASM\PIC16F887\LIBRERIAS\LIBRERIA_LCD.asm
                  DECRE2V   0x0000cf    program     static D:\Archivos\Programacion\Microcontroladores\PIC\ASSEMBLER\MPASM\PIC16F887\LIBRERIAS\LIBRERIA_RETARDOS.asm
                  DECRE3V   0x0000dc    program     static D:\Archivos\Programacion\Microcontroladores\PIC\ASSEMBLER\MPASM\PIC16F887\LIBRERIAS\LIBRERIA_RETARDOS.asm
          DIRECCION_DDRAM   0x000110    program     static D:\Archivos\Programacion\Microcontroladores\PIC\ASSEMBLER\MPASM\PIC16F887\LIBRERIAS\LIBRERIA_LCD.asm
               ENTRY_MODE   0x0000fe    program     static D:\Archivos\Programacion\Microcontroladores\PIC\ASSEMBLER\MPASM\PIC16F887\LIBRERIAS\LIBRERIA_LCD.asm
         ESCRIBE_CARACTER   0x000112    program     static D:\Archivos\Programacion\Microcontroladores\PIC\ASSEMBLER\MPASM\PIC16F887\LIBRERIAS\LIBRERIA_LCD.asm
             ESCRIBE_DATO   0x00011e    program     static D:\Archivos\Programacion\Microcontroladores\PIC\ASSEMBLER\MPASM\PIC16F887\LIBRERIAS\LIBRERIA_LCD.asm
             FUNCTION_SET   0x0000f8    program     static D:\Archivos\Programacion\Microcontroladores\PIC\ASSEMBLER\MPASM\PIC16F887\LIBRERIAS\LIBRERIA_LCD.asm
                     HOME   0x000106    program     static D:\Archivos\Programacion\Microcontroladores\PIC\ASSEMBLER\MPASM\PIC16F887\LIBRERIAS\LIBRERIA_LCD.asm
               INICIALIZA   0x00001f    program     static D:\Archivos\Programacion\Microcontroladores\PIC\ASSEMBLER\MPASM\PIC16F887\33_INTERRUPCION_EXTERNA_NUM_PSEUDOALETORIOS\NUM_PSEUDOALEATORIOS.asm
                 INIT_LCD   0x0000e7    program     static D:\Archivos\Programacion\Microcontroladores\PIC\ASSEMBLER\MPASM\PIC16F887\LIBRERIAS\LIBRERIA_LCD.asm
                      ISR   0x000057    program     static D:\Archivos\Programacion\Microcontroladores\PIC\ASSEMBLER\MPASM\PIC16F887\33_INTERRUPCION_EXTERNA_NUM_PSEUDOALETORIOS\NUM_PSEUDOALEATORIOS.asm
                  LCD_OFF   0x0000fa    program     static D:\Archivos\Programacion\Microcontroladores\PIC\ASSEMBLER\MPASM\PIC16F887\LIBRERIAS\LIBRERIA_LCD.asm
                   LCD_ON   0x000100    program     static D:\Archivos\Programacion\Microcontroladores\PIC\ASSEMBLER\MPASM\PIC16F887\LIBRERIAS\LIBRERIA_LCD.asm
            LCD_ON_CURSOR   0x000102    program     static D:\Archivos\Programacion\Microcontroladores\PIC\ASSEMBLER\MPASM\PIC16F887\LIBRERIAS\LIBRERIA_LCD.asm
        LCD_ON_CURS_BLINK   0x000104    program     static D:\Archivos\Programacion\Microcontroladores\PIC\ASSEMBLER\MPASM\PIC16F887\LIBRERIAS\LIBRERIA_LCD.asm
               LIMPIA_LCD   0x0000fc    program     static D:\Archivos\Programacion\Microcontroladores\PIC\ASSEMBLER\MPASM\PIC16F887\LIBRERIAS\LIBRERIA_LCD.asm
               MINISALUDO   0x000128    program     static D:\Archivos\Programacion\Microcontroladores\PIC\ASSEMBLER\MPASM\PIC16F887\LIBRERIAS\LIBRERIA_LCD.asm
                RECARGA3V   0x0000da    program     static D:\Archivos\Programacion\Microcontroladores\PIC\ASSEMBLER\MPASM\PIC16F887\LIBRERIAS\LIBRERIA_RETARDOS.asm
          RECORRE_DER_CUR   0x00010c    program     static D:\Archivos\Programacion\Microcontroladores\PIC\ASSEMBLER\MPASM\PIC16F887\LIBRERIAS\LIBRERIA_LCD.asm
          RECORRE_DER_LCD   0x000108    program     static D:\Archivos\Programacion\Microcontroladores\PIC\ASSEMBLER\MPASM\PIC16F887\LIBRERIAS\LIBRERIA_LCD.asm
          RECORRE_IZQ_CUR   0x00010e    program     static D:\Archivos\Programacion\Microcontroladores\PIC\ASSEMBLER\MPASM\PIC16F887\LIBRERIAS\LIBRERIA_LCD.asm
          RECORRE_IZQ_LCD   0x00010a    program     static D:\Archivos\Programacion\Microcontroladores\PIC\ASSEMBLER\MPASM\PIC16F887\LIBRERIAS\LIBRERIA_LCD.asm
                  RESTA10   0x000068    program     static D:\Archivos\Programacion\Microcontroladores\PIC\ASSEMBLER\MPASM\PIC16F887\33_INTERRUPCION_EXTERNA_NUM_PSEUDOALETORIOS\NUM_PSEUDOALEATORIOS.asm
                 RESTA100   0x000060    program     static D:\Archivos\Programacion\Microcontroladores\PIC\ASSEMBLER\MPASM\PIC16F887\33_INTERRUPCION_EXTERNA_NUM_PSEUDOALETORIOS\NUM_PSEUDOALEATORIOS.asm
                     ST1V   0x0000c6    program     static D:\Archivos\Programacion\Microcontroladores\PIC\ASSEMBLER\MPASM\PIC16F887\LIBRERIAS\LIBRERIA_RETARDOS.asm
                     ST2V   0x0000cd    program     static D:\Archivos\Programacion\Microcontroladores\PIC\ASSEMBLER\MPASM\PIC16F887\LIBRERIAS\LIBRERIA_RETARDOS.asm
                     ST3V   0x0000d8    program     static D:\Archivos\Programacion\Microcontroladores\PIC\ASSEMBLER\MPASM\PIC16F887\LIBRERIAS\LIBRERIA_RETARDOS.asm
                 SUBT25MS   0x00009e    program     static D:\Archivos\Programacion\Microcontroladores\PIC\ASSEMBLER\MPASM\PIC16F887\33_INTERRUPCION_EXTERNA_NUM_PSEUDOALETORIOS\NUM_PSEUDOALEATORIOS.asm
                   SUMA10   0x00006e    program     static D:\Archivos\Programacion\Microcontroladores\PIC\ASSEMBLER\MPASM\PIC16F887\33_INTERRUPCION_EXTERNA_NUM_PSEUDOALETORIOS\NUM_PSEUDOALEATORIOS.asm
                  SUMA100   0x000066    program     static D:\Archivos\Programacion\Microcontroladores\PIC\ASSEMBLER\MPASM\PIC16F887\33_INTERRUPCION_EXTERNA_NUM_PSEUDOALETORIOS\NUM_PSEUDOALEATORIOS.asm
                   TABLA1   0x00003d    program     static D:\Archivos\Programacion\Microcontroladores\PIC\ASSEMBLER\MPASM\PIC16F887\33_INTERRUPCION_EXTERNA_NUM_PSEUDOALETORIOS\NUM_PSEUDOALEATORIOS.asm
                   TABLA2   0x000049    program     static D:\Archivos\Programacion\Microcontroladores\PIC\ASSEMBLER\MPASM\PIC16F887\33_INTERRUPCION_EXTERNA_NUM_PSEUDOALETORIOS\NUM_PSEUDOALEATORIOS.asm
                TABLA_LCD   0x0000a5    program     static D:\Archivos\Programacion\Microcontroladores\PIC\ASSEMBLER\MPASM\PIC16F887\33_INTERRUPCION_EXTERNA_NUM_PSEUDOALETORIOS\NUM_PSEUDOALEATORIOS.asm



                              Symbols - Sorted by Address
                     Name    Address   Location    Storage File                     
                ---------  ---------  ---------  --------- ---------                
               INICIALIZA   0x00001f    program     static D:\Archivos\Programacion\Microcontroladores\PIC\ASSEMBLER\MPASM\PIC16F887\33_INTERRUPCION_EXTERNA_NUM_PSEUDOALETORIOS\NUM_PSEUDOALEATORIOS.asm
                   TABLA1   0x00003d    program     static D:\Archivos\Programacion\Microcontroladores\PIC\ASSEMBLER\MPASM\PIC16F887\33_INTERRUPCION_EXTERNA_NUM_PSEUDOALETORIOS\NUM_PSEUDOALEATORIOS.asm
                   TABLA2   0x000049    program     static D:\Archivos\Programacion\Microcontroladores\PIC\ASSEMBLER\MPASM\PIC16F887\33_INTERRUPCION_EXTERNA_NUM_PSEUDOALETORIOS\NUM_PSEUDOALEATORIOS.asm
                      ISR   0x000057    program     static D:\Archivos\Programacion\Microcontroladores\PIC\ASSEMBLER\MPASM\PIC16F887\33_INTERRUPCION_EXTERNA_NUM_PSEUDOALETORIOS\NUM_PSEUDOALEATORIOS.asm
                 RESTA100   0x000060    program     static D:\Archivos\Programacion\Microcontroladores\PIC\ASSEMBLER\MPASM\PIC16F887\33_INTERRUPCION_EXTERNA_NUM_PSEUDOALETORIOS\NUM_PSEUDOALEATORIOS.asm
                  SUMA100   0x000066    program     static D:\Archivos\Programacion\Microcontroladores\PIC\ASSEMBLER\MPASM\PIC16F887\33_INTERRUPCION_EXTERNA_NUM_PSEUDOALETORIOS\NUM_PSEUDOALEATORIOS.asm
                  RESTA10   0x000068    program     static D:\Archivos\Programacion\Microcontroladores\PIC\ASSEMBLER\MPASM\PIC16F887\33_INTERRUPCION_EXTERNA_NUM_PSEUDOALETORIOS\NUM_PSEUDOALEATORIOS.asm
                   SUMA10   0x00006e    program     static D:\Archivos\Programacion\Microcontroladores\PIC\ASSEMBLER\MPASM\PIC16F887\33_INTERRUPCION_EXTERNA_NUM_PSEUDOALETORIOS\NUM_PSEUDOALEATORIOS.asm
                 SUBT25MS   0x00009e    program     static D:\Archivos\Programacion\Microcontroladores\PIC\ASSEMBLER\MPASM\PIC16F887\33_INTERRUPCION_EXTERNA_NUM_PSEUDOALETORIOS\NUM_PSEUDOALEATORIOS.asm
                TABLA_LCD   0x0000a5    program     static D:\Archivos\Programacion\Microcontroladores\PIC\ASSEMBLER\MPASM\PIC16F887\33_INTERRUPCION_EXTERNA_NUM_PSEUDOALETORIOS\NUM_PSEUDOALEATORIOS.asm
                     ST1V   0x0000c6    program     static D:\Archivos\Programacion\Microcontroladores\PIC\ASSEMBLER\MPASM\PIC16F887\LIBRERIAS\LIBRERIA_RETARDOS.asm
                     ST2V   0x0000cd    program     static D:\Archivos\Programacion\Microcontroladores\PIC\ASSEMBLER\MPASM\PIC16F887\LIBRERIAS\LIBRERIA_RETARDOS.asm
                  DECRE2V   0x0000cf    program     static D:\Archivos\Programacion\Microcontroladores\PIC\ASSEMBLER\MPASM\PIC16F887\LIBRERIAS\LIBRERIA_RETARDOS.asm
                     ST3V   0x0000d8    program     static D:\Archivos\Programacion\Microcontroladores\PIC\ASSEMBLER\MPASM\PIC16F887\LIBRERIAS\LIBRERIA_RETARDOS.asm
                RECARGA3V   0x0000da    program     static D:\Archivos\Programacion\Microcontroladores\PIC\ASSEMBLER\MPASM\PIC16F887\LIBRERIAS\LIBRERIA_RETARDOS.asm
                  DECRE3V   0x0000dc    program     static D:\Archivos\Programacion\Microcontroladores\PIC\ASSEMBLER\MPASM\PIC16F887\LIBRERIAS\LIBRERIA_RETARDOS.asm
                 INIT_LCD   0x0000e7    program     static D:\Archivos\Programacion\Microcontroladores\PIC\ASSEMBLER\MPASM\PIC16F887\LIBRERIAS\LIBRERIA_LCD.asm
             FUNCTION_SET   0x0000f8    program     static D:\Archivos\Programacion\Microcontroladores\PIC\ASSEMBLER\MPASM\PIC16F887\LIBRERIAS\LIBRERIA_LCD.asm
                  LCD_OFF   0x0000fa    program     static D:\Archivos\Programacion\Microcontroladores\PIC\ASSEMBLER\MPASM\PIC16F887\LIBRERIAS\LIBRERIA_LCD.asm
               LIMPIA_LCD   0x0000fc    program     static D:\Archivos\Programacion\Microcontroladores\PIC\ASSEMBLER\MPASM\PIC16F887\LIBRERIAS\LIBRERIA_LCD.asm
               ENTRY_MODE   0x0000fe    program     static D:\Archivos\Programacion\Microcontroladores\PIC\ASSEMBLER\MPASM\PIC16F887\LIBRERIAS\LIBRERIA_LCD.asm
                   LCD_ON   0x000100    program     static D:\Archivos\Programacion\Microcontroladores\PIC\ASSEMBLER\MPASM\PIC16F887\LIBRERIAS\LIBRERIA_LCD.asm
            LCD_ON_CURSOR   0x000102    program     static D:\Archivos\Programacion\Microcontroladores\PIC\ASSEMBLER\MPASM\PIC16F887\LIBRERIAS\LIBRERIA_LCD.asm
        LCD_ON_CURS_BLINK   0x000104    program     static D:\Archivos\Programacion\Microcontroladores\PIC\ASSEMBLER\MPASM\PIC16F887\LIBRERIAS\LIBRERIA_LCD.asm
                     HOME   0x000106    program     static D:\Archivos\Programacion\Microcontroladores\PIC\ASSEMBLER\MPASM\PIC16F887\LIBRERIAS\LIBRERIA_LCD.asm
          RECORRE_DER_LCD   0x000108    program     static D:\Archivos\Programacion\Microcontroladores\PIC\ASSEMBLER\MPASM\PIC16F887\LIBRERIAS\LIBRERIA_LCD.asm
          RECORRE_IZQ_LCD   0x00010a    program     static D:\Archivos\Programacion\Microcontroladores\PIC\ASSEMBLER\MPASM\PIC16F887\LIBRERIAS\LIBRERIA_LCD.asm
          RECORRE_DER_CUR   0x00010c    program     static D:\Archivos\Programacion\Microcontroladores\PIC\ASSEMBLER\MPASM\PIC16F887\LIBRERIAS\LIBRERIA_LCD.asm
          RECORRE_IZQ_CUR   0x00010e    program     static D:\Archivos\Programacion\Microcontroladores\PIC\ASSEMBLER\MPASM\PIC16F887\LIBRERIAS\LIBRERIA_LCD.asm
          DIRECCION_DDRAM   0x000110    program     static D:\Archivos\Programacion\Microcontroladores\PIC\ASSEMBLER\MPASM\PIC16F887\LIBRERIAS\LIBRERIA_LCD.asm
         ESCRIBE_CARACTER   0x000112    program     static D:\Archivos\Programacion\Microcontroladores\PIC\ASSEMBLER\MPASM\PIC16F887\LIBRERIAS\LIBRERIA_LCD.asm
             ESCRIBE_DATO   0x00011e    program     static D:\Archivos\Programacion\Microcontroladores\PIC\ASSEMBLER\MPASM\PIC16F887\LIBRERIAS\LIBRERIA_LCD.asm
               MINISALUDO   0x000128    program     static D:\Archivos\Programacion\Microcontroladores\PIC\ASSEMBLER\MPASM\PIC16F887\LIBRERIAS\LIBRERIA_LCD.asm
                 ACTIVA_E   0x000131    program     static D:\Archivos\Programacion\Microcontroladores\PIC\ASSEMBLER\MPASM\PIC16F887\LIBRERIAS\LIBRERIA_LCD.asm


