MPLINK 4.49, Linker
Linker Map File - Created Mon May 03 21:42:35 2021

                                 Section Info
                  Section       Type    Address   Location Size(Bytes)
                ---------  ---------  ---------  ---------  ---------
                   .org_0       code   0x000000    program   0x000000
                   .org_1       code   0x000000    program   0x0000da
.config_2007_DISPLAY_CONTADOR.O       code   0x002007    program   0x000002
.config_2008_DISPLAY_CONTADOR.O       code   0x002008    program   0x000002



                              Program Memory Usage 
                               Start         End      
                           ---------   ---------      
                            0x000000    0x00006c      
                            0x002007    0x002008      
            111 out of 8455 program addresses used, program memory utilization is 1%



                              Symbols - Sorted by Name
                     Name    Address   Location    Storage File                     
                ---------  ---------  ---------  --------- ---------                
            CONFIGURACION   0x000001    program     static D:\Archivos\Programacion\Microcontroladores\PIC\ASSEMBLER\MPASM\PIC16F887\LIBRERIAS\PLANTILLA.ASM
                  DECRE2V   0x000055    program     static D:\Archivos\Programacion\Microcontroladores\PIC\ASSEMBLER\MPASM\PIC16F887\LIBRERIAS\RETARDOS.asm
                  DECRE3V   0x000062    program     static D:\Archivos\Programacion\Microcontroladores\PIC\ASSEMBLER\MPASM\PIC16F887\LIBRERIAS\RETARDOS.asm
              DESCRIPCION   0x000000    program     static D:\Archivos\Programacion\Microcontroladores\PIC\ASSEMBLER\MPASM\PIC16F887\27_DISPLAY_7SEG_KC\DISPLAY_CONTADOR.asm
               LIMPIA_DEC   0x000029    program     static D:\Archivos\Programacion\Microcontroladores\PIC\ASSEMBLER\MPASM\PIC16F887\27_DISPLAY_7SEG_KC\DISPLAY_CONTADOR.asm
               LIMPIA_UNI   0x00002a    program     static D:\Archivos\Programacion\Microcontroladores\PIC\ASSEMBLER\MPASM\PIC16F887\27_DISPLAY_7SEG_KC\DISPLAY_CONTADOR.asm
                RECARGA3V   0x000060    program     static D:\Archivos\Programacion\Microcontroladores\PIC\ASSEMBLER\MPASM\PIC16F887\LIBRERIAS\RETARDOS.asm
                RECARGA60   0x00002b    program     static D:\Archivos\Programacion\Microcontroladores\PIC\ASSEMBLER\MPASM\PIC16F887\27_DISPLAY_7SEG_KC\DISPLAY_CONTADOR.asm
              RETARDO_8mS   0x000046    program     static D:\Archivos\Programacion\Microcontroladores\PIC\ASSEMBLER\MPASM\PIC16F887\27_DISPLAY_7SEG_KC\DISPLAY_CONTADOR.asm
                SIETE_SEG   0x000019    program     static D:\Archivos\Programacion\Microcontroladores\PIC\ASSEMBLER\MPASM\PIC16F887\27_DISPLAY_7SEG_KC\DISPLAY_CONTADOR.asm
                     ST1V   0x00004c    program     static D:\Archivos\Programacion\Microcontroladores\PIC\ASSEMBLER\MPASM\PIC16F887\LIBRERIAS\RETARDOS.asm
                     ST2V   0x000053    program     static D:\Archivos\Programacion\Microcontroladores\PIC\ASSEMBLER\MPASM\PIC16F887\LIBRERIAS\RETARDOS.asm
                     ST3V   0x00005e    program     static D:\Archivos\Programacion\Microcontroladores\PIC\ASSEMBLER\MPASM\PIC16F887\LIBRERIAS\RETARDOS.asm
                 SUBT25MS   0x00006d    program     static D:\Archivos\Programacion\Microcontroladores\PIC\ASSEMBLER\MPASM\PIC16F887\LIBRERIAS\RETARDOS.asm
               VISUALIZAR   0x00002d    program     static D:\Archivos\Programacion\Microcontroladores\PIC\ASSEMBLER\MPASM\PIC16F887\27_DISPLAY_7SEG_KC\DISPLAY_CONTADOR.asm



                              Symbols - Sorted by Address
                     Name    Address   Location    Storage File                     
                ---------  ---------  ---------  --------- ---------                
              DESCRIPCION   0x000000    program     static D:\Archivos\Programacion\Microcontroladores\PIC\ASSEMBLER\MPASM\PIC16F887\27_DISPLAY_7SEG_KC\DISPLAY_CONTADOR.asm
            CONFIGURACION   0x000001    program     static D:\Archivos\Programacion\Microcontroladores\PIC\ASSEMBLER\MPASM\PIC16F887\LIBRERIAS\PLANTILLA.ASM
                SIETE_SEG   0x000019    program     static D:\Archivos\Programacion\Microcontroladores\PIC\ASSEMBLER\MPASM\PIC16F887\27_DISPLAY_7SEG_KC\DISPLAY_CONTADOR.asm
               LIMPIA_DEC   0x000029    program     static D:\Archivos\Programacion\Microcontroladores\PIC\ASSEMBLER\MPASM\PIC16F887\27_DISPLAY_7SEG_KC\DISPLAY_CONTADOR.asm
               LIMPIA_UNI   0x00002a    program     static D:\Archivos\Programacion\Microcontroladores\PIC\ASSEMBLER\MPASM\PIC16F887\27_DISPLAY_7SEG_KC\DISPLAY_CONTADOR.asm
                RECARGA60   0x00002b    program     static D:\Archivos\Programacion\Microcontroladores\PIC\ASSEMBLER\MPASM\PIC16F887\27_DISPLAY_7SEG_KC\DISPLAY_CONTADOR.asm
               VISUALIZAR   0x00002d    program     static D:\Archivos\Programacion\Microcontroladores\PIC\ASSEMBLER\MPASM\PIC16F887\27_DISPLAY_7SEG_KC\DISPLAY_CONTADOR.asm
              RETARDO_8mS   0x000046    program     static D:\Archivos\Programacion\Microcontroladores\PIC\ASSEMBLER\MPASM\PIC16F887\27_DISPLAY_7SEG_KC\DISPLAY_CONTADOR.asm
                     ST1V   0x00004c    program     static D:\Archivos\Programacion\Microcontroladores\PIC\ASSEMBLER\MPASM\PIC16F887\LIBRERIAS\RETARDOS.asm
                     ST2V   0x000053    program     static D:\Archivos\Programacion\Microcontroladores\PIC\ASSEMBLER\MPASM\PIC16F887\LIBRERIAS\RETARDOS.asm
                  DECRE2V   0x000055    program     static D:\Archivos\Programacion\Microcontroladores\PIC\ASSEMBLER\MPASM\PIC16F887\LIBRERIAS\RETARDOS.asm
                     ST3V   0x00005e    program     static D:\Archivos\Programacion\Microcontroladores\PIC\ASSEMBLER\MPASM\PIC16F887\LIBRERIAS\RETARDOS.asm
                RECARGA3V   0x000060    program     static D:\Archivos\Programacion\Microcontroladores\PIC\ASSEMBLER\MPASM\PIC16F887\LIBRERIAS\RETARDOS.asm
                  DECRE3V   0x000062    program     static D:\Archivos\Programacion\Microcontroladores\PIC\ASSEMBLER\MPASM\PIC16F887\LIBRERIAS\RETARDOS.asm
                 SUBT25MS   0x00006d    program     static D:\Archivos\Programacion\Microcontroladores\PIC\ASSEMBLER\MPASM\PIC16F887\LIBRERIAS\RETARDOS.asm


