MPLINK 4.49, Linker
Linker Map File - Created Sat Apr 17 18:40:32 2021

                                 Section Info
                  Section       Type    Address   Location Size(Bytes)
                ---------  ---------  ---------  ---------  ---------
                   .org_0       code   0x000000    program   0x000000
                   .org_1       code   0x000000    program   0x000046
.config_2007_RETARDO_1MS.O       code   0x002007    program   0x000002
.config_2008_RETARDO_1MS.O       code   0x002008    program   0x000002



                              Program Memory Usage 
                               Start         End      
                           ---------   ---------      
                            0x000000    0x000022      
                            0x002007    0x002008      
            37 out of 8455 program addresses used, program memory utilization is 0%



                              Symbols - Sorted by Name
                     Name    Address   Location    Storage File                     
                ---------  ---------  ---------  --------- ---------                
            CONFIGURACION   0x000001    program     static D:\Archivos\Programacion\Microcontroladores\PIC\ASSEMBLER\MPASM\PIC16F887\00_PLANTILLA\PLANTILLA.ASM
                     LOOP   0x000017    program     static D:\Archivos\Programacion\Microcontroladores\PIC\ASSEMBLER\MPASM\PIC16F887\13_RETARDO_1VAR\RETARDO_1MS.asm
                      RET   0x00001c    program     static D:\Archivos\Programacion\Microcontroladores\PIC\ASSEMBLER\MPASM\PIC16F887\13_RETARDO_1VAR\RETARDO_1MS.asm
              RETARDO_1MS   0x00001a    program     static D:\Archivos\Programacion\Microcontroladores\PIC\ASSEMBLER\MPASM\PIC16F887\13_RETARDO_1VAR\RETARDO_1MS.asm



                              Symbols - Sorted by Address
                     Name    Address   Location    Storage File                     
                ---------  ---------  ---------  --------- ---------                
            CONFIGURACION   0x000001    program     static D:\Archivos\Programacion\Microcontroladores\PIC\ASSEMBLER\MPASM\PIC16F887\00_PLANTILLA\PLANTILLA.ASM
                     LOOP   0x000017    program     static D:\Archivos\Programacion\Microcontroladores\PIC\ASSEMBLER\MPASM\PIC16F887\13_RETARDO_1VAR\RETARDO_1MS.asm
              RETARDO_1MS   0x00001a    program     static D:\Archivos\Programacion\Microcontroladores\PIC\ASSEMBLER\MPASM\PIC16F887\13_RETARDO_1VAR\RETARDO_1MS.asm
                      RET   0x00001c    program     static D:\Archivos\Programacion\Microcontroladores\PIC\ASSEMBLER\MPASM\PIC16F887\13_RETARDO_1VAR\RETARDO_1MS.asm


