MPLINK 4.49, Linker
Linker Map File - Created Tue Apr 27 21:00:40 2021

                                 Section Info
                  Section       Type    Address   Location Size(Bytes)
                ---------  ---------  ---------  ---------  ---------
                   .org_0       code   0x000000    program   0x000000
                   .org_1       code   0x000000    program   0x000148
   .config_2007_SONIDOS.O       code   0x002007    program   0x000002
   .config_2008_SONIDOS.O       code   0x002008    program   0x000002



                              Program Memory Usage 
                               Start         End      
                           ---------   ---------      
                            0x000000    0x0000a3      
                            0x002007    0x002008      
            166 out of 8455 program addresses used, program memory utilization is 1%



                              Symbols - Sorted by Name
                     Name    Address   Location    Storage File                     
                ---------  ---------  ---------  --------- ---------                
            CONFIGURACION   0x000001    program     static D:\Archivos\Programacion\Microcontroladores\PIC\ASSEMBLER\MPASM\PIC16F887\LIBRERIAS\PLANTILLA.ASM
                  DECRE2V   0x00008c    program     static D:\Archivos\Programacion\Microcontroladores\PIC\ASSEMBLER\MPASM\PIC16F887\LIBRERIAS\RETARDOS.asm
                  DECRE3V   0x000099    program     static D:\Archivos\Programacion\Microcontroladores\PIC\ASSEMBLER\MPASM\PIC16F887\LIBRERIAS\RETARDOS.asm
                   INICIO   0x000017    program     static D:\Archivos\Programacion\Microcontroladores\PIC\ASSEMBLER\MPASM\PIC16F887\21_SONIDOS_2\SONIDOS.asm
                RECARGA3V   0x000097    program     static D:\Archivos\Programacion\Microcontroladores\PIC\ASSEMBLER\MPASM\PIC16F887\LIBRERIAS\RETARDOS.asm
                 SONIDO_1   0x00006c    program     static D:\Archivos\Programacion\Microcontroladores\PIC\ASSEMBLER\MPASM\PIC16F887\21_SONIDOS_2\SONIDOS.asm
                 SONIDO_2   0x00002c    program     static D:\Archivos\Programacion\Microcontroladores\PIC\ASSEMBLER\MPASM\PIC16F887\21_SONIDOS_2\SONIDOS.asm
                 SONIDO_3   0x000043    program     static D:\Archivos\Programacion\Microcontroladores\PIC\ASSEMBLER\MPASM\PIC16F887\21_SONIDOS_2\SONIDOS.asm
                 SONIDO_4   0x00005c    program     static D:\Archivos\Programacion\Microcontroladores\PIC\ASSEMBLER\MPASM\PIC16F887\21_SONIDOS_2\SONIDOS.asm
                     ST1V   0x000083    program     static D:\Archivos\Programacion\Microcontroladores\PIC\ASSEMBLER\MPASM\PIC16F887\LIBRERIAS\RETARDOS.asm
                     ST2V   0x00008a    program     static D:\Archivos\Programacion\Microcontroladores\PIC\ASSEMBLER\MPASM\PIC16F887\LIBRERIAS\RETARDOS.asm
                     ST3V   0x000095    program     static D:\Archivos\Programacion\Microcontroladores\PIC\ASSEMBLER\MPASM\PIC16F887\LIBRERIAS\RETARDOS.asm
                    T25MS   0x00007b    program     static D:\Archivos\Programacion\Microcontroladores\PIC\ASSEMBLER\MPASM\PIC16F887\21_SONIDOS_2\SONIDOS.asm



                              Symbols - Sorted by Address
                     Name    Address   Location    Storage File                     
                ---------  ---------  ---------  --------- ---------                
            CONFIGURACION   0x000001    program     static D:\Archivos\Programacion\Microcontroladores\PIC\ASSEMBLER\MPASM\PIC16F887\LIBRERIAS\PLANTILLA.ASM
                   INICIO   0x000017    program     static D:\Archivos\Programacion\Microcontroladores\PIC\ASSEMBLER\MPASM\PIC16F887\21_SONIDOS_2\SONIDOS.asm
                 SONIDO_2   0x00002c    program     static D:\Archivos\Programacion\Microcontroladores\PIC\ASSEMBLER\MPASM\PIC16F887\21_SONIDOS_2\SONIDOS.asm
                 SONIDO_3   0x000043    program     static D:\Archivos\Programacion\Microcontroladores\PIC\ASSEMBLER\MPASM\PIC16F887\21_SONIDOS_2\SONIDOS.asm
                 SONIDO_4   0x00005c    program     static D:\Archivos\Programacion\Microcontroladores\PIC\ASSEMBLER\MPASM\PIC16F887\21_SONIDOS_2\SONIDOS.asm
                 SONIDO_1   0x00006c    program     static D:\Archivos\Programacion\Microcontroladores\PIC\ASSEMBLER\MPASM\PIC16F887\21_SONIDOS_2\SONIDOS.asm
                    T25MS   0x00007b    program     static D:\Archivos\Programacion\Microcontroladores\PIC\ASSEMBLER\MPASM\PIC16F887\21_SONIDOS_2\SONIDOS.asm
                     ST1V   0x000083    program     static D:\Archivos\Programacion\Microcontroladores\PIC\ASSEMBLER\MPASM\PIC16F887\LIBRERIAS\RETARDOS.asm
                     ST2V   0x00008a    program     static D:\Archivos\Programacion\Microcontroladores\PIC\ASSEMBLER\MPASM\PIC16F887\LIBRERIAS\RETARDOS.asm
                  DECRE2V   0x00008c    program     static D:\Archivos\Programacion\Microcontroladores\PIC\ASSEMBLER\MPASM\PIC16F887\LIBRERIAS\RETARDOS.asm
                     ST3V   0x000095    program     static D:\Archivos\Programacion\Microcontroladores\PIC\ASSEMBLER\MPASM\PIC16F887\LIBRERIAS\RETARDOS.asm
                RECARGA3V   0x000097    program     static D:\Archivos\Programacion\Microcontroladores\PIC\ASSEMBLER\MPASM\PIC16F887\LIBRERIAS\RETARDOS.asm
                  DECRE3V   0x000099    program     static D:\Archivos\Programacion\Microcontroladores\PIC\ASSEMBLER\MPASM\PIC16F887\LIBRERIAS\RETARDOS.asm


