MPLINK 4.49, Linker
Linker Map File - Created Wed Apr 14 23:41:28 2021

                                 Section Info
                  Section       Type    Address   Location Size(Bytes)
                ---------  ---------  ---------  ---------  ---------
                   .org_0       code   0x000000    program   0x000000
                   .org_1       code   0x000000    program   0x000036
     .config_2007_RESTA.O       code   0x002007    program   0x000002
     .config_2008_RESTA.O       code   0x002008    program   0x000002



                              Program Memory Usage 
                               Start         End      
                           ---------   ---------      
                            0x000000    0x00001a      
                            0x002007    0x002008      
            29 out of 8455 program addresses used, program memory utilization is 0%



                              Symbols - Sorted by Name
                     Name    Address   Location    Storage File                     
                ---------  ---------  ---------  --------- ---------                
            CONFIGURACION   0x000001    program     static D:\Archivos\Programacion\Microcontroladores\PIC\ASSEMBLER\MPASM\PIC16F887\3_EJERCICIO_RESTA\RESTA.asm
                     LOOP   0x000015    program     static D:\Archivos\Programacion\Microcontroladores\PIC\ASSEMBLER\MPASM\PIC16F887\3_EJERCICIO_RESTA\RESTA.asm



                              Symbols - Sorted by Address
                     Name    Address   Location    Storage File                     
                ---------  ---------  ---------  --------- ---------                
            CONFIGURACION   0x000001    program     static D:\Archivos\Programacion\Microcontroladores\PIC\ASSEMBLER\MPASM\PIC16F887\3_EJERCICIO_RESTA\RESTA.asm
                     LOOP   0x000015    program     static D:\Archivos\Programacion\Microcontroladores\PIC\ASSEMBLER\MPASM\PIC16F887\3_EJERCICIO_RESTA\RESTA.asm


