MPLINK 4.49, Linker
Linker Map File - Created Wed May 12 12:14:01 2021

                                 Section Info
                  Section       Type    Address   Location Size(Bytes)
                ---------  ---------  ---------  ---------  ---------
                   .org_0       code   0x000000    program   0x000000
                   .org_1       code   0x000000    program   0x000134
.config_2007_MATRIZ_CARAS.O       code   0x002007    program   0x000002
.config_2008_MATRIZ_CARAS.O       code   0x002008    program   0x000002



                              Program Memory Usage 
                               Start         End      
                           ---------   ---------      
                            0x000000    0x000099      
                            0x002007    0x002008      
            156 out of 8455 program addresses used, program memory utilization is 1%



                              Symbols - Sorted by Name
                     Name    Address   Location    Storage File                     
                ---------  ---------  ---------  --------- ---------                
              ANIMACIONES   0x000036    program     static D:\Archivos\Programacion\Microcontroladores\PIC\ASSEMBLER\MPASM\PIC16F887\30_MATRIZ_CARAS\MATRIZ_CARAS.asm
              ANIMACION_0   0x00001b    program     static D:\Archivos\Programacion\Microcontroladores\PIC\ASSEMBLER\MPASM\PIC16F887\30_MATRIZ_CARAS\MATRIZ_CARAS.asm
              ANIMACION_1   0x000022    program     static D:\Archivos\Programacion\Microcontroladores\PIC\ASSEMBLER\MPASM\PIC16F887\30_MATRIZ_CARAS\MATRIZ_CARAS.asm
              ANIMACION_2   0x000029    program     static D:\Archivos\Programacion\Microcontroladores\PIC\ASSEMBLER\MPASM\PIC16F887\30_MATRIZ_CARAS\MATRIZ_CARAS.asm
              ANIMACION_3   0x000030    program     static D:\Archivos\Programacion\Microcontroladores\PIC\ASSEMBLER\MPASM\PIC16F887\30_MATRIZ_CARAS\MATRIZ_CARAS.asm
             ANIMACION__0   0x000058    program     static D:\Archivos\Programacion\Microcontroladores\PIC\ASSEMBLER\MPASM\PIC16F887\30_MATRIZ_CARAS\MATRIZ_CARAS.asm
             ANIMACION__1   0x000061    program     static D:\Archivos\Programacion\Microcontroladores\PIC\ASSEMBLER\MPASM\PIC16F887\30_MATRIZ_CARAS\MATRIZ_CARAS.asm
             ANIMACION__2   0x000069    program     static D:\Archivos\Programacion\Microcontroladores\PIC\ASSEMBLER\MPASM\PIC16F887\30_MATRIZ_CARAS\MATRIZ_CARAS.asm
             ANIMACION__3   0x000071    program     static D:\Archivos\Programacion\Microcontroladores\PIC\ASSEMBLER\MPASM\PIC16F887\30_MATRIZ_CARAS\MATRIZ_CARAS.asm
            CONFIGURACION   0x000001    program     static D:\Archivos\Programacion\Microcontroladores\PIC\ASSEMBLER\MPASM\PIC16F887\LIBRERIAS\PLANTILLA.ASM
                  DECRE2V   0x000082    program     static D:\Archivos\Programacion\Microcontroladores\PIC\ASSEMBLER\MPASM\PIC16F887\LIBRERIAS\RETARDOS.asm
                  DECRE3V   0x00008f    program     static D:\Archivos\Programacion\Microcontroladores\PIC\ASSEMBLER\MPASM\PIC16F887\LIBRERIAS\RETARDOS.asm
                RECARGA3V   0x00008d    program     static D:\Archivos\Programacion\Microcontroladores\PIC\ASSEMBLER\MPASM\PIC16F887\LIBRERIAS\RETARDOS.asm
     REINICIO_ANIMACIONES   0x000019    program     static D:\Archivos\Programacion\Microcontroladores\PIC\ASSEMBLER\MPASM\PIC16F887\30_MATRIZ_CARAS\MATRIZ_CARAS.asm
                RENGLONES   0x00004f    program     static D:\Archivos\Programacion\Microcontroladores\PIC\ASSEMBLER\MPASM\PIC16F887\30_MATRIZ_CARAS\MATRIZ_CARAS.asm
               SACA_DATOS   0x000039    program     static D:\Archivos\Programacion\Microcontroladores\PIC\ASSEMBLER\MPASM\PIC16F887\30_MATRIZ_CARAS\MATRIZ_CARAS.asm
                     ST1V   0x000079    program     static D:\Archivos\Programacion\Microcontroladores\PIC\ASSEMBLER\MPASM\PIC16F887\LIBRERIAS\RETARDOS.asm
                     ST2V   0x000080    program     static D:\Archivos\Programacion\Microcontroladores\PIC\ASSEMBLER\MPASM\PIC16F887\LIBRERIAS\RETARDOS.asm
                     ST3V   0x00008b    program     static D:\Archivos\Programacion\Microcontroladores\PIC\ASSEMBLER\MPASM\PIC16F887\LIBRERIAS\RETARDOS.asm
                 SUBT25MS   0x00009a    program     static D:\Archivos\Programacion\Microcontroladores\PIC\ASSEMBLER\MPASM\PIC16F887\LIBRERIAS\RETARDOS.asm



                              Symbols - Sorted by Address
                     Name    Address   Location    Storage File                     
                ---------  ---------  ---------  --------- ---------                
            CONFIGURACION   0x000001    program     static D:\Archivos\Programacion\Microcontroladores\PIC\ASSEMBLER\MPASM\PIC16F887\LIBRERIAS\PLANTILLA.ASM
     REINICIO_ANIMACIONES   0x000019    program     static D:\Archivos\Programacion\Microcontroladores\PIC\ASSEMBLER\MPASM\PIC16F887\30_MATRIZ_CARAS\MATRIZ_CARAS.asm
              ANIMACION_0   0x00001b    program     static D:\Archivos\Programacion\Microcontroladores\PIC\ASSEMBLER\MPASM\PIC16F887\30_MATRIZ_CARAS\MATRIZ_CARAS.asm
              ANIMACION_1   0x000022    program     static D:\Archivos\Programacion\Microcontroladores\PIC\ASSEMBLER\MPASM\PIC16F887\30_MATRIZ_CARAS\MATRIZ_CARAS.asm
              ANIMACION_2   0x000029    program     static D:\Archivos\Programacion\Microcontroladores\PIC\ASSEMBLER\MPASM\PIC16F887\30_MATRIZ_CARAS\MATRIZ_CARAS.asm
              ANIMACION_3   0x000030    program     static D:\Archivos\Programacion\Microcontroladores\PIC\ASSEMBLER\MPASM\PIC16F887\30_MATRIZ_CARAS\MATRIZ_CARAS.asm
              ANIMACIONES   0x000036    program     static D:\Archivos\Programacion\Microcontroladores\PIC\ASSEMBLER\MPASM\PIC16F887\30_MATRIZ_CARAS\MATRIZ_CARAS.asm
               SACA_DATOS   0x000039    program     static D:\Archivos\Programacion\Microcontroladores\PIC\ASSEMBLER\MPASM\PIC16F887\30_MATRIZ_CARAS\MATRIZ_CARAS.asm
                RENGLONES   0x00004f    program     static D:\Archivos\Programacion\Microcontroladores\PIC\ASSEMBLER\MPASM\PIC16F887\30_MATRIZ_CARAS\MATRIZ_CARAS.asm
             ANIMACION__0   0x000058    program     static D:\Archivos\Programacion\Microcontroladores\PIC\ASSEMBLER\MPASM\PIC16F887\30_MATRIZ_CARAS\MATRIZ_CARAS.asm
             ANIMACION__1   0x000061    program     static D:\Archivos\Programacion\Microcontroladores\PIC\ASSEMBLER\MPASM\PIC16F887\30_MATRIZ_CARAS\MATRIZ_CARAS.asm
             ANIMACION__2   0x000069    program     static D:\Archivos\Programacion\Microcontroladores\PIC\ASSEMBLER\MPASM\PIC16F887\30_MATRIZ_CARAS\MATRIZ_CARAS.asm
             ANIMACION__3   0x000071    program     static D:\Archivos\Programacion\Microcontroladores\PIC\ASSEMBLER\MPASM\PIC16F887\30_MATRIZ_CARAS\MATRIZ_CARAS.asm
                     ST1V   0x000079    program     static D:\Archivos\Programacion\Microcontroladores\PIC\ASSEMBLER\MPASM\PIC16F887\LIBRERIAS\RETARDOS.asm
                     ST2V   0x000080    program     static D:\Archivos\Programacion\Microcontroladores\PIC\ASSEMBLER\MPASM\PIC16F887\LIBRERIAS\RETARDOS.asm
                  DECRE2V   0x000082    program     static D:\Archivos\Programacion\Microcontroladores\PIC\ASSEMBLER\MPASM\PIC16F887\LIBRERIAS\RETARDOS.asm
                     ST3V   0x00008b    program     static D:\Archivos\Programacion\Microcontroladores\PIC\ASSEMBLER\MPASM\PIC16F887\LIBRERIAS\RETARDOS.asm
                RECARGA3V   0x00008d    program     static D:\Archivos\Programacion\Microcontroladores\PIC\ASSEMBLER\MPASM\PIC16F887\LIBRERIAS\RETARDOS.asm
                  DECRE3V   0x00008f    program     static D:\Archivos\Programacion\Microcontroladores\PIC\ASSEMBLER\MPASM\PIC16F887\LIBRERIAS\RETARDOS.asm
                 SUBT25MS   0x00009a    program     static D:\Archivos\Programacion\Microcontroladores\PIC\ASSEMBLER\MPASM\PIC16F887\LIBRERIAS\RETARDOS.asm


