MPLINK 4.49, Linker
Linker Map File - Created Sun Feb 13 18:14:38 2022

                                 Section Info
                  Section       Type    Address   Location Size(Bytes)
                ---------  ---------  ---------  ---------  ---------
                   .org_0       code   0x000000    program   0x000000
                   .org_1       code   0x000000    program   0x000002
                   .org_2       code   0x000004    program   0x0003a4
.config_2007_TECLADO_MATRICIAL.O       code   0x002007    program   0x000002
.config_2008_TECLADO_MATRICIAL.O       code   0x002008    program   0x000002



                              Program Memory Usage 
                               Start         End      
                           ---------   ---------      
                            0x000000    0x000000      
                            0x000004    0x0001d5      
                            0x002007    0x002008      
            469 out of 8455 program addresses used, program memory utilization is 5%



                              Symbols - Sorted by Name
                     Name    Address   Location    Storage File                     
                ---------  ---------  ---------  --------- ---------                
                 ACTIVA_E   0x0001b5    program     static D:\Archivos\Programacion\Microcontroladores\PIC\ASSEMBLER\MPASM\PIC16F887\LIBRERIAS\LIBRERIA_LCD.asm
            BIN_A_DECIMAL   0x0000f8    program     static D:\Archivos\Programacion\Microcontroladores\PIC\ASSEMBLER\MPASM\PIC16F887\37_TECLADO_MATRICIAL\TECLADO_MATRICIAL.asm
              BUSCA_TECLA   0x0000c1    program     static D:\Archivos\Programacion\Microcontroladores\PIC\ASSEMBLER\MPASM\PIC16F887\37_TECLADO_MATRICIAL\TECLADO_MATRICIAL.asm
                 CLR_FLAG   0x0000ae    program     static D:\Archivos\Programacion\Microcontroladores\PIC\ASSEMBLER\MPASM\PIC16F887\37_TECLADO_MATRICIAL\TECLADO_MATRICIAL.asm
                  DECRE2V   0x000153    program     static D:\Archivos\Programacion\Microcontroladores\PIC\ASSEMBLER\MPASM\PIC16F887\LIBRERIAS\LIBRERIA_RETARDOS.asm
                  DECRE3V   0x000160    program     static D:\Archivos\Programacion\Microcontroladores\PIC\ASSEMBLER\MPASM\PIC16F887\LIBRERIAS\LIBRERIA_RETARDOS.asm
          DIRECCION_DDRAM   0x000194    program     static D:\Archivos\Programacion\Microcontroladores\PIC\ASSEMBLER\MPASM\PIC16F887\LIBRERIAS\LIBRERIA_LCD.asm
               ENTRY_MODE   0x000182    program     static D:\Archivos\Programacion\Microcontroladores\PIC\ASSEMBLER\MPASM\PIC16F887\LIBRERIAS\LIBRERIA_LCD.asm
             ESCRIBE_DATO   0x0001a2    program     static D:\Archivos\Programacion\Microcontroladores\PIC\ASSEMBLER\MPASM\PIC16F887\LIBRERIAS\LIBRERIA_LCD.asm
                  FIN_INT   0x0000df    program     static D:\Archivos\Programacion\Microcontroladores\PIC\ASSEMBLER\MPASM\PIC16F887\37_TECLADO_MATRICIAL\TECLADO_MATRICIAL.asm
             FUNCTION_SET   0x00017c    program     static D:\Archivos\Programacion\Microcontroladores\PIC\ASSEMBLER\MPASM\PIC16F887\LIBRERIAS\LIBRERIA_LCD.asm
                     HOME   0x00018a    program     static D:\Archivos\Programacion\Microcontroladores\PIC\ASSEMBLER\MPASM\PIC16F887\LIBRERIAS\LIBRERIA_LCD.asm
         IMPRIME_CARACTER   0x000196    program     static D:\Archivos\Programacion\Microcontroladores\PIC\ASSEMBLER\MPASM\PIC16F887\LIBRERIAS\LIBRERIA_LCD.asm
          IMPRIME_DECIMAL   0x000112    program     static D:\Archivos\Programacion\Microcontroladores\PIC\ASSEMBLER\MPASM\PIC16F887\37_TECLADO_MATRICIAL\TECLADO_MATRICIAL.asm
            IMPRIME_TECLA   0x0000ce    program     static D:\Archivos\Programacion\Microcontroladores\PIC\ASSEMBLER\MPASM\PIC16F887\37_TECLADO_MATRICIAL\TECLADO_MATRICIAL.asm
               INICIALIZA   0x000052    program     static D:\Archivos\Programacion\Microcontroladores\PIC\ASSEMBLER\MPASM\PIC16F887\37_TECLADO_MATRICIAL\TECLADO_MATRICIAL.asm
                 INIT_LCD   0x00016b    program     static D:\Archivos\Programacion\Microcontroladores\PIC\ASSEMBLER\MPASM\PIC16F887\LIBRERIAS\LIBRERIA_LCD.asm
            INT_ON_CHANGE   0x0000b2    program     static D:\Archivos\Programacion\Microcontroladores\PIC\ASSEMBLER\MPASM\PIC16F887\37_TECLADO_MATRICIAL\TECLADO_MATRICIAL.asm
                      ISR   0x0000a1    program     static D:\Archivos\Programacion\Microcontroladores\PIC\ASSEMBLER\MPASM\PIC16F887\37_TECLADO_MATRICIAL\TECLADO_MATRICIAL.asm
                LCD_FILA1   0x000030    program     static D:\Archivos\Programacion\Microcontroladores\PIC\ASSEMBLER\MPASM\PIC16F887\37_TECLADO_MATRICIAL\TECLADO_MATRICIAL.asm
                LCD_FILA2   0x000041    program     static D:\Archivos\Programacion\Microcontroladores\PIC\ASSEMBLER\MPASM\PIC16F887\37_TECLADO_MATRICIAL\TECLADO_MATRICIAL.asm
                  LCD_OFF   0x00017e    program     static D:\Archivos\Programacion\Microcontroladores\PIC\ASSEMBLER\MPASM\PIC16F887\LIBRERIAS\LIBRERIA_LCD.asm
                   LCD_ON   0x000184    program     static D:\Archivos\Programacion\Microcontroladores\PIC\ASSEMBLER\MPASM\PIC16F887\LIBRERIAS\LIBRERIA_LCD.asm
            LCD_ON_CURSOR   0x000186    program     static D:\Archivos\Programacion\Microcontroladores\PIC\ASSEMBLER\MPASM\PIC16F887\LIBRERIAS\LIBRERIA_LCD.asm
        LCD_ON_CURS_BLINK   0x000188    program     static D:\Archivos\Programacion\Microcontroladores\PIC\ASSEMBLER\MPASM\PIC16F887\LIBRERIAS\LIBRERIA_LCD.asm
               LIMPIA_DEC   0x000084    program     static D:\Archivos\Programacion\Microcontroladores\PIC\ASSEMBLER\MPASM\PIC16F887\37_TECLADO_MATRICIAL\TECLADO_MATRICIAL.asm
               LIMPIA_LCD   0x000180    program     static D:\Archivos\Programacion\Microcontroladores\PIC\ASSEMBLER\MPASM\PIC16F887\LIBRERIAS\LIBRERIA_LCD.asm
               LIMPIA_UNI   0x000085    program     static D:\Archivos\Programacion\Microcontroladores\PIC\ASSEMBLER\MPASM\PIC16F887\37_TECLADO_MATRICIAL\TECLADO_MATRICIAL.asm
            MENSAJE_FILA1   0x0001c2    program     static D:\Archivos\Programacion\Microcontroladores\PIC\ASSEMBLER\MPASM\PIC16F887\LIBRERIAS\LIBRERIA_LCD.asm
            MENSAJE_FILA2   0x0001cc    program     static D:\Archivos\Programacion\Microcontroladores\PIC\ASSEMBLER\MPASM\PIC16F887\LIBRERIAS\LIBRERIA_LCD.asm
               MINISALUDO   0x0001ac    program     static D:\Archivos\Programacion\Microcontroladores\PIC\ASSEMBLER\MPASM\PIC16F887\LIBRERIAS\LIBRERIA_LCD.asm
                RECARGA3V   0x00015e    program     static D:\Archivos\Programacion\Microcontroladores\PIC\ASSEMBLER\MPASM\PIC16F887\LIBRERIAS\LIBRERIA_RETARDOS.asm
                RECARGA60   0x000086    program     static D:\Archivos\Programacion\Microcontroladores\PIC\ASSEMBLER\MPASM\PIC16F887\37_TECLADO_MATRICIAL\TECLADO_MATRICIAL.asm
          RECORRE_DER_CUR   0x000190    program     static D:\Archivos\Programacion\Microcontroladores\PIC\ASSEMBLER\MPASM\PIC16F887\LIBRERIAS\LIBRERIA_LCD.asm
          RECORRE_DER_LCD   0x00018c    program     static D:\Archivos\Programacion\Microcontroladores\PIC\ASSEMBLER\MPASM\PIC16F887\LIBRERIAS\LIBRERIA_LCD.asm
          RECORRE_IZQ_CUR   0x000192    program     static D:\Archivos\Programacion\Microcontroladores\PIC\ASSEMBLER\MPASM\PIC16F887\LIBRERIAS\LIBRERIA_LCD.asm
          RECORRE_IZQ_LCD   0x00018e    program     static D:\Archivos\Programacion\Microcontroladores\PIC\ASSEMBLER\MPASM\PIC16F887\LIBRERIAS\LIBRERIA_LCD.asm
                  RESTA10   0x000103    program     static D:\Archivos\Programacion\Microcontroladores\PIC\ASSEMBLER\MPASM\PIC16F887\37_TECLADO_MATRICIAL\TECLADO_MATRICIAL.asm
                 RESTA100   0x0000fb    program     static D:\Archivos\Programacion\Microcontroladores\PIC\ASSEMBLER\MPASM\PIC16F887\37_TECLADO_MATRICIAL\TECLADO_MATRICIAL.asm
              RETARDO_8mS   0x000121    program     static D:\Archivos\Programacion\Microcontroladores\PIC\ASSEMBLER\MPASM\PIC16F887\37_TECLADO_MATRICIAL\TECLADO_MATRICIAL.asm
                SIETE_SEG   0x00001f    program     static D:\Archivos\Programacion\Microcontroladores\PIC\ASSEMBLER\MPASM\PIC16F887\37_TECLADO_MATRICIAL\TECLADO_MATRICIAL.asm
                     ST1V   0x00014a    program     static D:\Archivos\Programacion\Microcontroladores\PIC\ASSEMBLER\MPASM\PIC16F887\LIBRERIAS\LIBRERIA_RETARDOS.asm
                     ST2V   0x000151    program     static D:\Archivos\Programacion\Microcontroladores\PIC\ASSEMBLER\MPASM\PIC16F887\LIBRERIAS\LIBRERIA_RETARDOS.asm
                     ST3V   0x00015c    program     static D:\Archivos\Programacion\Microcontroladores\PIC\ASSEMBLER\MPASM\PIC16F887\LIBRERIAS\LIBRERIA_RETARDOS.asm
                 SUBT25MS   0x000119    program     static D:\Archivos\Programacion\Microcontroladores\PIC\ASSEMBLER\MPASM\PIC16F887\37_TECLADO_MATRICIAL\TECLADO_MATRICIAL.asm
                   SUMA10   0x000109    program     static D:\Archivos\Programacion\Microcontroladores\PIC\ASSEMBLER\MPASM\PIC16F887\37_TECLADO_MATRICIAL\TECLADO_MATRICIAL.asm
                  SUMA100   0x000101    program     static D:\Archivos\Programacion\Microcontroladores\PIC\ASSEMBLER\MPASM\PIC16F887\37_TECLADO_MATRICIAL\TECLADO_MATRICIAL.asm
                   TABLA1   0x0001c3    program     static D:\Archivos\Programacion\Microcontroladores\PIC\ASSEMBLER\MPASM\PIC16F887\LIBRERIAS\LIBRERIA_LCD.asm
                   TABLA2   0x0001cd    program     static D:\Archivos\Programacion\Microcontroladores\PIC\ASSEMBLER\MPASM\PIC16F887\LIBRERIAS\LIBRERIA_LCD.asm
          TABLA_HEX_ASCII   0x000138    program     static D:\Archivos\Programacion\Microcontroladores\PIC\ASSEMBLER\MPASM\PIC16F887\37_TECLADO_MATRICIAL\TECLADO_MATRICIAL.asm
                TABLA_LCD   0x00002f    program     static D:\Archivos\Programacion\Microcontroladores\PIC\ASSEMBLER\MPASM\PIC16F887\37_TECLADO_MATRICIAL\TECLADO_MATRICIAL.asm
               TABLA_TECL   0x000127    program     static D:\Archivos\Programacion\Microcontroladores\PIC\ASSEMBLER\MPASM\PIC16F887\37_TECLADO_MATRICIAL\TECLADO_MATRICIAL.asm
               VISUALIZAR   0x000088    program     static D:\Archivos\Programacion\Microcontroladores\PIC\ASSEMBLER\MPASM\PIC16F887\37_TECLADO_MATRICIAL\TECLADO_MATRICIAL.asm



                              Symbols - Sorted by Address
                     Name    Address   Location    Storage File                     
                ---------  ---------  ---------  --------- ---------                
                SIETE_SEG   0x00001f    program     static D:\Archivos\Programacion\Microcontroladores\PIC\ASSEMBLER\MPASM\PIC16F887\37_TECLADO_MATRICIAL\TECLADO_MATRICIAL.asm
                TABLA_LCD   0x00002f    program     static D:\Archivos\Programacion\Microcontroladores\PIC\ASSEMBLER\MPASM\PIC16F887\37_TECLADO_MATRICIAL\TECLADO_MATRICIAL.asm
                LCD_FILA1   0x000030    program     static D:\Archivos\Programacion\Microcontroladores\PIC\ASSEMBLER\MPASM\PIC16F887\37_TECLADO_MATRICIAL\TECLADO_MATRICIAL.asm
                LCD_FILA2   0x000041    program     static D:\Archivos\Programacion\Microcontroladores\PIC\ASSEMBLER\MPASM\PIC16F887\37_TECLADO_MATRICIAL\TECLADO_MATRICIAL.asm
               INICIALIZA   0x000052    program     static D:\Archivos\Programacion\Microcontroladores\PIC\ASSEMBLER\MPASM\PIC16F887\37_TECLADO_MATRICIAL\TECLADO_MATRICIAL.asm
               LIMPIA_DEC   0x000084    program     static D:\Archivos\Programacion\Microcontroladores\PIC\ASSEMBLER\MPASM\PIC16F887\37_TECLADO_MATRICIAL\TECLADO_MATRICIAL.asm
               LIMPIA_UNI   0x000085    program     static D:\Archivos\Programacion\Microcontroladores\PIC\ASSEMBLER\MPASM\PIC16F887\37_TECLADO_MATRICIAL\TECLADO_MATRICIAL.asm
                RECARGA60   0x000086    program     static D:\Archivos\Programacion\Microcontroladores\PIC\ASSEMBLER\MPASM\PIC16F887\37_TECLADO_MATRICIAL\TECLADO_MATRICIAL.asm
               VISUALIZAR   0x000088    program     static D:\Archivos\Programacion\Microcontroladores\PIC\ASSEMBLER\MPASM\PIC16F887\37_TECLADO_MATRICIAL\TECLADO_MATRICIAL.asm
                      ISR   0x0000a1    program     static D:\Archivos\Programacion\Microcontroladores\PIC\ASSEMBLER\MPASM\PIC16F887\37_TECLADO_MATRICIAL\TECLADO_MATRICIAL.asm
                 CLR_FLAG   0x0000ae    program     static D:\Archivos\Programacion\Microcontroladores\PIC\ASSEMBLER\MPASM\PIC16F887\37_TECLADO_MATRICIAL\TECLADO_MATRICIAL.asm
            INT_ON_CHANGE   0x0000b2    program     static D:\Archivos\Programacion\Microcontroladores\PIC\ASSEMBLER\MPASM\PIC16F887\37_TECLADO_MATRICIAL\TECLADO_MATRICIAL.asm
              BUSCA_TECLA   0x0000c1    program     static D:\Archivos\Programacion\Microcontroladores\PIC\ASSEMBLER\MPASM\PIC16F887\37_TECLADO_MATRICIAL\TECLADO_MATRICIAL.asm
            IMPRIME_TECLA   0x0000ce    program     static D:\Archivos\Programacion\Microcontroladores\PIC\ASSEMBLER\MPASM\PIC16F887\37_TECLADO_MATRICIAL\TECLADO_MATRICIAL.asm
                  FIN_INT   0x0000df    program     static D:\Archivos\Programacion\Microcontroladores\PIC\ASSEMBLER\MPASM\PIC16F887\37_TECLADO_MATRICIAL\TECLADO_MATRICIAL.asm
            BIN_A_DECIMAL   0x0000f8    program     static D:\Archivos\Programacion\Microcontroladores\PIC\ASSEMBLER\MPASM\PIC16F887\37_TECLADO_MATRICIAL\TECLADO_MATRICIAL.asm
                 RESTA100   0x0000fb    program     static D:\Archivos\Programacion\Microcontroladores\PIC\ASSEMBLER\MPASM\PIC16F887\37_TECLADO_MATRICIAL\TECLADO_MATRICIAL.asm
                  SUMA100   0x000101    program     static D:\Archivos\Programacion\Microcontroladores\PIC\ASSEMBLER\MPASM\PIC16F887\37_TECLADO_MATRICIAL\TECLADO_MATRICIAL.asm
                  RESTA10   0x000103    program     static D:\Archivos\Programacion\Microcontroladores\PIC\ASSEMBLER\MPASM\PIC16F887\37_TECLADO_MATRICIAL\TECLADO_MATRICIAL.asm
                   SUMA10   0x000109    program     static D:\Archivos\Programacion\Microcontroladores\PIC\ASSEMBLER\MPASM\PIC16F887\37_TECLADO_MATRICIAL\TECLADO_MATRICIAL.asm
          IMPRIME_DECIMAL   0x000112    program     static D:\Archivos\Programacion\Microcontroladores\PIC\ASSEMBLER\MPASM\PIC16F887\37_TECLADO_MATRICIAL\TECLADO_MATRICIAL.asm
                 SUBT25MS   0x000119    program     static D:\Archivos\Programacion\Microcontroladores\PIC\ASSEMBLER\MPASM\PIC16F887\37_TECLADO_MATRICIAL\TECLADO_MATRICIAL.asm
              RETARDO_8mS   0x000121    program     static D:\Archivos\Programacion\Microcontroladores\PIC\ASSEMBLER\MPASM\PIC16F887\37_TECLADO_MATRICIAL\TECLADO_MATRICIAL.asm
               TABLA_TECL   0x000127    program     static D:\Archivos\Programacion\Microcontroladores\PIC\ASSEMBLER\MPASM\PIC16F887\37_TECLADO_MATRICIAL\TECLADO_MATRICIAL.asm
          TABLA_HEX_ASCII   0x000138    program     static D:\Archivos\Programacion\Microcontroladores\PIC\ASSEMBLER\MPASM\PIC16F887\37_TECLADO_MATRICIAL\TECLADO_MATRICIAL.asm
                     ST1V   0x00014a    program     static D:\Archivos\Programacion\Microcontroladores\PIC\ASSEMBLER\MPASM\PIC16F887\LIBRERIAS\LIBRERIA_RETARDOS.asm
                     ST2V   0x000151    program     static D:\Archivos\Programacion\Microcontroladores\PIC\ASSEMBLER\MPASM\PIC16F887\LIBRERIAS\LIBRERIA_RETARDOS.asm
                  DECRE2V   0x000153    program     static D:\Archivos\Programacion\Microcontroladores\PIC\ASSEMBLER\MPASM\PIC16F887\LIBRERIAS\LIBRERIA_RETARDOS.asm
                     ST3V   0x00015c    program     static D:\Archivos\Programacion\Microcontroladores\PIC\ASSEMBLER\MPASM\PIC16F887\LIBRERIAS\LIBRERIA_RETARDOS.asm
                RECARGA3V   0x00015e    program     static D:\Archivos\Programacion\Microcontroladores\PIC\ASSEMBLER\MPASM\PIC16F887\LIBRERIAS\LIBRERIA_RETARDOS.asm
                  DECRE3V   0x000160    program     static D:\Archivos\Programacion\Microcontroladores\PIC\ASSEMBLER\MPASM\PIC16F887\LIBRERIAS\LIBRERIA_RETARDOS.asm
                 INIT_LCD   0x00016b    program     static D:\Archivos\Programacion\Microcontroladores\PIC\ASSEMBLER\MPASM\PIC16F887\LIBRERIAS\LIBRERIA_LCD.asm
             FUNCTION_SET   0x00017c    program     static D:\Archivos\Programacion\Microcontroladores\PIC\ASSEMBLER\MPASM\PIC16F887\LIBRERIAS\LIBRERIA_LCD.asm
                  LCD_OFF   0x00017e    program     static D:\Archivos\Programacion\Microcontroladores\PIC\ASSEMBLER\MPASM\PIC16F887\LIBRERIAS\LIBRERIA_LCD.asm
               LIMPIA_LCD   0x000180    program     static D:\Archivos\Programacion\Microcontroladores\PIC\ASSEMBLER\MPASM\PIC16F887\LIBRERIAS\LIBRERIA_LCD.asm
               ENTRY_MODE   0x000182    program     static D:\Archivos\Programacion\Microcontroladores\PIC\ASSEMBLER\MPASM\PIC16F887\LIBRERIAS\LIBRERIA_LCD.asm
                   LCD_ON   0x000184    program     static D:\Archivos\Programacion\Microcontroladores\PIC\ASSEMBLER\MPASM\PIC16F887\LIBRERIAS\LIBRERIA_LCD.asm
            LCD_ON_CURSOR   0x000186    program     static D:\Archivos\Programacion\Microcontroladores\PIC\ASSEMBLER\MPASM\PIC16F887\LIBRERIAS\LIBRERIA_LCD.asm
        LCD_ON_CURS_BLINK   0x000188    program     static D:\Archivos\Programacion\Microcontroladores\PIC\ASSEMBLER\MPASM\PIC16F887\LIBRERIAS\LIBRERIA_LCD.asm
                     HOME   0x00018a    program     static D:\Archivos\Programacion\Microcontroladores\PIC\ASSEMBLER\MPASM\PIC16F887\LIBRERIAS\LIBRERIA_LCD.asm
          RECORRE_DER_LCD   0x00018c    program     static D:\Archivos\Programacion\Microcontroladores\PIC\ASSEMBLER\MPASM\PIC16F887\LIBRERIAS\LIBRERIA_LCD.asm
          RECORRE_IZQ_LCD   0x00018e    program     static D:\Archivos\Programacion\Microcontroladores\PIC\ASSEMBLER\MPASM\PIC16F887\LIBRERIAS\LIBRERIA_LCD.asm
          RECORRE_DER_CUR   0x000190    program     static D:\Archivos\Programacion\Microcontroladores\PIC\ASSEMBLER\MPASM\PIC16F887\LIBRERIAS\LIBRERIA_LCD.asm
          RECORRE_IZQ_CUR   0x000192    program     static D:\Archivos\Programacion\Microcontroladores\PIC\ASSEMBLER\MPASM\PIC16F887\LIBRERIAS\LIBRERIA_LCD.asm
          DIRECCION_DDRAM   0x000194    program     static D:\Archivos\Programacion\Microcontroladores\PIC\ASSEMBLER\MPASM\PIC16F887\LIBRERIAS\LIBRERIA_LCD.asm
         IMPRIME_CARACTER   0x000196    program     static D:\Archivos\Programacion\Microcontroladores\PIC\ASSEMBLER\MPASM\PIC16F887\LIBRERIAS\LIBRERIA_LCD.asm
             ESCRIBE_DATO   0x0001a2    program     static D:\Archivos\Programacion\Microcontroladores\PIC\ASSEMBLER\MPASM\PIC16F887\LIBRERIAS\LIBRERIA_LCD.asm
               MINISALUDO   0x0001ac    program     static D:\Archivos\Programacion\Microcontroladores\PIC\ASSEMBLER\MPASM\PIC16F887\LIBRERIAS\LIBRERIA_LCD.asm
                 ACTIVA_E   0x0001b5    program     static D:\Archivos\Programacion\Microcontroladores\PIC\ASSEMBLER\MPASM\PIC16F887\LIBRERIAS\LIBRERIA_LCD.asm
            MENSAJE_FILA1   0x0001c2    program     static D:\Archivos\Programacion\Microcontroladores\PIC\ASSEMBLER\MPASM\PIC16F887\LIBRERIAS\LIBRERIA_LCD.asm
                   TABLA1   0x0001c3    program     static D:\Archivos\Programacion\Microcontroladores\PIC\ASSEMBLER\MPASM\PIC16F887\LIBRERIAS\LIBRERIA_LCD.asm
            MENSAJE_FILA2   0x0001cc    program     static D:\Archivos\Programacion\Microcontroladores\PIC\ASSEMBLER\MPASM\PIC16F887\LIBRERIAS\LIBRERIA_LCD.asm
                   TABLA2   0x0001cd    program     static D:\Archivos\Programacion\Microcontroladores\PIC\ASSEMBLER\MPASM\PIC16F887\LIBRERIAS\LIBRERIA_LCD.asm


